{"logTime": "0911/164716", "correlationVector":"RstRd7kzapzhxbOba5BiH6.3","action":"GetUpdates Response", "result":"Success", "context":Received 250 update(s). cV=RstRd7kzapzhxbOba5BiH6.0;server=akswtt00300002i;cloudType=Consumer;environment=Prod_southeastasia_prod-s01-064-apac-southeastasia;migrationStage=NotStarted Some updates remain.}
{"logTime": "0911/164716", "correlationVector":"U5LLVg47asFnoIv9l6ajN3","action":"Initial GetUpdates", "result":"", "context":Reason: NEWLY_SUPPORTED_DATATYPE. cV=U5LLVg47asFnoIv9l6ajN3}
{"logTime": "0911/164717", "correlationVector":"U5LLVg47asFnoIv9l6ajN3.1","action":"SyncServerConnectionManagerRequest", "result":"SYNC_SERVER_OK", "context":{"environment":"Prod_southeastasia_prod-s01-064-apac-southeastasia", "migrationStage":"NotStarted", "server":"akswtt00300002y"}}
{"logTime": "0911/164717", "correlationVector":"U5LLVg47asFnoIv9l6ajN3.2","action":"ProcessGetUpdates", "result":"Done", "context":{"dataType":"History", "deleted":"0", "process_failed_to_decrypt":"0", "process_pending_decryption":"0", "process_success":"250", "total":"250"}}
{"logTime": "0911/164717", "correlationVector":"U5LLVg47asFnoIv9l6ajN3.3","action":"GetUpdates Response", "result":"Success", "context":Received 250 update(s). cV=U5LLVg47asFnoIv9l6ajN3.0;server=akswtt00300002y;cloudType=Consumer;environment=Prod_southeastasia_prod-s01-064-apac-southeastasia;migrationStage=NotStarted Some updates remain.}
{"logTime": "0911/164717", "correlationVector":"vP9gEwDD/AFavHbn8ql1AJ","action":"Initial GetUpdates", "result":"", "context":Reason: NEWLY_SUPPORTED_DATATYPE. cV=vP9gEwDD/AFavHbn8ql1AJ}
{"logTime": "0911/164718", "correlationVector":"vP9gEwDD/AFavHbn8ql1AJ.1","action":"SyncServerConnectionManagerRequest", "result":"SYNC_SERVER_OK", "context":{"environment":"Prod_southeastasia_prod-s01-064-apac-southeastasia", "migrationStage":"NotStarted", "server":"akswtt00300002f"}}
{"logTime": "0911/164718", "correlationVector":"vP9gEwDD/AFavHbn8ql1AJ.2","action":"ProcessGetUpdates", "result":"Done", "context":{"dataType":"History", "deleted":"0", "process_failed_to_decrypt":"0", "process_pending_decryption":"0", "process_success":"250", "total":"250"}}
{"logTime": "0911/164718", "correlationVector":"vP9gEwDD/AFavHbn8ql1AJ.3","action":"GetUpdates Response", "result":"Success", "context":Received 250 update(s). cV=vP9gEwDD/AFavHbn8ql1AJ.0;server=akswtt00300002f;cloudType=Consumer;environment=Prod_southeastasia_prod-s01-064-apac-southeastasia;migrationStage=NotStarted Some updates remain.}
{"logTime": "0911/164718", "correlationVector":"WyB97W2vJvxNj0U1X/rCN8","action":"Initial GetUpdates", "result":"", "context":Reason: NEWLY_SUPPORTED_DATATYPE. cV=WyB97W2vJvxNj0U1X/rCN8}
{"logTime": "0911/164720", "correlationVector":"WyB97W2vJvxNj0U1X/rCN8.1","action":"SyncServerConnectionManagerRequest", "result":"SYNC_SERVER_OK", "context":{"environment":"Prod_southeastasia_prod-s01-064-apac-southeastasia", "migrationStage":"NotStarted", "server":"akswtt00300002h"}}
{"logTime": "0911/164720", "correlationVector":"WyB97W2vJvxNj0U1X/rCN8.2","action":"ProcessGetUpdates", "result":"Done", "context":{"dataType":"History", "deleted":"0", "process_failed_to_decrypt":"0", "process_pending_decryption":"0", "process_success":"250", "total":"250"}}
{"logTime": "0911/164720", "correlationVector":"WyB97W2vJvxNj0U1X/rCN8.3","action":"GetUpdates Response", "result":"Success", "context":Received 250 update(s). cV=WyB97W2vJvxNj0U1X/rCN8.0;server=akswtt00300002h;cloudType=Consumer;environment=Prod_southeastasia_prod-s01-064-apac-southeastasia;migrationStage=NotStarted Some updates remain.}
{"logTime": "0911/164720", "correlationVector":"Eovpl3VXsNrK5i5JMWc09i","action":"Initial GetUpdates", "result":"", "context":Reason: NEWLY_SUPPORTED_DATATYPE. cV=Eovpl3VXsNrK5i5JMWc09i}
{"logTime": "0911/164721", "correlationVector":"Eovpl3VXsNrK5i5JMWc09i.1","action":"SyncServerConnectionManagerRequest", "result":"SYNC_SERVER_OK", "context":{"environment":"Prod_southeastasia_prod-s01-064-apac-southeastasia", "migrationStage":"NotStarted", "server":"akswtt003000000"}}
{"logTime": "0911/164721", "correlationVector":"Eovpl3VXsNrK5i5JMWc09i.2","action":"ProcessGetUpdates", "result":"Done", "context":{"dataType":"History", "deleted":"0", "process_failed_to_decrypt":"0", "process_pending_decryption":"0", "process_success":"250", "total":"250"}}
{"logTime": "0911/164721", "correlationVector":"Eovpl3VXsNrK5i5JMWc09i.3","action":"GetUpdates Response", "result":"Success", "context":Received 250 update(s). cV=Eovpl3VXsNrK5i5JMWc09i.0;server=akswtt003000000;cloudType=Consumer;environment=Prod_southeastasia_prod-s01-064-apac-southeastasia;migrationStage=NotStarted Some updates remain.}
{"logTime": "0911/164721", "correlationVector":"1iIXigbd6fGmbjp+VI5U9M","action":"Initial GetUpdates", "result":"", "context":Reason: NEWLY_SUPPORTED_DATATYPE. cV=1iIXigbd6fGmbjp+VI5U9M}
{"logTime": "0911/164722", "correlationVector":"1iIXigbd6fGmbjp+VI5U9M.1","action":"SyncServerConnectionManagerRequest", "result":"SYNC_SERVER_OK", "context":{"environment":"Prod_southeastasia_prod-s01-064-apac-southeastasia", "migrationStage":"NotStarted", "server":"akswtt00300002g"}}
{"logTime": "0911/164722", "correlationVector":"1iIXigbd6fGmbjp+VI5U9M.2","action":"ProcessGetUpdates", "result":"Done", "context":{"dataType":"History", "deleted":"0", "process_failed_to_decrypt":"0", "process_pending_decryption":"0", "process_success":"250", "total":"250"}}
{"logTime": "0911/164722", "correlationVector":"1iIXigbd6fGmbjp+VI5U9M.3","action":"GetUpdates Response", "result":"Success", "context":Received 250 update(s). cV=1iIXigbd6fGmbjp+VI5U9M.0;server=akswtt00300002g;cloudType=Consumer;environment=Prod_southeastasia_prod-s01-064-apac-southeastasia;migrationStage=NotStarted Some updates remain.}
{"logTime": "0911/164722", "correlationVector":"i1qCphmVx9kzvuir26+PWT","action":"Initial GetUpdates", "result":"", "context":Reason: NEWLY_SUPPORTED_DATATYPE. cV=i1qCphmVx9kzvuir26+PWT}
{"logTime": "0911/164723", "correlationVector":"i1qCphmVx9kzvuir26+PWT.1","action":"SyncServerConnectionManagerRequest", "result":"SYNC_SERVER_OK", "context":{"environment":"Prod_southeastasia_prod-s01-064-apac-southeastasia", "migrationStage":"NotStarted", "server":"akswtt003000033"}}
{"logTime": "0911/164723", "correlationVector":"i1qCphmVx9kzvuir26+PWT.2","action":"ProcessGetUpdates", "result":"Done", "context":{"dataType":"History", "deleted":"0", "process_failed_to_decrypt":"0", "process_pending_decryption":"0", "process_success":"250", "total":"250"}}
{"logTime": "0911/164723", "correlationVector":"i1qCphmVx9kzvuir26+PWT.3","action":"GetUpdates Response", "result":"Success", "context":Received 250 update(s). cV=i1qCphmVx9kzvuir26+PWT.0;server=akswtt003000033;cloudType=Consumer;environment=Prod_southeastasia_prod-s01-064-apac-southeastasia;migrationStage=NotStarted Some updates remain.}
{"logTime": "0911/164723", "correlationVector":"A2qGfDANMNZmRG6pNKwvqn","action":"Initial GetUpdates", "result":"", "context":Reason: NEWLY_SUPPORTED_DATATYPE. cV=A2qGfDANMNZmRG6pNKwvqn}
{"logTime": "0911/164725", "correlationVector":"A2qGfDANMNZmRG6pNKwvqn.1","action":"SyncServerConnectionManagerRequest", "result":"SYNC_SERVER_OK", "context":{"environment":"Prod_southeastasia_prod-s01-064-apac-southeastasia", "migrationStage":"NotStarted", "server":"akswtt00300002j"}}
{"logTime": "0911/164725", "correlationVector":"A2qGfDANMNZmRG6pNKwvqn.2","action":"ProcessGetUpdates", "result":"Done", "context":{"dataType":"History", "deleted":"0", "process_failed_to_decrypt":"0", "process_pending_decryption":"0", "process_success":"250", "total":"250"}}
{"logTime": "0911/164725", "correlationVector":"A2qGfDANMNZmRG6pNKwvqn.3","action":"GetUpdates Response", "result":"Success", "context":Received 250 update(s). cV=A2qGfDANMNZmRG6pNKwvqn.0;server=akswtt00300002j;cloudType=Consumer;environment=Prod_southeastasia_prod-s01-064-apac-southeastasia;migrationStage=NotStarted Some updates remain.}
{"logTime": "0911/164725", "correlationVector":"NeOavpONALzQ2RbKGGX47E","action":"Initial GetUpdates", "result":"", "context":Reason: NEWLY_SUPPORTED_DATATYPE. cV=NeOavpONALzQ2RbKGGX47E}
{"logTime": "0911/164726", "correlationVector":"NeOavpONALzQ2RbKGGX47E.1","action":"SyncServerConnectionManagerRequest", "result":"SYNC_SERVER_OK", "context":{"environment":"Prod_southeastasia_prod-s01-064-apac-southeastasia", "migrationStage":"NotStarted", "server":"akswtt003000031"}}
{"logTime": "0911/164726", "correlationVector":"NeOavpONALzQ2RbKGGX47E.2","action":"ProcessGetUpdates", "result":"Done", "context":{"dataType":"History", "deleted":"0", "process_failed_to_decrypt":"0", "process_pending_decryption":"0", "process_success":"250", "total":"250"}}
{"logTime": "0911/164726", "correlationVector":"NeOavpONALzQ2RbKGGX47E.3","action":"GetUpdates Response", "result":"Success", "context":Received 250 update(s). cV=NeOavpONALzQ2RbKGGX47E.0;server=akswtt003000031;cloudType=Consumer;environment=Prod_southeastasia_prod-s01-064-apac-southeastasia;migrationStage=NotStarted Some updates remain.}
{"logTime": "0911/164726", "correlationVector":"fHwCDJSekbxityCwUEsi0U","action":"Initial GetUpdates", "result":"", "context":Reason: NEWLY_SUPPORTED_DATATYPE. cV=fHwCDJSekbxityCwUEsi0U}
{"logTime": "0911/164727", "correlationVector":"fHwCDJSekbxityCwUEsi0U.1","action":"SyncServerConnectionManagerRequest", "result":"SYNC_SERVER_OK", "context":{"environment":"Prod_southeastasia_prod-s01-064-apac-southeastasia", "migrationStage":"NotStarted", "server":"akswtt00300002t"}}
{"logTime": "0911/164727", "correlationVector":"fHwCDJSekbxityCwUEsi0U.2","action":"ProcessGetUpdates", "result":"Done", "context":{"dataType":"History", "deleted":"0", "process_failed_to_decrypt":"0", "process_pending_decryption":"0", "process_success":"250", "total":"250"}}
{"logTime": "0911/164727", "correlationVector":"fHwCDJSekbxityCwUEsi0U.3","action":"GetUpdates Response", "result":"Success", "context":Received 250 update(s). cV=fHwCDJSekbxityCwUEsi0U.0;server=akswtt00300002t;cloudType=Consumer;environment=Prod_southeastasia_prod-s01-064-apac-southeastasia;migrationStage=NotStarted Some updates remain.}
{"logTime": "0911/164727", "correlationVector":"e2r5KheyMVefWwifgv2xq1","action":"Initial GetUpdates", "result":"", "context":Reason: NEWLY_SUPPORTED_DATATYPE. cV=e2r5KheyMVefWwifgv2xq1}
{"logTime": "0911/164728", "correlationVector":"e2r5KheyMVefWwifgv2xq1.1","action":"SyncServerConnectionManagerRequest", "result":"SYNC_SERVER_OK", "context":{"environment":"Prod_southeastasia_prod-s01-064-apac-southeastasia", "migrationStage":"NotStarted", "server":"akswtt00300002h"}}
{"logTime": "0911/164728", "correlationVector":"e2r5KheyMVefWwifgv2xq1.2","action":"ProcessGetUpdates", "result":"Done", "context":{"dataType":"History", "deleted":"0", "process_failed_to_decrypt":"0", "process_pending_decryption":"0", "process_success":"250", "total":"250"}}
{"logTime": "0911/164728", "correlationVector":"e2r5KheyMVefWwifgv2xq1.3","action":"GetUpdates Response", "result":"Success", "context":Received 250 update(s). cV=e2r5KheyMVefWwifgv2xq1.0;server=akswtt00300002h;cloudType=Consumer;environment=Prod_southeastasia_prod-s01-064-apac-southeastasia;migrationStage=NotStarted Some updates remain.}
{"logTime": "0911/164728", "correlationVector":"qkUdMte2EuJtAcMG7axOZF","action":"Initial GetUpdates", "result":"", "context":Reason: NEWLY_SUPPORTED_DATATYPE. cV=qkUdMte2EuJtAcMG7axOZF}
{"logTime": "0911/164729", "correlationVector":"qkUdMte2EuJtAcMG7axOZF.1","action":"SyncServerConnectionManagerRequest", "result":"SYNC_SERVER_OK", "context":{"environment":"Prod_southeastasia_prod-s01-064-apac-southeastasia", "migrationStage":"NotStarted", "server":"akswtt00300002s"}}
{"logTime": "0911/164729", "correlationVector":"qkUdMte2EuJtAcMG7axOZF.2","action":"ProcessGetUpdates", "result":"Done", "context":{"dataType":"History", "deleted":"0", "process_failed_to_decrypt":"0", "process_pending_decryption":"0", "process_success":"250", "total":"250"}}
{"logTime": "0911/164729", "correlationVector":"qkUdMte2EuJtAcMG7axOZF.3","action":"GetUpdates Response", "result":"Success", "context":Received 250 update(s). cV=qkUdMte2EuJtAcMG7axOZF.0;server=akswtt00300002s;cloudType=Consumer;environment=Prod_southeastasia_prod-s01-064-apac-southeastasia;migrationStage=NotStarted Some updates remain.}
{"logTime": "0911/164729", "correlationVector":"apUr+XBoQoKv+6Qq5NbewH","action":"Initial GetUpdates", "result":"", "context":Reason: NEWLY_SUPPORTED_DATATYPE. cV=apUr+XBoQoKv+6Qq5NbewH}
{"logTime": "0911/164730", "correlationVector":"apUr+XBoQoKv+6Qq5NbewH.1","action":"SyncServerConnectionManagerRequest", "result":"SYNC_SERVER_OK", "context":{"environment":"Prod_southeastasia_prod-s01-064-apac-southeastasia", "migrationStage":"NotStarted", "server":"akswtt003000000"}}
{"logTime": "0911/164730", "correlationVector":"apUr+XBoQoKv+6Qq5NbewH.2","action":"ProcessGetUpdates", "result":"Done", "context":{"dataType":"History", "deleted":"0", "process_failed_to_decrypt":"0", "process_pending_decryption":"0", "process_success":"250", "total":"250"}}
{"logTime": "0911/164730", "correlationVector":"apUr+XBoQoKv+6Qq5NbewH.3","action":"GetUpdates Response", "result":"Success", "context":Received 250 update(s). cV=apUr+XBoQoKv+6Qq5NbewH.0;server=akswtt003000000;cloudType=Consumer;environment=Prod_southeastasia_prod-s01-064-apac-southeastasia;migrationStage=NotStarted Some updates remain.}
{"logTime": "0911/164730", "correlationVector":"7MUS2FWUo/NCaHADeM0LgX","action":"Initial GetUpdates", "result":"", "context":Reason: NEWLY_SUPPORTED_DATATYPE. cV=7MUS2FWUo/NCaHADeM0LgX}
{"logTime": "0911/164736", "correlationVector":"7MUS2FWUo/NCaHADeM0LgX.1","action":"SyncServerConnectionManagerRequest", "result":"SYNC_SERVER_OK", "context":{"environment":"Prod_southeastasia_prod-s01-064-apac-southeastasia", "migrationStage":"NotStarted", "server":"akswtt00300003j"}}
{"logTime": "0911/164736", "correlationVector":"7MUS2FWUo/NCaHADeM0LgX.2","action":"ProcessGetUpdates", "result":"Done", "context":{"dataType":"History", "deleted":"0", "process_failed_to_decrypt":"0", "process_pending_decryption":"0", "process_success":"250", "total":"250"}}
{"logTime": "0911/164736", "correlationVector":"7MUS2FWUo/NCaHADeM0LgX.3","action":"GetUpdates Response", "result":"Success", "context":Received 250 update(s). cV=7MUS2FWUo/NCaHADeM0LgX.0;server=akswtt00300003j;cloudType=Consumer;environment=Prod_southeastasia_prod-s01-064-apac-southeastasia;migrationStage=NotStarted Some updates remain.}
{"logTime": "0911/164736", "correlationVector":"0HjM56H6b3CKTgjk5KKztI","action":"Initial GetUpdates", "result":"", "context":Reason: NEWLY_SUPPORTED_DATATYPE. cV=0HjM56H6b3CKTgjk5KKztI}
{"logTime": "0911/164737", "correlationVector":"0HjM56H6b3CKTgjk5KKztI.1","action":"SyncServerConnectionManagerRequest", "result":"SYNC_SERVER_OK", "context":{"environment":"Prod_southeastasia_prod-s01-064-apac-southeastasia", "migrationStage":"NotStarted", "server":"akswtt00300002j"}}
{"logTime": "0911/164737", "correlationVector":"0HjM56H6b3CKTgjk5KKztI.2","action":"ProcessGetUpdates", "result":"Done", "context":{"dataType":"History", "deleted":"0", "process_failed_to_decrypt":"0", "process_pending_decryption":"0", "process_success":"250", "total":"250"}}
{"logTime": "0911/164737", "correlationVector":"0HjM56H6b3CKTgjk5KKztI.3","action":"GetUpdates Response", "result":"Success", "context":Received 250 update(s). cV=0HjM56H6b3CKTgjk5KKztI.0;server=akswtt00300002j;cloudType=Consumer;environment=Prod_southeastasia_prod-s01-064-apac-southeastasia;migrationStage=NotStarted Some updates remain.}
{"logTime": "0911/164737", "correlationVector":"XiAeoVn0+5kbjJoNIyYn1s","action":"Initial GetUpdates", "result":"", "context":Reason: NEWLY_SUPPORTED_DATATYPE. cV=XiAeoVn0+5kbjJoNIyYn1s}
{"logTime": "0911/164739", "correlationVector":"XiAeoVn0+5kbjJoNIyYn1s.1","action":"SyncServerConnectionManagerRequest", "result":"SYNC_SERVER_OK", "context":{"environment":"Prod_southeastasia_prod-s01-064-apac-southeastasia", "migrationStage":"NotStarted", "server":"akswtt003000000"}}
{"logTime": "0911/164739", "correlationVector":"XiAeoVn0+5kbjJoNIyYn1s.2","action":"ProcessGetUpdates", "result":"Done", "context":{"dataType":"History", "deleted":"0", "process_failed_to_decrypt":"0", "process_pending_decryption":"0", "process_success":"250", "total":"250"}}
{"logTime": "0911/164739", "correlationVector":"XiAeoVn0+5kbjJoNIyYn1s.3","action":"GetUpdates Response", "result":"Success", "context":Received 250 update(s). cV=XiAeoVn0+5kbjJoNIyYn1s.0;server=akswtt003000000;cloudType=Consumer;environment=Prod_southeastasia_prod-s01-064-apac-southeastasia;migrationStage=NotStarted Some updates remain.}
{"logTime": "0911/164739", "correlationVector":"h3HtUD/46GabJpHDD2vBx8","action":"Initial GetUpdates", "result":"", "context":Reason: NEWLY_SUPPORTED_DATATYPE. cV=h3HtUD/46GabJpHDD2vBx8}
{"logTime": "0911/164739", "correlationVector":"h3HtUD/46GabJpHDD2vBx8.1","action":"SyncServerConnectionManagerRequest", "result":"SYNC_SERVER_OK", "context":{"environment":"Prod_southeastasia_prod-s01-064-apac-southeastasia", "migrationStage":"NotStarted", "server":"akswtt003000005"}}
{"logTime": "0911/164739", "correlationVector":"h3HtUD/46GabJpHDD2vBx8.2","action":"ProcessGetUpdates", "result":"Done", "context":{"dataType":"History", "deleted":"0", "process_failed_to_decrypt":"0", "process_pending_decryption":"0", "process_success":"250", "total":"250"}}
{"logTime": "0911/164739", "correlationVector":"h3HtUD/46GabJpHDD2vBx8.3","action":"GetUpdates Response", "result":"Success", "context":Received 250 update(s). cV=h3HtUD/46GabJpHDD2vBx8.0;server=akswtt003000005;cloudType=Consumer;environment=Prod_southeastasia_prod-s01-064-apac-southeastasia;migrationStage=NotStarted Some updates remain.}
{"logTime": "0911/164739", "correlationVector":"qqA+uafcsY6O8zNwVEIWmF","action":"Initial GetUpdates", "result":"", "context":Reason: NEWLY_SUPPORTED_DATATYPE. cV=qqA+uafcsY6O8zNwVEIWmF}
{"logTime": "0911/164740", "correlationVector":"qqA+uafcsY6O8zNwVEIWmF.1","action":"SyncServerConnectionManagerRequest", "result":"SYNC_SERVER_OK", "context":{"environment":"Prod_southeastasia_prod-s01-064-apac-southeastasia", "migrationStage":"NotStarted", "server":"akswtt00300002s"}}
{"logTime": "0911/164740", "correlationVector":"qqA+uafcsY6O8zNwVEIWmF.2","action":"ProcessGetUpdates", "result":"Done", "context":{"dataType":"History", "deleted":"0", "process_failed_to_decrypt":"0", "process_pending_decryption":"0", "process_success":"250", "total":"250"}}
{"logTime": "0911/164740", "correlationVector":"qqA+uafcsY6O8zNwVEIWmF.3","action":"GetUpdates Response", "result":"Success", "context":Received 250 update(s). cV=qqA+uafcsY6O8zNwVEIWmF.0;server=akswtt00300002s;cloudType=Consumer;environment=Prod_southeastasia_prod-s01-064-apac-southeastasia;migrationStage=NotStarted Some updates remain.}
{"logTime": "0911/164740", "correlationVector":"bkSlYuhtPmvcyWRxx40BGQ","action":"Initial GetUpdates", "result":"", "context":Reason: NEWLY_SUPPORTED_DATATYPE. cV=bkSlYuhtPmvcyWRxx40BGQ}
{"logTime": "0911/164741", "correlationVector":"bkSlYuhtPmvcyWRxx40BGQ.1","action":"SyncServerConnectionManagerRequest", "result":"SYNC_SERVER_OK", "context":{"environment":"Prod_southeastasia_prod-s01-064-apac-southeastasia", "migrationStage":"NotStarted", "server":"akswtt00300000i"}}
{"logTime": "0911/164741", "correlationVector":"bkSlYuhtPmvcyWRxx40BGQ.2","action":"ProcessGetUpdates", "result":"Done", "context":{"dataType":"History", "deleted":"0", "process_failed_to_decrypt":"0", "process_pending_decryption":"0", "process_success":"250", "total":"250"}}
{"logTime": "0911/164741", "correlationVector":"bkSlYuhtPmvcyWRxx40BGQ.3","action":"GetUpdates Response", "result":"Success", "context":Received 250 update(s). cV=bkSlYuhtPmvcyWRxx40BGQ.0;server=akswtt00300000i;cloudType=Consumer;environment=Prod_southeastasia_prod-s01-064-apac-southeastasia;migrationStage=NotStarted Some updates remain.}
{"logTime": "0911/164741", "correlationVector":"ccg30dtPH/GPlMDJ3PYJ9c","action":"Initial GetUpdates", "result":"", "context":Reason: NEWLY_SUPPORTED_DATATYPE. cV=ccg30dtPH/GPlMDJ3PYJ9c}
{"logTime": "0911/164743", "correlationVector":"ccg30dtPH/GPlMDJ3PYJ9c.1","action":"SyncServerConnectionManagerRequest", "result":"SYNC_SERVER_OK", "context":{"environment":"Prod_southeastasia_prod-s01-064-apac-southeastasia", "migrationStage":"NotStarted", "server":"akswtt003000005"}}
{"logTime": "0911/164743", "correlationVector":"ccg30dtPH/GPlMDJ3PYJ9c.2","action":"ProcessGetUpdates", "result":"Done", "context":{"dataType":"History", "deleted":"0", "process_failed_to_decrypt":"0", "process_pending_decryption":"0", "process_success":"250", "total":"250"}}
{"logTime": "0911/164743", "correlationVector":"ccg30dtPH/GPlMDJ3PYJ9c.3","action":"GetUpdates Response", "result":"Success", "context":Received 250 update(s). cV=ccg30dtPH/GPlMDJ3PYJ9c.0;server=akswtt003000005;cloudType=Consumer;environment=Prod_southeastasia_prod-s01-064-apac-southeastasia;migrationStage=NotStarted Some updates remain.}
{"logTime": "0911/164743", "correlationVector":"o0TTNo98+n+omhzWZq0Zzc","action":"Initial GetUpdates", "result":"", "context":Reason: NEWLY_SUPPORTED_DATATYPE. cV=o0TTNo98+n+omhzWZq0Zzc}
{"logTime": "0911/164743", "correlationVector":"o0TTNo98+n+omhzWZq0Zzc.1","action":"SyncServerConnectionManagerRequest", "result":"SYNC_SERVER_OK", "context":{"environment":"Prod_southeastasia_prod-s01-064-apac-southeastasia", "migrationStage":"NotStarted", "server":"akswtt003000005"}}
{"logTime": "0911/164743", "correlationVector":"o0TTNo98+n+omhzWZq0Zzc.2","action":"ProcessGetUpdates", "result":"Done", "context":{"dataType":"History", "deleted":"0", "process_failed_to_decrypt":"0", "process_pending_decryption":"0", "process_success":"250", "total":"250"}}
{"logTime": "0911/164743", "correlationVector":"o0TTNo98+n+omhzWZq0Zzc.3","action":"GetUpdates Response", "result":"Success", "context":Received 250 update(s). cV=o0TTNo98+n+omhzWZq0Zzc.0;server=akswtt003000005;cloudType=Consumer;environment=Prod_southeastasia_prod-s01-064-apac-southeastasia;migrationStage=NotStarted Some updates remain.}
{"logTime": "0911/164743", "correlationVector":"Md5QpZ9g37lehm3MliZ0o4","action":"Initial GetUpdates", "result":"", "context":Reason: NEWLY_SUPPORTED_DATATYPE. cV=Md5QpZ9g37lehm3MliZ0o4}
{"logTime": "0911/164744", "correlationVector":"Md5QpZ9g37lehm3MliZ0o4.1","action":"SyncServerConnectionManagerRequest", "result":"SYNC_SERVER_OK", "context":{"environment":"Prod_southeastasia_prod-s01-064-apac-southeastasia", "migrationStage":"NotStarted", "server":"akswtt00300000s"}}
{"logTime": "0911/164744", "correlationVector":"Md5QpZ9g37lehm3MliZ0o4.2","action":"ProcessGetUpdates", "result":"Done", "context":{"dataType":"History", "deleted":"0", "process_failed_to_decrypt":"0", "process_pending_decryption":"0", "process_success":"250", "total":"250"}}
{"logTime": "0911/164744", "correlationVector":"Md5QpZ9g37lehm3MliZ0o4.3","action":"GetUpdates Response", "result":"Success", "context":Received 250 update(s). cV=Md5QpZ9g37lehm3MliZ0o4.0;server=akswtt00300000s;cloudType=Consumer;environment=Prod_southeastasia_prod-s01-064-apac-southeastasia;migrationStage=NotStarted Some updates remain.}
{"logTime": "0911/164744", "correlationVector":"ONemlAom7mV0dd/VoWVANL","action":"Initial GetUpdates", "result":"", "context":Reason: NEWLY_SUPPORTED_DATATYPE. cV=ONemlAom7mV0dd/VoWVANL}
{"logTime": "0911/164745", "correlationVector":"ONemlAom7mV0dd/VoWVANL.1","action":"SyncServerConnectionManagerRequest", "result":"SYNC_SERVER_OK", "context":{"environment":"Prod_southeastasia_prod-s01-064-apac-southeastasia", "migrationStage":"NotStarted", "server":"akswtt00300002t"}}
{"logTime": "0911/164745", "correlationVector":"ONemlAom7mV0dd/VoWVANL.2","action":"ProcessGetUpdates", "result":"Done", "context":{"dataType":"History", "deleted":"0", "process_failed_to_decrypt":"0", "process_pending_decryption":"0", "process_success":"250", "total":"250"}}
{"logTime": "0911/164745", "correlationVector":"ONemlAom7mV0dd/VoWVANL.3","action":"GetUpdates Response", "result":"Success", "context":Received 250 update(s). cV=ONemlAom7mV0dd/VoWVANL.0;server=akswtt00300002t;cloudType=Consumer;environment=Prod_southeastasia_prod-s01-064-apac-southeastasia;migrationStage=NotStarted Some updates remain.}
{"logTime": "0911/164745", "correlationVector":"vaPURdjCUvYhP3oYDHpA0a","action":"Initial GetUpdates", "result":"", "context":Reason: NEWLY_SUPPORTED_DATATYPE. cV=vaPURdjCUvYhP3oYDHpA0a}
{"logTime": "0911/164746", "correlationVector":"vaPURdjCUvYhP3oYDHpA0a.1","action":"SyncServerConnectionManagerRequest", "result":"SYNC_SERVER_OK", "context":{"environment":"Prod_southeastasia_prod-s01-064-apac-southeastasia", "migrationStage":"NotStarted", "server":"akswtt00300002s"}}
{"logTime": "0911/164746", "correlationVector":"vaPURdjCUvYhP3oYDHpA0a.2","action":"ProcessGetUpdates", "result":"Done", "context":{"dataType":"History", "deleted":"0", "process_failed_to_decrypt":"0", "process_pending_decryption":"0", "process_success":"250", "total":"250"}}
{"logTime": "0911/164746", "correlationVector":"vaPURdjCUvYhP3oYDHpA0a.3","action":"GetUpdates Response", "result":"Success", "context":Received 250 update(s). cV=vaPURdjCUvYhP3oYDHpA0a.0;server=akswtt00300002s;cloudType=Consumer;environment=Prod_southeastasia_prod-s01-064-apac-southeastasia;migrationStage=NotStarted Some updates remain.}
{"logTime": "0911/164746", "correlationVector":"6Ez494+rkbVWP97QEI6U2Q","action":"Initial GetUpdates", "result":"", "context":Reason: NEWLY_SUPPORTED_DATATYPE. cV=6Ez494+rkbVWP97QEI6U2Q}
{"logTime": "0911/164747", "correlationVector":"6Ez494+rkbVWP97QEI6U2Q.1","action":"SyncServerConnectionManagerRequest", "result":"SYNC_SERVER_OK", "context":{"environment":"Prod_southeastasia_prod-s01-064-apac-southeastasia", "migrationStage":"NotStarted", "server":"akswtt00300002j"}}
{"logTime": "0911/164747", "correlationVector":"6Ez494+rkbVWP97QEI6U2Q.2","action":"ProcessGetUpdates", "result":"Done", "context":{"dataType":"History", "deleted":"0", "process_failed_to_decrypt":"0", "process_pending_decryption":"0", "process_success":"250", "total":"250"}}
{"logTime": "0911/164747", "correlationVector":"6Ez494+rkbVWP97QEI6U2Q.3","action":"GetUpdates Response", "result":"Success", "context":Received 250 update(s). cV=6Ez494+rkbVWP97QEI6U2Q.0;server=akswtt00300002j;cloudType=Consumer;environment=Prod_southeastasia_prod-s01-064-apac-southeastasia;migrationStage=NotStarted Some updates remain.}
{"logTime": "0911/164747", "correlationVector":"eZ5i+lKhVLl91zzvxfGcvQ","action":"Initial GetUpdates", "result":"", "context":Reason: NEWLY_SUPPORTED_DATATYPE. cV=eZ5i+lKhVLl91zzvxfGcvQ}
{"logTime": "0911/164748", "correlationVector":"eZ5i+lKhVLl91zzvxfGcvQ.1","action":"SyncServerConnectionManagerRequest", "result":"SYNC_SERVER_OK", "context":{"environment":"Prod_southeastasia_prod-s01-064-apac-southeastasia", "migrationStage":"NotStarted", "server":"akswtt00300002j"}}
{"logTime": "0911/164748", "correlationVector":"eZ5i+lKhVLl91zzvxfGcvQ.2","action":"ProcessGetUpdates", "result":"Done", "context":{"dataType":"History", "deleted":"0", "process_failed_to_decrypt":"0", "process_pending_decryption":"0", "process_success":"250", "total":"250"}}
{"logTime": "0911/164748", "correlationVector":"eZ5i+lKhVLl91zzvxfGcvQ.3","action":"GetUpdates Response", "result":"Success", "context":Received 250 update(s). cV=eZ5i+lKhVLl91zzvxfGcvQ.0;server=akswtt00300002j;cloudType=Consumer;environment=Prod_southeastasia_prod-s01-064-apac-southeastasia;migrationStage=NotStarted Some updates remain.}
{"logTime": "0911/164748", "correlationVector":"tUwgx3jcWKnN00Tp+LX2VM","action":"Initial GetUpdates", "result":"", "context":Reason: NEWLY_SUPPORTED_DATATYPE. cV=tUwgx3jcWKnN00Tp+LX2VM}
{"logTime": "0911/164749", "correlationVector":"tUwgx3jcWKnN00Tp+LX2VM.1","action":"SyncServerConnectionManagerRequest", "result":"SYNC_SERVER_OK", "context":{"environment":"Prod_southeastasia_prod-s01-064-apac-southeastasia", "migrationStage":"NotStarted", "server":"akswtt00300002y"}}
{"logTime": "0911/164749", "correlationVector":"tUwgx3jcWKnN00Tp+LX2VM.2","action":"ProcessGetUpdates", "result":"Done", "context":{"dataType":"History", "deleted":"0", "process_failed_to_decrypt":"0", "process_pending_decryption":"0", "process_success":"250", "total":"250"}}
{"logTime": "0911/164749", "correlationVector":"tUwgx3jcWKnN00Tp+LX2VM.3","action":"GetUpdates Response", "result":"Success", "context":Received 250 update(s). cV=tUwgx3jcWKnN00Tp+LX2VM.0;server=akswtt00300002y;cloudType=Consumer;environment=Prod_southeastasia_prod-s01-064-apac-southeastasia;migrationStage=NotStarted Some updates remain.}
{"logTime": "0911/164749", "correlationVector":"wW09LigFH3iMrqGXEdBY4f","action":"Initial GetUpdates", "result":"", "context":Reason: NEWLY_SUPPORTED_DATATYPE. cV=wW09LigFH3iMrqGXEdBY4f}
{"logTime": "0911/164750", "correlationVector":"wW09LigFH3iMrqGXEdBY4f.1","action":"SyncServerConnectionManagerRequest", "result":"SYNC_SERVER_OK", "context":{"environment":"Prod_southeastasia_prod-s01-064-apac-southeastasia", "migrationStage":"NotStarted", "server":"akswtt00300002s"}}
{"logTime": "0911/164750", "correlationVector":"wW09LigFH3iMrqGXEdBY4f.2","action":"ProcessGetUpdates", "result":"Done", "context":{"dataType":"History", "deleted":"0", "process_failed_to_decrypt":"0", "process_pending_decryption":"0", "process_success":"250", "total":"250"}}
{"logTime": "0911/164750", "correlationVector":"wW09LigFH3iMrqGXEdBY4f.3","action":"GetUpdates Response", "result":"Success", "context":Received 250 update(s). cV=wW09LigFH3iMrqGXEdBY4f.0;server=akswtt00300002s;cloudType=Consumer;environment=Prod_southeastasia_prod-s01-064-apac-southeastasia;migrationStage=NotStarted Some updates remain.}
{"logTime": "0911/164750", "correlationVector":"2rFYq7B0XAkWLeakEZgnrQ","action":"Initial GetUpdates", "result":"", "context":Reason: NEWLY_SUPPORTED_DATATYPE. cV=2rFYq7B0XAkWLeakEZgnrQ}
{"logTime": "0911/164751", "correlationVector":"2rFYq7B0XAkWLeakEZgnrQ.1","action":"SyncServerConnectionManagerRequest", "result":"SYNC_SERVER_OK", "context":{"environment":"Prod_southeastasia_prod-s01-064-apac-southeastasia", "migrationStage":"NotStarted", "server":"akswtt00300000i"}}
{"logTime": "0911/164751", "correlationVector":"2rFYq7B0XAkWLeakEZgnrQ.2","action":"ProcessGetUpdates", "result":"Done", "context":{"dataType":"History", "deleted":"0", "process_failed_to_decrypt":"0", "process_pending_decryption":"0", "process_success":"250", "total":"250"}}
{"logTime": "0911/164751", "correlationVector":"2rFYq7B0XAkWLeakEZgnrQ.3","action":"GetUpdates Response", "result":"Success", "context":Received 250 update(s). cV=2rFYq7B0XAkWLeakEZgnrQ.0;server=akswtt00300000i;cloudType=Consumer;environment=Prod_southeastasia_prod-s01-064-apac-southeastasia;migrationStage=NotStarted Some updates remain.}
{"logTime": "0911/164751", "correlationVector":"FIPCm0ucJ8nCktFL432eZl","action":"Initial GetUpdates", "result":"", "context":Reason: NEWLY_SUPPORTED_DATATYPE. cV=FIPCm0ucJ8nCktFL432eZl}
{"logTime": "0911/164753", "correlationVector":"FIPCm0ucJ8nCktFL432eZl.1","action":"SyncServerConnectionManagerRequest", "result":"SYNC_SERVER_OK", "context":{"environment":"Prod_southeastasia_prod-s01-064-apac-southeastasia", "migrationStage":"NotStarted", "server":"akswtt00300002t"}}
{"logTime": "0911/164753", "correlationVector":"FIPCm0ucJ8nCktFL432eZl.2","action":"ProcessGetUpdates", "result":"Done", "context":{"dataType":"History", "deleted":"0", "process_failed_to_decrypt":"0", "process_pending_decryption":"0", "process_success":"250", "total":"250"}}
{"logTime": "0911/164753", "correlationVector":"FIPCm0ucJ8nCktFL432eZl.3","action":"GetUpdates Response", "result":"Success", "context":Received 250 update(s). cV=FIPCm0ucJ8nCktFL432eZl.0;server=akswtt00300002t;cloudType=Consumer;environment=Prod_southeastasia_prod-s01-064-apac-southeastasia;migrationStage=NotStarted Some updates remain.}
{"logTime": "0911/164753", "correlationVector":"QQUSQCBVfSyraBNWuiS6v4","action":"Initial GetUpdates", "result":"", "context":Reason: NEWLY_SUPPORTED_DATATYPE. cV=QQUSQCBVfSyraBNWuiS6v4}
{"logTime": "0911/164754", "correlationVector":"QQUSQCBVfSyraBNWuiS6v4.1","action":"SyncServerConnectionManagerRequest", "result":"SYNC_SERVER_OK", "context":{"environment":"Prod_southeastasia_prod-s01-064-apac-southeastasia", "migrationStage":"NotStarted", "server":"akswtt003000005"}}
{"logTime": "0911/164754", "correlationVector":"QQUSQCBVfSyraBNWuiS6v4.2","action":"ProcessGetUpdates", "result":"Done", "context":{"dataType":"History", "deleted":"0", "process_failed_to_decrypt":"0", "process_pending_decryption":"0", "process_success":"250", "total":"250"}}
{"logTime": "0911/164754", "correlationVector":"QQUSQCBVfSyraBNWuiS6v4.3","action":"GetUpdates Response", "result":"Success", "context":Received 250 update(s). cV=QQUSQCBVfSyraBNWuiS6v4.0;server=akswtt003000005;cloudType=Consumer;environment=Prod_southeastasia_prod-s01-064-apac-southeastasia;migrationStage=NotStarted Some updates remain.}
{"logTime": "0911/164754", "correlationVector":"dMdnbUEl9l71BxvVZePOfA","action":"Initial GetUpdates", "result":"", "context":Reason: NEWLY_SUPPORTED_DATATYPE. cV=dMdnbUEl9l71BxvVZePOfA}
{"logTime": "0911/164755", "correlationVector":"dMdnbUEl9l71BxvVZePOfA.1","action":"SyncServerConnectionManagerRequest", "result":"SYNC_SERVER_OK", "context":{"environment":"Prod_southeastasia_prod-s01-064-apac-southeastasia", "migrationStage":"NotStarted", "server":"akswtt00300000l"}}
{"logTime": "0911/164755", "correlationVector":"dMdnbUEl9l71BxvVZePOfA.2","action":"ProcessGetUpdates", "result":"Done", "context":{"dataType":"History", "deleted":"0", "process_failed_to_decrypt":"0", "process_pending_decryption":"0", "process_success":"250", "total":"250"}}
{"logTime": "0911/164755", "correlationVector":"dMdnbUEl9l71BxvVZePOfA.3","action":"GetUpdates Response", "result":"Success", "context":Received 250 update(s). cV=dMdnbUEl9l71BxvVZePOfA.0;server=akswtt00300000l;cloudType=Consumer;environment=Prod_southeastasia_prod-s01-064-apac-southeastasia;migrationStage=NotStarted Some updates remain.}
{"logTime": "0911/164755", "correlationVector":"OTkui9k+d3sonKLnIXxe0r","action":"Initial GetUpdates", "result":"", "context":Reason: NEWLY_SUPPORTED_DATATYPE. cV=OTkui9k+d3sonKLnIXxe0r}
{"logTime": "0911/164756", "correlationVector":"OTkui9k+d3sonKLnIXxe0r.1","action":"SyncServerConnectionManagerRequest", "result":"SYNC_SERVER_OK", "context":{"environment":"Prod_southeastasia_prod-s01-064-apac-southeastasia", "migrationStage":"NotStarted", "server":"akswtt003000031"}}
{"logTime": "0911/164756", "correlationVector":"OTkui9k+d3sonKLnIXxe0r.2","action":"ProcessGetUpdates", "result":"Done", "context":{"dataType":"History", "deleted":"0", "process_failed_to_decrypt":"0", "process_pending_decryption":"0", "process_success":"250", "total":"250"}}
{"logTime": "0911/164756", "correlationVector":"OTkui9k+d3sonKLnIXxe0r.3","action":"GetUpdates Response", "result":"Success", "context":Received 250 update(s). cV=OTkui9k+d3sonKLnIXxe0r.0;server=akswtt003000031;cloudType=Consumer;environment=Prod_southeastasia_prod-s01-064-apac-southeastasia;migrationStage=NotStarted Some updates remain.}
{"logTime": "0911/164756", "correlationVector":"xjSW+2EDIfx3eugQf3gTgN","action":"Initial GetUpdates", "result":"", "context":Reason: NEWLY_SUPPORTED_DATATYPE. cV=xjSW+2EDIfx3eugQf3gTgN}
{"logTime": "0911/164757", "correlationVector":"xjSW+2EDIfx3eugQf3gTgN.1","action":"SyncServerConnectionManagerRequest", "result":"SYNC_SERVER_OK", "context":{"environment":"Prod_southeastasia_prod-s01-064-apac-southeastasia", "migrationStage":"NotStarted", "server":"akswtt00300004k"}}
{"logTime": "0911/164757", "correlationVector":"xjSW+2EDIfx3eugQf3gTgN.2","action":"ProcessGetUpdates", "result":"Done", "context":{"dataType":"History", "deleted":"0", "process_failed_to_decrypt":"0", "process_pending_decryption":"0", "process_success":"250", "total":"250"}}
{"logTime": "0911/164757", "correlationVector":"xjSW+2EDIfx3eugQf3gTgN.3","action":"GetUpdates Response", "result":"Success", "context":Received 250 update(s). cV=xjSW+2EDIfx3eugQf3gTgN.0;server=akswtt00300004k;cloudType=Consumer;environment=Prod_southeastasia_prod-s01-064-apac-southeastasia;migrationStage=NotStarted Some updates remain.}
{"logTime": "0911/164757", "correlationVector":"0ygPLzGiSD4Q/6I8Hzc2+A","action":"Initial GetUpdates", "result":"", "context":Reason: NEWLY_SUPPORTED_DATATYPE. cV=0ygPLzGiSD4Q/6I8Hzc2+A}
{"logTime": "0911/164758", "correlationVector":"0ygPLzGiSD4Q/6I8Hzc2+A.1","action":"SyncServerConnectionManagerRequest", "result":"SYNC_SERVER_OK", "context":{"environment":"Prod_southeastasia_prod-s01-064-apac-southeastasia", "migrationStage":"NotStarted", "server":"akswtt00300003j"}}
{"logTime": "0911/164758", "correlationVector":"0ygPLzGiSD4Q/6I8Hzc2+A.2","action":"ProcessGetUpdates", "result":"Done", "context":{"dataType":"History", "deleted":"0", "process_failed_to_decrypt":"0", "process_pending_decryption":"0", "process_success":"250", "total":"250"}}
{"logTime": "0911/164758", "correlationVector":"0ygPLzGiSD4Q/6I8Hzc2+A.3","action":"GetUpdates Response", "result":"Success", "context":Received 250 update(s). cV=0ygPLzGiSD4Q/6I8Hzc2+A.0;server=akswtt00300003j;cloudType=Consumer;environment=Prod_southeastasia_prod-s01-064-apac-southeastasia;migrationStage=NotStarted Some updates remain.}
{"logTime": "0911/164758", "correlationVector":"jvRyglUiHHy9rrEcODJaLb","action":"Initial GetUpdates", "result":"", "context":Reason: NEWLY_SUPPORTED_DATATYPE. cV=jvRyglUiHHy9rrEcODJaLb}
{"logTime": "0911/164801", "correlationVector":"jvRyglUiHHy9rrEcODJaLb.1","action":"SyncServerConnectionManagerRequest", "result":"SYNC_SERVER_OK", "context":{"environment":"Prod_southeastasia_prod-s01-064-apac-southeastasia", "migrationStage":"NotStarted", "server":"akswtt00300002m"}}
{"logTime": "0911/164801", "correlationVector":"jvRyglUiHHy9rrEcODJaLb.2","action":"ProcessGetUpdates", "result":"Done", "context":{"dataType":"History", "deleted":"0", "process_failed_to_decrypt":"0", "process_pending_decryption":"0", "process_success":"250", "total":"250"}}
{"logTime": "0911/164801", "correlationVector":"jvRyglUiHHy9rrEcODJaLb.3","action":"GetUpdates Response", "result":"Success", "context":Received 250 update(s). cV=jvRyglUiHHy9rrEcODJaLb.0;server=akswtt00300002m;cloudType=Consumer;environment=Prod_southeastasia_prod-s01-064-apac-southeastasia;migrationStage=NotStarted Some updates remain.}
{"logTime": "0911/164801", "correlationVector":"w8Ez72zi7xGgZIrFEcsPE0","action":"Initial GetUpdates", "result":"", "context":Reason: NEWLY_SUPPORTED_DATATYPE. cV=w8Ez72zi7xGgZIrFEcsPE0}
{"logTime": "0911/164803", "correlationVector":"w8Ez72zi7xGgZIrFEcsPE0.1","action":"SyncServerConnectionManagerRequest", "result":"SYNC_SERVER_OK", "context":{"environment":"Prod_southeastasia_prod-s01-064-apac-southeastasia", "migrationStage":"NotStarted", "server":"akswtt00300002d"}}
{"logTime": "0911/164803", "correlationVector":"w8Ez72zi7xGgZIrFEcsPE0.2","action":"ProcessGetUpdates", "result":"Done", "context":{"dataType":"History", "deleted":"0", "process_failed_to_decrypt":"0", "process_pending_decryption":"0", "process_success":"250", "total":"250"}}
{"logTime": "0911/164803", "correlationVector":"w8Ez72zi7xGgZIrFEcsPE0.3","action":"GetUpdates Response", "result":"Success", "context":Received 250 update(s). cV=w8Ez72zi7xGgZIrFEcsPE0.0;server=akswtt00300002d;cloudType=Consumer;environment=Prod_southeastasia_prod-s01-064-apac-southeastasia;migrationStage=NotStarted Some updates remain.}
{"logTime": "0911/164803", "correlationVector":"8HmFvPPuCWcT6kFA//x1H4","action":"Initial GetUpdates", "result":"", "context":Reason: NEWLY_SUPPORTED_DATATYPE. cV=8HmFvPPuCWcT6kFA//x1H4}
{"logTime": "0911/164806", "correlationVector":"8HmFvPPuCWcT6kFA//x1H4.1","action":"SyncServerConnectionManagerRequest", "result":"SYNC_SERVER_OK", "context":{"environment":"Prod_southeastasia_prod-s01-064-apac-southeastasia", "migrationStage":"NotStarted", "server":"akswtt00300002d"}}
{"logTime": "0911/164806", "correlationVector":"8HmFvPPuCWcT6kFA//x1H4.2","action":"ProcessGetUpdates", "result":"Done", "context":{"dataType":"History", "deleted":"0", "process_failed_to_decrypt":"0", "process_pending_decryption":"0", "process_success":"250", "total":"250"}}
{"logTime": "0911/164806", "correlationVector":"8HmFvPPuCWcT6kFA//x1H4.3","action":"GetUpdates Response", "result":"Success", "context":Received 250 update(s). cV=8HmFvPPuCWcT6kFA//x1H4.0;server=akswtt00300002d;cloudType=Consumer;environment=Prod_southeastasia_prod-s01-064-apac-southeastasia;migrationStage=NotStarted Some updates remain.}
{"logTime": "0911/164806", "correlationVector":"ZgpKD6T4O3P9iN5myfJDOl","action":"Initial GetUpdates", "result":"", "context":Reason: NEWLY_SUPPORTED_DATATYPE. cV=ZgpKD6T4O3P9iN5myfJDOl}
{"logTime": "0911/164807", "correlationVector":"ZgpKD6T4O3P9iN5myfJDOl.1","action":"SyncServerConnectionManagerRequest", "result":"SYNC_SERVER_OK", "context":{"environment":"Prod_southeastasia_prod-s01-064-apac-southeastasia", "migrationStage":"NotStarted", "server":"akswtt00300002m"}}
{"logTime": "0911/164807", "correlationVector":"ZgpKD6T4O3P9iN5myfJDOl.2","action":"ProcessGetUpdates", "result":"Done", "context":{"dataType":"History", "deleted":"0", "process_failed_to_decrypt":"0", "process_pending_decryption":"0", "process_success":"250", "total":"250"}}
{"logTime": "0911/164807", "correlationVector":"ZgpKD6T4O3P9iN5myfJDOl.3","action":"GetUpdates Response", "result":"Success", "context":Received 250 update(s). cV=ZgpKD6T4O3P9iN5myfJDOl.0;server=akswtt00300002m;cloudType=Consumer;environment=Prod_southeastasia_prod-s01-064-apac-southeastasia;migrationStage=NotStarted Some updates remain.}
{"logTime": "0911/164807", "correlationVector":"yPkK8Rng10wRDNaJY+iJQ0","action":"Initial GetUpdates", "result":"", "context":Reason: NEWLY_SUPPORTED_DATATYPE. cV=yPkK8Rng10wRDNaJY+iJQ0}
{"logTime": "0911/164808", "correlationVector":"yPkK8Rng10wRDNaJY+iJQ0.1","action":"SyncServerConnectionManagerRequest", "result":"SYNC_SERVER_OK", "context":{"environment":"Prod_southeastasia_prod-s01-064-apac-southeastasia", "migrationStage":"NotStarted", "server":"akswtt00300002m"}}
{"logTime": "0911/164808", "correlationVector":"yPkK8Rng10wRDNaJY+iJQ0.2","action":"ProcessGetUpdates", "result":"Done", "context":{"dataType":"History", "deleted":"0", "process_failed_to_decrypt":"0", "process_pending_decryption":"0", "process_success":"250", "total":"250"}}
{"logTime": "0911/164808", "correlationVector":"yPkK8Rng10wRDNaJY+iJQ0.3","action":"GetUpdates Response", "result":"Success", "context":Received 250 update(s). cV=yPkK8Rng10wRDNaJY+iJQ0.0;server=akswtt00300002m;cloudType=Consumer;environment=Prod_southeastasia_prod-s01-064-apac-southeastasia;migrationStage=NotStarted Some updates remain.}
{"logTime": "0911/164808", "correlationVector":"5DpUGdOqFAewCXdhMlHQid","action":"Initial GetUpdates", "result":"", "context":Reason: NEWLY_SUPPORTED_DATATYPE. cV=5DpUGdOqFAewCXdhMlHQid}
{"logTime": "0911/164810", "correlationVector":"5DpUGdOqFAewCXdhMlHQid.1","action":"SyncServerConnectionManagerRequest", "result":"SYNC_SERVER_OK", "context":{"environment":"Prod_southeastasia_prod-s01-064-apac-southeastasia", "migrationStage":"NotStarted", "server":"akswtt00300002d"}}
{"logTime": "0911/164810", "correlationVector":"5DpUGdOqFAewCXdhMlHQid.2","action":"ProcessGetUpdates", "result":"Done", "context":{"dataType":"History", "deleted":"0", "process_failed_to_decrypt":"0", "process_pending_decryption":"0", "process_success":"250", "total":"250"}}
{"logTime": "0911/164810", "correlationVector":"5DpUGdOqFAewCXdhMlHQid.3","action":"GetUpdates Response", "result":"Success", "context":Received 250 update(s). cV=5DpUGdOqFAewCXdhMlHQid.0;server=akswtt00300002d;cloudType=Consumer;environment=Prod_southeastasia_prod-s01-064-apac-southeastasia;migrationStage=NotStarted Some updates remain.}
{"logTime": "0911/164810", "correlationVector":"QpGkavyhrJVtt17q8C45rG","action":"Initial GetUpdates", "result":"", "context":Reason: NEWLY_SUPPORTED_DATATYPE. cV=QpGkavyhrJVtt17q8C45rG}
{"logTime": "0911/164811", "correlationVector":"QpGkavyhrJVtt17q8C45rG.1","action":"SyncServerConnectionManagerRequest", "result":"SYNC_SERVER_OK", "context":{"environment":"Prod_southeastasia_prod-s01-064-apac-southeastasia", "migrationStage":"NotStarted", "server":"akswtt003000031"}}
{"logTime": "0911/164811", "correlationVector":"QpGkavyhrJVtt17q8C45rG.2","action":"ProcessGetUpdates", "result":"Done", "context":{"dataType":"History", "deleted":"0", "process_failed_to_decrypt":"0", "process_pending_decryption":"0", "process_success":"250", "total":"250"}}
{"logTime": "0911/164811", "correlationVector":"QpGkavyhrJVtt17q8C45rG.3","action":"GetUpdates Response", "result":"Success", "context":Received 250 update(s). cV=QpGkavyhrJVtt17q8C45rG.0;server=akswtt003000031;cloudType=Consumer;environment=Prod_southeastasia_prod-s01-064-apac-southeastasia;migrationStage=NotStarted Some updates remain.}
{"logTime": "0911/164811", "correlationVector":"6I9D4d4o4Qv++l+gCNsu+5","action":"Initial GetUpdates", "result":"", "context":Reason: NEWLY_SUPPORTED_DATATYPE. cV=6I9D4d4o4Qv++l+gCNsu+5}
{"logTime": "0911/164813", "correlationVector":"6I9D4d4o4Qv++l+gCNsu+5.1","action":"SyncServerConnectionManagerRequest", "result":"SYNC_SERVER_OK", "context":{"environment":"Prod_southeastasia_prod-s01-064-apac-southeastasia", "migrationStage":"NotStarted", "server":"akswtt00300002i"}}
{"logTime": "0911/164813", "correlationVector":"6I9D4d4o4Qv++l+gCNsu+5.2","action":"ProcessGetUpdates", "result":"Done", "context":{"dataType":"History", "deleted":"0", "process_failed_to_decrypt":"0", "process_pending_decryption":"0", "process_success":"250", "total":"250"}}
{"logTime": "0911/164813", "correlationVector":"6I9D4d4o4Qv++l+gCNsu+5.3","action":"GetUpdates Response", "result":"Success", "context":Received 250 update(s). cV=6I9D4d4o4Qv++l+gCNsu+5.0;server=akswtt00300002i;cloudType=Consumer;environment=Prod_southeastasia_prod-s01-064-apac-southeastasia;migrationStage=NotStarted Some updates remain.}
{"logTime": "0911/164813", "correlationVector":"BXkr31GedZljRa0nTyw1yR","action":"Initial GetUpdates", "result":"", "context":Reason: NEWLY_SUPPORTED_DATATYPE. cV=BXkr31GedZljRa0nTyw1yR}
{"logTime": "0911/164814", "correlationVector":"BXkr31GedZljRa0nTyw1yR.1","action":"SyncServerConnectionManagerRequest", "result":"SYNC_SERVER_OK", "context":{"environment":"Prod_southeastasia_prod-s01-064-apac-southeastasia", "migrationStage":"NotStarted", "server":"akswtt00300000s"}}
{"logTime": "0911/164814", "correlationVector":"BXkr31GedZljRa0nTyw1yR.2","action":"ProcessGetUpdates", "result":"Done", "context":{"dataType":"History", "deleted":"0", "process_failed_to_decrypt":"0", "process_pending_decryption":"0", "process_success":"250", "total":"250"}}
{"logTime": "0911/164814", "correlationVector":"BXkr31GedZljRa0nTyw1yR.3","action":"GetUpdates Response", "result":"Success", "context":Received 250 update(s). cV=BXkr31GedZljRa0nTyw1yR.0;server=akswtt00300000s;cloudType=Consumer;environment=Prod_southeastasia_prod-s01-064-apac-southeastasia;migrationStage=NotStarted Some updates remain.}
{"logTime": "0911/164814", "correlationVector":"UhQNHhgR3LF2IkojQyQVfj","action":"Initial GetUpdates", "result":"", "context":Reason: NEWLY_SUPPORTED_DATATYPE. cV=UhQNHhgR3LF2IkojQyQVfj}
{"logTime": "0911/164815", "correlationVector":"UhQNHhgR3LF2IkojQyQVfj.1","action":"SyncServerConnectionManagerRequest", "result":"SYNC_SERVER_OK", "context":{"environment":"Prod_southeastasia_prod-s01-064-apac-southeastasia", "migrationStage":"NotStarted", "server":"akswtt00300002m"}}
{"logTime": "0911/164815", "correlationVector":"UhQNHhgR3LF2IkojQyQVfj.2","action":"ProcessGetUpdates", "result":"Done", "context":{"dataType":"History", "deleted":"0", "process_failed_to_decrypt":"0", "process_pending_decryption":"0", "process_success":"250", "total":"250"}}
{"logTime": "0911/164815", "correlationVector":"UhQNHhgR3LF2IkojQyQVfj.3","action":"GetUpdates Response", "result":"Success", "context":Received 250 update(s). cV=UhQNHhgR3LF2IkojQyQVfj.0;server=akswtt00300002m;cloudType=Consumer;environment=Prod_southeastasia_prod-s01-064-apac-southeastasia;migrationStage=NotStarted Some updates remain.}
{"logTime": "0911/164815", "correlationVector":"d2VvKa4nFWx7m2KNcAoxsj","action":"Initial GetUpdates", "result":"", "context":Reason: NEWLY_SUPPORTED_DATATYPE. cV=d2VvKa4nFWx7m2KNcAoxsj}
{"logTime": "0911/164816", "correlationVector":"d2VvKa4nFWx7m2KNcAoxsj.1","action":"SyncServerConnectionManagerRequest", "result":"SYNC_SERVER_OK", "context":{"environment":"Prod_southeastasia_prod-s01-064-apac-southeastasia", "migrationStage":"NotStarted", "server":"akswtt00300002y"}}
{"logTime": "0911/164816", "correlationVector":"d2VvKa4nFWx7m2KNcAoxsj.2","action":"ProcessGetUpdates", "result":"Done", "context":{"dataType":"History", "deleted":"0", "process_failed_to_decrypt":"0", "process_pending_decryption":"0", "process_success":"250", "total":"250"}}
{"logTime": "0911/164816", "correlationVector":"d2VvKa4nFWx7m2KNcAoxsj.3","action":"GetUpdates Response", "result":"Success", "context":Received 250 update(s). cV=d2VvKa4nFWx7m2KNcAoxsj.0;server=akswtt00300002y;cloudType=Consumer;environment=Prod_southeastasia_prod-s01-064-apac-southeastasia;migrationStage=NotStarted Some updates remain.}
{"logTime": "0911/164816", "correlationVector":"JRrxjnzq6ne/T0xDEGaot+","action":"Initial GetUpdates", "result":"", "context":Reason: NEWLY_SUPPORTED_DATATYPE. cV=JRrxjnzq6ne/T0xDEGaot+}
{"logTime": "0911/164817", "correlationVector":"JRrxjnzq6ne/T0xDEGaot+.1","action":"SyncServerConnectionManagerRequest", "result":"SYNC_SERVER_OK", "context":{"environment":"Prod_southeastasia_prod-s01-064-apac-southeastasia", "migrationStage":"NotStarted", "server":"akswtt00300002y"}}
{"logTime": "0911/164817", "correlationVector":"JRrxjnzq6ne/T0xDEGaot+.2","action":"ProcessGetUpdates", "result":"Done", "context":{"dataType":"History", "deleted":"0", "process_failed_to_decrypt":"0", "process_pending_decryption":"0", "process_success":"250", "total":"250"}}
{"logTime": "0911/164817", "correlationVector":"JRrxjnzq6ne/T0xDEGaot+.3","action":"GetUpdates Response", "result":"Success", "context":Received 250 update(s). cV=JRrxjnzq6ne/T0xDEGaot+.0;server=akswtt00300002y;cloudType=Consumer;environment=Prod_southeastasia_prod-s01-064-apac-southeastasia;migrationStage=NotStarted Some updates remain.}
{"logTime": "0911/164817", "correlationVector":"YAvmP264b3WaTSc8CeEcXn","action":"Initial GetUpdates", "result":"", "context":Reason: NEWLY_SUPPORTED_DATATYPE. cV=YAvmP264b3WaTSc8CeEcXn}
{"logTime": "0911/164818", "correlationVector":"YAvmP264b3WaTSc8CeEcXn.1","action":"SyncServerConnectionManagerRequest", "result":"SYNC_SERVER_OK", "context":{"environment":"Prod_southeastasia_prod-s01-064-apac-southeastasia", "migrationStage":"NotStarted", "server":"akswtt00300002y"}}
{"logTime": "0911/164818", "correlationVector":"YAvmP264b3WaTSc8CeEcXn.2","action":"ProcessGetUpdates", "result":"Done", "context":{"dataType":"History", "deleted":"0", "process_failed_to_decrypt":"0", "process_pending_decryption":"0", "process_success":"250", "total":"250"}}
{"logTime": "0911/164818", "correlationVector":"YAvmP264b3WaTSc8CeEcXn.3","action":"GetUpdates Response", "result":"Success", "context":Received 250 update(s). cV=YAvmP264b3WaTSc8CeEcXn.0;server=akswtt00300002y;cloudType=Consumer;environment=Prod_southeastasia_prod-s01-064-apac-southeastasia;migrationStage=NotStarted Some updates remain.}
{"logTime": "0911/164818", "correlationVector":"dyT2s7Q8IfK8aiWSjnYNd6","action":"Initial GetUpdates", "result":"", "context":Reason: NEWLY_SUPPORTED_DATATYPE. cV=dyT2s7Q8IfK8aiWSjnYNd6}
{"logTime": "0911/164820", "correlationVector":"dyT2s7Q8IfK8aiWSjnYNd6.1","action":"SyncServerConnectionManagerRequest", "result":"SYNC_SERVER_OK", "context":{"environment":"Prod_southeastasia_prod-s01-064-apac-southeastasia", "migrationStage":"NotStarted", "server":"akswtt00300002t"}}
{"logTime": "0911/164820", "correlationVector":"dyT2s7Q8IfK8aiWSjnYNd6.2","action":"ProcessGetUpdates", "result":"Done", "context":{"dataType":"History", "deleted":"0", "process_failed_to_decrypt":"0", "process_pending_decryption":"0", "process_success":"250", "total":"250"}}
{"logTime": "0911/164820", "correlationVector":"dyT2s7Q8IfK8aiWSjnYNd6.3","action":"GetUpdates Response", "result":"Success", "context":Received 250 update(s). cV=dyT2s7Q8IfK8aiWSjnYNd6.0;server=akswtt00300002t;cloudType=Consumer;environment=Prod_southeastasia_prod-s01-064-apac-southeastasia;migrationStage=NotStarted Some updates remain.}
{"logTime": "0911/164820", "correlationVector":"9KIFfl8bulm9q8vAuT7HAn","action":"Initial GetUpdates", "result":"", "context":Reason: NEWLY_SUPPORTED_DATATYPE. cV=9KIFfl8bulm9q8vAuT7HAn}
{"logTime": "0911/164829", "correlationVector":"9KIFfl8bulm9q8vAuT7HAn.1","action":"SyncServerConnectionManagerRequest", "result":"SYNC_SERVER_OK", "context":{"environment":"Prod_southeastasia_prod-s01-064-apac-southeastasia", "migrationStage":"NotStarted", "server":"akswtt00300002j"}}
{"logTime": "0911/164829", "correlationVector":"9KIFfl8bulm9q8vAuT7HAn.2","action":"ProcessGetUpdates", "result":"Done", "context":{"dataType":"History", "deleted":"0", "process_failed_to_decrypt":"0", "process_pending_decryption":"0", "process_success":"250", "total":"250"}}
{"logTime": "0911/164829", "correlationVector":"9KIFfl8bulm9q8vAuT7HAn.3","action":"GetUpdates Response", "result":"Success", "context":Received 250 update(s). cV=9KIFfl8bulm9q8vAuT7HAn.0;server=akswtt00300002j;cloudType=Consumer;environment=Prod_southeastasia_prod-s01-064-apac-southeastasia;migrationStage=NotStarted Some updates remain.}
{"logTime": "0911/164829", "correlationVector":"Sl5d2fJBgBBr9jKX6olaIK","action":"Initial GetUpdates", "result":"", "context":Reason: NEWLY_SUPPORTED_DATATYPE. cV=Sl5d2fJBgBBr9jKX6olaIK}
{"logTime": "0911/164831", "correlationVector":"Sl5d2fJBgBBr9jKX6olaIK.1","action":"SyncServerConnectionManagerRequest", "result":"SYNC_SERVER_OK", "context":{"environment":"Prod_southeastasia_prod-s01-064-apac-southeastasia", "migrationStage":"NotStarted", "server":"akswtt00300000l"}}
{"logTime": "0911/164831", "correlationVector":"Sl5d2fJBgBBr9jKX6olaIK.2","action":"ProcessGetUpdates", "result":"Done", "context":{"dataType":"History", "deleted":"0", "process_failed_to_decrypt":"0", "process_pending_decryption":"0", "process_success":"250", "total":"250"}}
{"logTime": "0911/164831", "correlationVector":"Sl5d2fJBgBBr9jKX6olaIK.3","action":"GetUpdates Response", "result":"Success", "context":Received 250 update(s). cV=Sl5d2fJBgBBr9jKX6olaIK.0;server=akswtt00300000l;cloudType=Consumer;environment=Prod_southeastasia_prod-s01-064-apac-southeastasia;migrationStage=NotStarted Some updates remain.}
{"logTime": "0911/164831", "correlationVector":"In3ZVKuDVVtDpz8NLXCNse","action":"Initial GetUpdates", "result":"", "context":Reason: NEWLY_SUPPORTED_DATATYPE. cV=In3ZVKuDVVtDpz8NLXCNse}
{"logTime": "0911/164832", "correlationVector":"In3ZVKuDVVtDpz8NLXCNse.1","action":"SyncServerConnectionManagerRequest", "result":"SYNC_SERVER_OK", "context":{"environment":"Prod_southeastasia_prod-s01-064-apac-southeastasia", "migrationStage":"NotStarted", "server":"akswtt003000005"}}
{"logTime": "0911/164832", "correlationVector":"In3ZVKuDVVtDpz8NLXCNse.2","action":"ProcessGetUpdates", "result":"Done", "context":{"dataType":"History", "deleted":"0", "process_failed_to_decrypt":"0", "process_pending_decryption":"0", "process_success":"250", "total":"250"}}
{"logTime": "0911/164832", "correlationVector":"In3ZVKuDVVtDpz8NLXCNse.3","action":"GetUpdates Response", "result":"Success", "context":Received 250 update(s). cV=In3ZVKuDVVtDpz8NLXCNse.0;server=akswtt003000005;cloudType=Consumer;environment=Prod_southeastasia_prod-s01-064-apac-southeastasia;migrationStage=NotStarted Some updates remain.}
{"logTime": "0911/164832", "correlationVector":"JNAv39yjiRgSsBfVkjRPeW","action":"Initial GetUpdates", "result":"", "context":Reason: NEWLY_SUPPORTED_DATATYPE. cV=JNAv39yjiRgSsBfVkjRPeW}
{"logTime": "0911/164833", "correlationVector":"JNAv39yjiRgSsBfVkjRPeW.1","action":"SyncServerConnectionManagerRequest", "result":"SYNC_SERVER_OK", "context":{"environment":"Prod_southeastasia_prod-s01-064-apac-southeastasia", "migrationStage":"NotStarted", "server":"akswtt003000005"}}
{"logTime": "0911/164833", "correlationVector":"JNAv39yjiRgSsBfVkjRPeW.2","action":"ProcessGetUpdates", "result":"Done", "context":{"dataType":"History", "deleted":"0", "process_failed_to_decrypt":"0", "process_pending_decryption":"0", "process_success":"250", "total":"250"}}
{"logTime": "0911/164833", "correlationVector":"JNAv39yjiRgSsBfVkjRPeW.3","action":"GetUpdates Response", "result":"Success", "context":Received 250 update(s). cV=JNAv39yjiRgSsBfVkjRPeW.0;server=akswtt003000005;cloudType=Consumer;environment=Prod_southeastasia_prod-s01-064-apac-southeastasia;migrationStage=NotStarted Some updates remain.}
{"logTime": "0911/164833", "correlationVector":"pKxGwhpMIxDjt2YSJjxfRv","action":"Initial GetUpdates", "result":"", "context":Reason: NEWLY_SUPPORTED_DATATYPE. cV=pKxGwhpMIxDjt2YSJjxfRv}
{"logTime": "0911/164835", "correlationVector":"pKxGwhpMIxDjt2YSJjxfRv.1","action":"SyncServerConnectionManagerRequest", "result":"SYNC_SERVER_OK", "context":{"environment":"Prod_southeastasia_prod-s01-064-apac-southeastasia", "migrationStage":"NotStarted", "server":"akswtt003000000"}}
{"logTime": "0911/164835", "correlationVector":"pKxGwhpMIxDjt2YSJjxfRv.2","action":"ProcessGetUpdates", "result":"Done", "context":{"dataType":"History", "deleted":"0", "process_failed_to_decrypt":"0", "process_pending_decryption":"0", "process_success":"250", "total":"250"}}
{"logTime": "0911/164835", "correlationVector":"pKxGwhpMIxDjt2YSJjxfRv.3","action":"GetUpdates Response", "result":"Success", "context":Received 250 update(s). cV=pKxGwhpMIxDjt2YSJjxfRv.0;server=akswtt003000000;cloudType=Consumer;environment=Prod_southeastasia_prod-s01-064-apac-southeastasia;migrationStage=NotStarted Some updates remain.}
{"logTime": "0911/164835", "correlationVector":"Mh/5wFodTEDH8VP4ggOWQb","action":"Initial GetUpdates", "result":"", "context":Reason: NEWLY_SUPPORTED_DATATYPE. cV=Mh/5wFodTEDH8VP4ggOWQb}
{"logTime": "0911/164837", "correlationVector":"Mh/5wFodTEDH8VP4ggOWQb.1","action":"SyncServerConnectionManagerRequest", "result":"SYNC_SERVER_OK", "context":{"environment":"Prod_southeastasia_prod-s01-064-apac-southeastasia", "migrationStage":"NotStarted", "server":"akswtt003000003"}}
{"logTime": "0911/164837", "correlationVector":"Mh/5wFodTEDH8VP4ggOWQb.2","action":"ProcessGetUpdates", "result":"Done", "context":{"dataType":"History", "deleted":"0", "process_failed_to_decrypt":"0", "process_pending_decryption":"0", "process_success":"250", "total":"250"}}
{"logTime": "0911/164837", "correlationVector":"Mh/5wFodTEDH8VP4ggOWQb.3","action":"GetUpdates Response", "result":"Success", "context":Received 250 update(s). cV=Mh/5wFodTEDH8VP4ggOWQb.0;server=akswtt003000003;cloudType=Consumer;environment=Prod_southeastasia_prod-s01-064-apac-southeastasia;migrationStage=NotStarted Some updates remain.}
{"logTime": "0911/164837", "correlationVector":"FO2LOu8DVCJMdCXau+/TAG","action":"Initial GetUpdates", "result":"", "context":Reason: NEWLY_SUPPORTED_DATATYPE. cV=FO2LOu8DVCJMdCXau+/TAG}
{"logTime": "0911/164838", "correlationVector":"FO2LOu8DVCJMdCXau+/TAG.1","action":"SyncServerConnectionManagerRequest", "result":"SYNC_SERVER_OK", "context":{"environment":"Prod_southeastasia_prod-s01-064-apac-southeastasia", "migrationStage":"NotStarted", "server":"akswtt003000000"}}
{"logTime": "0911/164838", "correlationVector":"FO2LOu8DVCJMdCXau+/TAG.2","action":"ProcessGetUpdates", "result":"Done", "context":{"dataType":"History", "deleted":"0", "process_failed_to_decrypt":"0", "process_pending_decryption":"0", "process_success":"250", "total":"250"}}
{"logTime": "0911/164838", "correlationVector":"FO2LOu8DVCJMdCXau+/TAG.3","action":"GetUpdates Response", "result":"Success", "context":Received 250 update(s). cV=FO2LOu8DVCJMdCXau+/TAG.0;server=akswtt003000000;cloudType=Consumer;environment=Prod_southeastasia_prod-s01-064-apac-southeastasia;migrationStage=NotStarted Some updates remain.}
{"logTime": "0911/164838", "correlationVector":"2pPAWCzGe72zHtZG68k0cF","action":"Initial GetUpdates", "result":"", "context":Reason: NEWLY_SUPPORTED_DATATYPE. cV=2pPAWCzGe72zHtZG68k0cF}
{"logTime": "0911/164840", "correlationVector":"2pPAWCzGe72zHtZG68k0cF.1","action":"SyncServerConnectionManagerRequest", "result":"SYNC_SERVER_OK", "context":{"environment":"Prod_southeastasia_prod-s01-064-apac-southeastasia", "migrationStage":"NotStarted", "server":"akswtt003000005"}}
{"logTime": "0911/164840", "correlationVector":"2pPAWCzGe72zHtZG68k0cF.2","action":"ProcessGetUpdates", "result":"Done", "context":{"dataType":"History", "deleted":"0", "process_failed_to_decrypt":"0", "process_pending_decryption":"0", "process_success":"250", "total":"250"}}
{"logTime": "0911/164840", "correlationVector":"2pPAWCzGe72zHtZG68k0cF.3","action":"GetUpdates Response", "result":"Success", "context":Received 250 update(s). cV=2pPAWCzGe72zHtZG68k0cF.0;server=akswtt003000005;cloudType=Consumer;environment=Prod_southeastasia_prod-s01-064-apac-southeastasia;migrationStage=NotStarted Some updates remain.}
{"logTime": "0911/164840", "correlationVector":"qS3XSY1sUe7Q/wBlvM1H0b","action":"Initial GetUpdates", "result":"", "context":Reason: NEWLY_SUPPORTED_DATATYPE. cV=qS3XSY1sUe7Q/wBlvM1H0b}
{"logTime": "0911/164841", "correlationVector":"qS3XSY1sUe7Q/wBlvM1H0b.1","action":"SyncServerConnectionManagerRequest", "result":"SYNC_SERVER_OK", "context":{"environment":"Prod_southeastasia_prod-s01-064-apac-southeastasia", "migrationStage":"NotStarted", "server":"akswtt003000005"}}
{"logTime": "0911/164841", "correlationVector":"qS3XSY1sUe7Q/wBlvM1H0b.2","action":"ProcessGetUpdates", "result":"Done", "context":{"dataType":"History", "deleted":"0", "process_failed_to_decrypt":"0", "process_pending_decryption":"0", "process_success":"250", "total":"250"}}
{"logTime": "0911/164841", "correlationVector":"qS3XSY1sUe7Q/wBlvM1H0b.3","action":"GetUpdates Response", "result":"Success", "context":Received 250 update(s). cV=qS3XSY1sUe7Q/wBlvM1H0b.0;server=akswtt003000005;cloudType=Consumer;environment=Prod_southeastasia_prod-s01-064-apac-southeastasia;migrationStage=NotStarted Some updates remain.}
{"logTime": "0911/164841", "correlationVector":"D2DvTQb5ati5+yGQU97F/V","action":"Initial GetUpdates", "result":"", "context":Reason: NEWLY_SUPPORTED_DATATYPE. cV=D2DvTQb5ati5+yGQU97F/V}
{"logTime": "0911/164842", "correlationVector":"D2DvTQb5ati5+yGQU97F/V.1","action":"SyncServerConnectionManagerRequest", "result":"SYNC_SERVER_OK", "context":{"environment":"Prod_southeastasia_prod-s01-064-apac-southeastasia", "migrationStage":"NotStarted", "server":"akswtt00300002d"}}
{"logTime": "0911/164842", "correlationVector":"D2DvTQb5ati5+yGQU97F/V.2","action":"ProcessGetUpdates", "result":"Done", "context":{"dataType":"History", "deleted":"0", "process_failed_to_decrypt":"0", "process_pending_decryption":"0", "process_success":"250", "total":"250"}}
{"logTime": "0911/164842", "correlationVector":"D2DvTQb5ati5+yGQU97F/V.3","action":"GetUpdates Response", "result":"Success", "context":Received 250 update(s). cV=D2DvTQb5ati5+yGQU97F/V.0;server=akswtt00300002d;cloudType=Consumer;environment=Prod_southeastasia_prod-s01-064-apac-southeastasia;migrationStage=NotStarted Some updates remain.}
{"logTime": "0911/164842", "correlationVector":"H0WhN0dI6xp04ko0RQgJXR","action":"Initial GetUpdates", "result":"", "context":Reason: NEWLY_SUPPORTED_DATATYPE. cV=H0WhN0dI6xp04ko0RQgJXR}
{"logTime": "0911/164843", "correlationVector":"H0WhN0dI6xp04ko0RQgJXR.1","action":"SyncServerConnectionManagerRequest", "result":"SYNC_SERVER_OK", "context":{"environment":"Prod_southeastasia_prod-s01-064-apac-southeastasia", "migrationStage":"NotStarted", "server":"akswtt00300000s"}}
{"logTime": "0911/164843", "correlationVector":"H0WhN0dI6xp04ko0RQgJXR.2","action":"ProcessGetUpdates", "result":"Done", "context":{"dataType":"History", "deleted":"0", "process_failed_to_decrypt":"0", "process_pending_decryption":"0", "process_success":"250", "total":"250"}}
{"logTime": "0911/164843", "correlationVector":"H0WhN0dI6xp04ko0RQgJXR.3","action":"GetUpdates Response", "result":"Success", "context":Received 250 update(s). cV=H0WhN0dI6xp04ko0RQgJXR.0;server=akswtt00300000s;cloudType=Consumer;environment=Prod_southeastasia_prod-s01-064-apac-southeastasia;migrationStage=NotStarted Some updates remain.}
{"logTime": "0911/164843", "correlationVector":"7dTxgE8wSJ0qsPvJ5CiSOw","action":"Initial GetUpdates", "result":"", "context":Reason: NEWLY_SUPPORTED_DATATYPE. cV=7dTxgE8wSJ0qsPvJ5CiSOw}
{"logTime": "0911/164844", "correlationVector":"7dTxgE8wSJ0qsPvJ5CiSOw.1","action":"SyncServerConnectionManagerRequest", "result":"SYNC_SERVER_OK", "context":{"environment":"Prod_southeastasia_prod-s01-064-apac-southeastasia", "migrationStage":"NotStarted", "server":"akswtt003000005"}}
{"logTime": "0911/164844", "correlationVector":"7dTxgE8wSJ0qsPvJ5CiSOw.2","action":"ProcessGetUpdates", "result":"Done", "context":{"dataType":"History", "deleted":"0", "process_failed_to_decrypt":"0", "process_pending_decryption":"0", "process_success":"250", "total":"250"}}
{"logTime": "0911/164844", "correlationVector":"7dTxgE8wSJ0qsPvJ5CiSOw.3","action":"GetUpdates Response", "result":"Success", "context":Received 250 update(s). cV=7dTxgE8wSJ0qsPvJ5CiSOw.0;server=akswtt003000005;cloudType=Consumer;environment=Prod_southeastasia_prod-s01-064-apac-southeastasia;migrationStage=NotStarted Some updates remain.}
{"logTime": "0911/164844", "correlationVector":"t1wYki99wd9iMYsbl7Is5D","action":"Initial GetUpdates", "result":"", "context":Reason: NEWLY_SUPPORTED_DATATYPE. cV=t1wYki99wd9iMYsbl7Is5D}
{"logTime": "0911/164845", "correlationVector":"t1wYki99wd9iMYsbl7Is5D.1","action":"SyncServerConnectionManagerRequest", "result":"SYNC_SERVER_OK", "context":{"environment":"Prod_southeastasia_prod-s01-064-apac-southeastasia", "migrationStage":"NotStarted", "server":"akswtt00300004k"}}
{"logTime": "0911/164845", "correlationVector":"t1wYki99wd9iMYsbl7Is5D.2","action":"ProcessGetUpdates", "result":"Done", "context":{"dataType":"History", "deleted":"0", "process_failed_to_decrypt":"0", "process_pending_decryption":"0", "process_success":"250", "total":"250"}}
{"logTime": "0911/164845", "correlationVector":"t1wYki99wd9iMYsbl7Is5D.3","action":"GetUpdates Response", "result":"Success", "context":Received 250 update(s). cV=t1wYki99wd9iMYsbl7Is5D.0;server=akswtt00300004k;cloudType=Consumer;environment=Prod_southeastasia_prod-s01-064-apac-southeastasia;migrationStage=NotStarted Some updates remain.}
{"logTime": "0911/164845", "correlationVector":"247RwRWD2b2gRxDxZIMorr","action":"Initial GetUpdates", "result":"", "context":Reason: NEWLY_SUPPORTED_DATATYPE. cV=247RwRWD2b2gRxDxZIMorr}
{"logTime": "0911/164846", "correlationVector":"247RwRWD2b2gRxDxZIMorr.1","action":"SyncServerConnectionManagerRequest", "result":"SYNC_SERVER_OK", "context":{"environment":"Prod_southeastasia_prod-s01-064-apac-southeastasia", "migrationStage":"NotStarted", "server":"akswtt003000005"}}
{"logTime": "0911/164846", "correlationVector":"247RwRWD2b2gRxDxZIMorr.2","action":"ProcessGetUpdates", "result":"Done", "context":{"dataType":"History", "deleted":"0", "process_failed_to_decrypt":"0", "process_pending_decryption":"0", "process_success":"250", "total":"250"}}
{"logTime": "0911/164846", "correlationVector":"247RwRWD2b2gRxDxZIMorr.3","action":"GetUpdates Response", "result":"Success", "context":Received 250 update(s). cV=247RwRWD2b2gRxDxZIMorr.0;server=akswtt003000005;cloudType=Consumer;environment=Prod_southeastasia_prod-s01-064-apac-southeastasia;migrationStage=NotStarted Some updates remain.}
{"logTime": "0911/164846", "correlationVector":"Acihz9VJtanAcM540xeN+F","action":"Initial GetUpdates", "result":"", "context":Reason: NEWLY_SUPPORTED_DATATYPE. cV=Acihz9VJtanAcM540xeN+F}
{"logTime": "0911/164847", "correlationVector":"Acihz9VJtanAcM540xeN+F.1","action":"SyncServerConnectionManagerRequest", "result":"SYNC_SERVER_OK", "context":{"environment":"Prod_southeastasia_prod-s01-064-apac-southeastasia", "migrationStage":"NotStarted", "server":"akswtt003000033"}}
{"logTime": "0911/164847", "correlationVector":"Acihz9VJtanAcM540xeN+F.2","action":"ProcessGetUpdates", "result":"Done", "context":{"dataType":"History", "deleted":"0", "process_failed_to_decrypt":"0", "process_pending_decryption":"0", "process_success":"184", "total":"184"}}
{"logTime": "0911/164847", "correlationVector":"Acihz9VJtanAcM540xeN+F.3","action":"GetUpdates Response", "result":"Success", "context":Received 184 update(s). cV=Acihz9VJtanAcM540xeN+F.0;server=akswtt003000033;cloudType=Consumer;environment=Prod_southeastasia_prod-s01-064-apac-southeastasia;migrationStage=NotStarted}
{"logTime": "0911/164847", "correlationVector":"m1ghDyCPoQwoKoOXHC5wRw","action":"Normal GetUpdate request", "result":"", "context":cV=m1ghDyCPoQwoKoOXHC5wRw
Nudged types: Passwords, Sessions, Device Info, User Consents
Refresh requested types: Bookmarks, Preferences, Passwords, Autofill Profiles, Autofill, Extensions, Sessions, Extension settings, History Delete Directives, Device Info, User Consents, Send Tab To Self, Web Apps, History, Saved Tab Group, WebAuthn Credentials, Edge Hub App Usage, Edge Workspace, Encryption Keys}
{"logTime": "0911/164847", "correlationVector":"m1ghDyCPoQwoKoOXHC5wRw.1","action":"SyncServerConnectionManagerRequest", "result":"SYNC_SERVER_OK", "context":{"environment":"Prod_southeastasia_prod-s01-064-apac-southeastasia", "migrationStage":"NotStarted", "server":"akswtt00300002j"}}
{"logTime": "0911/164847", "correlationVector":"m1ghDyCPoQwoKoOXHC5wRw.2","action":"GetUpdates Response", "result":"Success", "context":Received 0 update(s). cV=m1ghDyCPoQwoKoOXHC5wRw.0;server=akswtt00300002j;cloudType=Consumer;environment=Prod_southeastasia_prod-s01-064-apac-southeastasia;migrationStage=NotStarted}
{"logTime": "0911/164847", "correlationVector":"nDImyTZbQDJX8La+6DQQf8","action":"Commit Request", "result":"", "context":Item count: 40
Contributing types: Passwords}
{"logTime": "0911/164852", "correlationVector":"nDImyTZbQDJX8La+6DQQf8.1","action":"SyncServerConnectionManagerRequest", "result":"SYNC_SERVER_OK", "context":{"environment":"Prod_southeastasia_prod-s01-064-apac-southeastasia", "migrationStage":"NotStarted", "server":"akswtt003000003"}}
{"logTime": "0911/164852", "correlationVector":"nDImyTZbQDJX8La+6DQQf8.2","action":"Commit Response", "result":"Success", "context":Result: Success. cV=nDImyTZbQDJX8La+6DQQf8.0;server=akswtt003000003;cloudType=Consumer;environment=Prod_southeastasia_prod-s01-064-apac-southeastasia;migrationStage=NotStarted}
{"logTime": "0911/164852", "correlationVector":"x7nvYrg3XRZV/edCg9MI+V","action":"Commit Request", "result":"", "context":Item count: 40
Contributing types: Passwords}
{"logTime": "0911/164857", "correlationVector":"x7nvYrg3XRZV/edCg9MI+V.1","action":"SyncServerConnectionManagerRequest", "result":"SYNC_SERVER_OK", "context":{"environment":"Prod_southeastasia_prod-s01-064-apac-southeastasia", "migrationStage":"NotStarted", "server":"akswtt00300000j"}}
{"logTime": "0911/164857", "correlationVector":"x7nvYrg3XRZV/edCg9MI+V.2","action":"Commit Response", "result":"Success", "context":Result: Success. cV=x7nvYrg3XRZV/edCg9MI+V.0;server=akswtt00300000j;cloudType=Consumer;environment=Prod_southeastasia_prod-s01-064-apac-southeastasia;migrationStage=NotStarted}
{"logTime": "0911/164857", "correlationVector":"U8FJWpf3Kj3/9Dr3wcK7H0","action":"Commit Request", "result":"", "context":Item count: 39
Contributing types: Passwords, Sessions, Device Info, User Consents}
{"logTime": "0911/164901", "correlationVector":"U8FJWpf3Kj3/9Dr3wcK7H0.1","action":"SyncServerConnectionManagerRequest", "result":"SYNC_SERVER_OK", "context":{"environment":"Prod_southeastasia_prod-s01-064-apac-southeastasia", "migrationStage":"NotStarted", "server":"akswtt00300002t"}}
{"logTime": "0911/164901", "correlationVector":"U8FJWpf3Kj3/9Dr3wcK7H0.2","action":"Commit Response", "result":"Success", "context":Result: Success. cV=U8FJWpf3Kj3/9Dr3wcK7H0.0;server=akswtt00300002t;cloudType=Consumer;environment=Prod_southeastasia_prod-s01-064-apac-southeastasia;migrationStage=NotStarted}
{"logTime": "0911/165042", "correlationVector":"AFhEHMRicNnSUWks5nfiub","action":"Normal GetUpdate request", "result":"", "context":cV=AFhEHMRicNnSUWks5nfiub
Notified types: Passwords}
{"logTime": "0911/165044", "correlationVector":"AFhEHMRicNnSUWks5nfiub.1","action":"SyncServerConnectionManagerRequest", "result":"SYNC_SERVER_OK", "context":{"environment":"Prod_southeastasia_prod-s01-065-apac-southeastasia", "migrationStage":"NotStarted", "server":"akswtt00300002l"}}
{"logTime": "0911/165044", "correlationVector":"AFhEHMRicNnSUWks5nfiub.2","action":"ProcessGetUpdates", "result":"Done", "context":{"dataType":"Passwords", "deleted":"0", "process_failed_to_decrypt":"0", "process_pending_decryption":"0", "process_success":"115", "total":"115"}}
{"logTime": "0911/165044", "correlationVector":"AFhEHMRicNnSUWks5nfiub.3","action":"ProcessGetUpdates", "result":"Done", "context":{"dataType":"Sessions", "deleted":"0", "process_failed_to_decrypt":"0", "process_pending_decryption":"0", "process_success":"2", "total":"2"}}
{"logTime": "0911/165044", "correlationVector":"AFhEHMRicNnSUWks5nfiub.4","action":"ProcessGetUpdates", "result":"Done", "context":{"dataType":"Device Info", "deleted":"0", "process_failed_to_decrypt":"0", "process_pending_decryption":"0", "process_success":"1", "total":"1"}}
{"logTime": "0911/165044", "correlationVector":"AFhEHMRicNnSUWks5nfiub.5","action":"GetUpdates Response", "result":"Success", "context":Received 118 update(s). cV=AFhEHMRicNnSUWks5nfiub.0;server=akswtt00300002l;cloudType=Consumer;environment=Prod_southeastasia_prod-s01-065-apac-southeastasia;migrationStage=NotStarted}
{"logTime": "0911/165044", "correlationVector":"oYjLdTTjPGfH+53gFJnm4o","action":"DoCompareDataConsistency requsted types: ", "result":"Bookmarks, Preferences, Passwords, Extensions, Extension settings, History Delete Directives, Send Tab To Self, Web Apps, History, Saved Tab Group, WebAuthn Credentials, Edge Workspace, Encryption Keys"}
{"logTime": "0911/165044", "correlationVector":"oYjLdTTjPGfH+53gFJnm4o.0","action":"CompareDataConsistency result: ", "result":"Compare result: Encryption Keys is consistent. local entities count is: 1 local entities hash is: ImIS8BmBtHyI2AobW8VZajYRClI="}
{"logTime": "0911/165044", "correlationVector":"oYjLdTTjPGfH+53gFJnm4o.1","action":"CompareDataConsistency result: ", "result":"Compare result: Bookmarks is consistent. local entities count is: 214 local entities hash is: x5ObKL5rDKYSWhP3ScsgTQkK0Q4="}
{"logTime": "0911/165044", "correlationVector":"oYjLdTTjPGfH+53gFJnm4o.2","action":"CompareDataConsistency result: ", "result":"Compare result: Preferences is consistent. local entities count is: 133 local entities hash is: D/9ZH6DPDqEo3q2pNOkYC+MWNw0="}
{"logTime": "0911/165044", "correlationVector":"oYjLdTTjPGfH+53gFJnm4o.3","action":"CompareDataConsistency result: ", "result":"Compare result: Extensions is consistent. local entities count is: 17 local entities hash is: ZJiOzbdiGVPPwh1RqdEWGiFrySM="}
{"logTime": "0911/165044", "correlationVector":"oYjLdTTjPGfH+53gFJnm4o.4","action":"CompareDataConsistency result: ", "result":"Compare result: Extension settings is consistent. local entities count is: 21 local entities hash is: 42TpZDx0XsJ66UK54wiDFlOx3E8="}
{"logTime": "0911/165044", "correlationVector":"oYjLdTTjPGfH+53gFJnm4o.5","action":"CompareDataConsistency result: ", "result":"Compare result: History Delete Directives is consistent. local entities count is: 0 local entities hash is: "}
{"logTime": "0911/165044", "correlationVector":"oYjLdTTjPGfH+53gFJnm4o.6","action":"CompareDataConsistency result: ", "result":"Server did not send this Send Tab To Self local entities count is: 0 local entities hash is: "}
{"logTime": "0911/165044", "correlationVector":"oYjLdTTjPGfH+53gFJnm4o.7","action":"CompareDataConsistency result: ", "result":"Compare result: Web Apps is consistent. local entities count is: 3 local entities hash is: 7mr8F6nrbDLhtRiPMIaT9t8r/s0="}
{"logTime": "0911/165044", "correlationVector":"oYjLdTTjPGfH+53gFJnm4o.8","action":"CompareDataConsistency result: ", "result":"Server did not send this History local entities count is: 0 local entities hash is: "}
{"logTime": "0911/165044", "correlationVector":"oYjLdTTjPGfH+53gFJnm4o.9","action":"CompareDataConsistency result: ", "result":"Compare result: Saved Tab Group is consistent. local entities count is: 0 local entities hash is: "}
{"logTime": "0911/165044", "correlationVector":"oYjLdTTjPGfH+53gFJnm4o.10","action":"CompareDataConsistency result: ", "result":"Server did not send this WebAuthn Credentials local entities count is: 3 local entities hash is: 88S2rTBorbNcTY3tSj5o6QGSgi8="}
{"logTime": "0911/165044", "correlationVector":"oYjLdTTjPGfH+53gFJnm4o.11","action":"CompareDataConsistency result: ", "result":"Server did not send this Edge Workspace local entities count is: 0 local entities hash is: "}
{"logTime": "0911/165044", "correlationVector":"oYjLdTTjPGfH+53gFJnm4o.12","action":"CompareDataConsistency result: ", "result":"Compare result: Passwords is inconsistent. server entities count is: 190 server entities hash is: AAibrRGyTf8uSY+Qi4EvrQhxwUo= local entities count is: 189 local entities hash is: fdpz89U1dfaqLn4bSxvU7R+Rs6g="}
{"logTime": "0911/165045", "correlationVector":"","action":"DIAGNOSTIC_REQUEST|v1/diagnosticData/Diagnostic.SendCheckResult()|SUCCESS", "result":""}
{"logTime": "0911/165046", "correlationVector":"7SssExO7+rXBcroGK2kNcS","action":"Normal GetUpdate request", "result":"", "context":cV=7SssExO7+rXBcroGK2kNcS
Notified types: Passwords}
{"logTime": "0911/165047", "correlationVector":"7SssExO7+rXBcroGK2kNcS.1","action":"SyncServerConnectionManagerRequest", "result":"SYNC_SERVER_OK", "context":{"environment":"Prod_southeastasia_prod-s01-065-apac-southeastasia", "migrationStage":"NotStarted", "server":"akswtt003000009"}}
{"logTime": "0911/165047", "correlationVector":"7SssExO7+rXBcroGK2kNcS.2","action":"ProcessGetUpdates", "result":"Done", "context":{"dataType":"Passwords", "deleted":"0", "process_failed_to_decrypt":"0", "process_pending_decryption":"0", "process_success":"37", "total":"37"}}
{"logTime": "0911/165047", "correlationVector":"7SssExO7+rXBcroGK2kNcS.3","action":"GetUpdates Response", "result":"Success", "context":Received 37 update(s). cV=7SssExO7+rXBcroGK2kNcS.0;server=akswtt003000009;cloudType=Consumer;environment=Prod_southeastasia_prod-s01-065-apac-southeastasia;migrationStage=NotStarted}
{"logTime": "0911/165050", "correlationVector":"VsHnYK+6I+2IozJpTbI2mZ","action":"Normal GetUpdate request", "result":"", "context":cV=VsHnYK+6I+2IozJpTbI2mZ
Notified types: Passwords, Device Info}
{"logTime": "0911/165051", "correlationVector":"VsHnYK+6I+2IozJpTbI2mZ.1","action":"SyncServerConnectionManagerRequest", "result":"SYNC_SERVER_OK", "context":{"environment":"Prod_southeastasia_prod-s01-065-apac-southeastasia", "migrationStage":"NotStarted", "server":"akswtt003000044"}}
{"logTime": "0911/165051", "correlationVector":"VsHnYK+6I+2IozJpTbI2mZ.2","action":"ProcessGetUpdates", "result":"Done", "context":{"dataType":"Passwords", "deleted":"0", "process_failed_to_decrypt":"0", "process_pending_decryption":"0", "process_success":"36", "total":"36"}}
{"logTime": "0911/165051", "correlationVector":"VsHnYK+6I+2IozJpTbI2mZ.3","action":"ProcessGetUpdates", "result":"Done", "context":{"dataType":"Sessions", "deleted":"0", "process_failed_to_decrypt":"0", "process_pending_decryption":"0", "process_success":"2", "total":"2"}}
{"logTime": "0911/165051", "correlationVector":"VsHnYK+6I+2IozJpTbI2mZ.4","action":"ProcessGetUpdates", "result":"Done", "context":{"dataType":"Device Info", "deleted":"0", "process_failed_to_decrypt":"0", "process_pending_decryption":"0", "process_success":"1", "total":"1"}}
{"logTime": "0911/165051", "correlationVector":"VsHnYK+6I+2IozJpTbI2mZ.5","action":"GetUpdates Response", "result":"Success", "context":Received 39 update(s). cV=VsHnYK+6I+2IozJpTbI2mZ.0;server=akswtt003000044;cloudType=Consumer;environment=Prod_southeastasia_prod-s01-065-apac-southeastasia;migrationStage=NotStarted}
