{"logTime": "0911/164912", "correlationVector":"DNc/QAL2vKqaO6KMt4sliY.3","action":"GetUpdates Response", "result":"Success", "context":Received 250 update(s). cV=DNc/QAL2vKqaO6KMt4sliY.0;server=akswtt00300004k;cloudType=Consumer;environment=Prod_southeastasia_prod-s01-065-apac-southeastasia;migrationStage=NotStarted Some updates remain.}
{"logTime": "0911/164912", "correlationVector":"o4vEQbe4i0bftdzLG38SI0","action":"Initial GetUpdates", "result":"", "context":Reason: NEWLY_SUPPORTED_DATATYPE. cV=o4vEQbe4i0bftdzLG38SI0}
{"logTime": "0911/164913", "correlationVector":"o4vEQbe4i0bftdzLG38SI0.1","action":"SyncServerConnectionManagerRequest", "result":"SYNC_SERVER_OK", "context":{"environment":"Prod_southeastasia_prod-s01-065-apac-southeastasia", "migrationStage":"NotStarted", "server":"akswtt003000006"}}
{"logTime": "0911/164913", "correlationVector":"o4vEQbe4i0bftdzLG38SI0.2","action":"ProcessGetUpdates", "result":"Done", "context":{"dataType":"History", "deleted":"0", "process_failed_to_decrypt":"0", "process_pending_decryption":"0", "process_success":"250", "total":"250"}}
{"logTime": "0911/164913", "correlationVector":"o4vEQbe4i0bftdzLG38SI0.3","action":"GetUpdates Response", "result":"Success", "context":Received 250 update(s). cV=o4vEQbe4i0bftdzLG38SI0.0;server=akswtt003000006;cloudType=Consumer;environment=Prod_southeastasia_prod-s01-065-apac-southeastasia;migrationStage=NotStarted Some updates remain.}
{"logTime": "0911/164913", "correlationVector":"fjmZWsFdnjl6gJnLJrut01","action":"Initial GetUpdates", "result":"", "context":Reason: NEWLY_SUPPORTED_DATATYPE. cV=fjmZWsFdnjl6gJnLJrut01}
{"logTime": "0911/164915", "correlationVector":"fjmZWsFdnjl6gJnLJrut01.1","action":"SyncServerConnectionManagerRequest", "result":"SYNC_SERVER_OK", "context":{"environment":"Prod_southeastasia_prod-s01-065-apac-southeastasia", "migrationStage":"NotStarted", "server":"akswtt003000039"}}
{"logTime": "0911/164915", "correlationVector":"fjmZWsFdnjl6gJnLJrut01.2","action":"ProcessGetUpdates", "result":"Done", "context":{"dataType":"History", "deleted":"0", "process_failed_to_decrypt":"0", "process_pending_decryption":"0", "process_success":"250", "total":"250"}}
{"logTime": "0911/164915", "correlationVector":"fjmZWsFdnjl6gJnLJrut01.3","action":"GetUpdates Response", "result":"Success", "context":Received 250 update(s). cV=fjmZWsFdnjl6gJnLJrut01.0;server=akswtt003000039;cloudType=Consumer;environment=Prod_southeastasia_prod-s01-065-apac-southeastasia;migrationStage=NotStarted Some updates remain.}
{"logTime": "0911/164915", "correlationVector":"AyrAMyjC1U9zZFnqRqsYJB","action":"Initial GetUpdates", "result":"", "context":Reason: NEWLY_SUPPORTED_DATATYPE. cV=AyrAMyjC1U9zZFnqRqsYJB}
{"logTime": "0911/164916", "correlationVector":"AyrAMyjC1U9zZFnqRqsYJB.1","action":"SyncServerConnectionManagerRequest", "result":"SYNC_SERVER_OK", "context":{"environment":"Prod_southeastasia_prod-s01-065-apac-southeastasia", "migrationStage":"NotStarted", "server":"akswtt00300000e"}}
{"logTime": "0911/164916", "correlationVector":"AyrAMyjC1U9zZFnqRqsYJB.2","action":"ProcessGetUpdates", "result":"Done", "context":{"dataType":"History", "deleted":"0", "process_failed_to_decrypt":"0", "process_pending_decryption":"0", "process_success":"250", "total":"250"}}
{"logTime": "0911/164916", "correlationVector":"AyrAMyjC1U9zZFnqRqsYJB.3","action":"GetUpdates Response", "result":"Success", "context":Received 250 update(s). cV=AyrAMyjC1U9zZFnqRqsYJB.0;server=akswtt00300000e;cloudType=Consumer;environment=Prod_southeastasia_prod-s01-065-apac-southeastasia;migrationStage=NotStarted Some updates remain.}
{"logTime": "0911/164916", "correlationVector":"GxMyF262FTE+z8nfRnnTv9","action":"Initial GetUpdates", "result":"", "context":Reason: NEWLY_SUPPORTED_DATATYPE. cV=GxMyF262FTE+z8nfRnnTv9}
{"logTime": "0911/164917", "correlationVector":"GxMyF262FTE+z8nfRnnTv9.1","action":"SyncServerConnectionManagerRequest", "result":"SYNC_SERVER_OK", "context":{"environment":"Prod_southeastasia_prod-s01-065-apac-southeastasia", "migrationStage":"NotStarted", "server":"akswtt003000024"}}
{"logTime": "0911/164917", "correlationVector":"GxMyF262FTE+z8nfRnnTv9.2","action":"ProcessGetUpdates", "result":"Done", "context":{"dataType":"History", "deleted":"0", "process_failed_to_decrypt":"0", "process_pending_decryption":"0", "process_success":"250", "total":"250"}}
{"logTime": "0911/164917", "correlationVector":"GxMyF262FTE+z8nfRnnTv9.3","action":"GetUpdates Response", "result":"Success", "context":Received 250 update(s). cV=GxMyF262FTE+z8nfRnnTv9.0;server=akswtt003000024;cloudType=Consumer;environment=Prod_southeastasia_prod-s01-065-apac-southeastasia;migrationStage=NotStarted Some updates remain.}
{"logTime": "0911/164917", "correlationVector":"ss1/A+mr33LTO3LUUMwc8w","action":"Initial GetUpdates", "result":"", "context":Reason: NEWLY_SUPPORTED_DATATYPE. cV=ss1/A+mr33LTO3LUUMwc8w}
{"logTime": "0911/164918", "correlationVector":"ss1/A+mr33LTO3LUUMwc8w.1","action":"SyncServerConnectionManagerRequest", "result":"SYNC_SERVER_OK", "context":{"environment":"Prod_southeastasia_prod-s01-065-apac-southeastasia", "migrationStage":"NotStarted", "server":"akswtt00300002t"}}
{"logTime": "0911/164918", "correlationVector":"ss1/A+mr33LTO3LUUMwc8w.2","action":"ProcessGetUpdates", "result":"Done", "context":{"dataType":"History", "deleted":"0", "process_failed_to_decrypt":"0", "process_pending_decryption":"0", "process_success":"250", "total":"250"}}
{"logTime": "0911/164918", "correlationVector":"ss1/A+mr33LTO3LUUMwc8w.3","action":"GetUpdates Response", "result":"Success", "context":Received 250 update(s). cV=ss1/A+mr33LTO3LUUMwc8w.0;server=akswtt00300002t;cloudType=Consumer;environment=Prod_southeastasia_prod-s01-065-apac-southeastasia;migrationStage=NotStarted Some updates remain.}
{"logTime": "0911/164918", "correlationVector":"upcrVPfhcsohtSk9LRrO1Z","action":"Initial GetUpdates", "result":"", "context":Reason: NEWLY_SUPPORTED_DATATYPE. cV=upcrVPfhcsohtSk9LRrO1Z}
{"logTime": "0911/164920", "correlationVector":"upcrVPfhcsohtSk9LRrO1Z.1","action":"SyncServerConnectionManagerRequest", "result":"SYNC_SERVER_OK", "context":{"environment":"Prod_southeastasia_prod-s01-065-apac-southeastasia", "migrationStage":"NotStarted", "server":"akswtt003000037"}}
{"logTime": "0911/164920", "correlationVector":"upcrVPfhcsohtSk9LRrO1Z.2","action":"ProcessGetUpdates", "result":"Done", "context":{"dataType":"History", "deleted":"0", "process_failed_to_decrypt":"0", "process_pending_decryption":"0", "process_success":"250", "total":"250"}}
{"logTime": "0911/164920", "correlationVector":"upcrVPfhcsohtSk9LRrO1Z.3","action":"GetUpdates Response", "result":"Success", "context":Received 250 update(s). cV=upcrVPfhcsohtSk9LRrO1Z.0;server=akswtt003000037;cloudType=Consumer;environment=Prod_southeastasia_prod-s01-065-apac-southeastasia;migrationStage=NotStarted Some updates remain.}
{"logTime": "0911/164920", "correlationVector":"N70vMC2uaKYWx+3AsPibuz","action":"Initial GetUpdates", "result":"", "context":Reason: NEWLY_SUPPORTED_DATATYPE. cV=N70vMC2uaKYWx+3AsPibuz}
{"logTime": "0911/164921", "correlationVector":"N70vMC2uaKYWx+3AsPibuz.1","action":"SyncServerConnectionManagerRequest", "result":"SYNC_SERVER_OK", "context":{"environment":"Prod_southeastasia_prod-s01-065-apac-southeastasia", "migrationStage":"NotStarted", "server":"akswtt00300002q"}}
{"logTime": "0911/164921", "correlationVector":"N70vMC2uaKYWx+3AsPibuz.2","action":"ProcessGetUpdates", "result":"Done", "context":{"dataType":"History", "deleted":"0", "process_failed_to_decrypt":"0", "process_pending_decryption":"0", "process_success":"250", "total":"250"}}
{"logTime": "0911/164921", "correlationVector":"N70vMC2uaKYWx+3AsPibuz.3","action":"GetUpdates Response", "result":"Success", "context":Received 250 update(s). cV=N70vMC2uaKYWx+3AsPibuz.0;server=akswtt00300002q;cloudType=Consumer;environment=Prod_southeastasia_prod-s01-065-apac-southeastasia;migrationStage=NotStarted Some updates remain.}
{"logTime": "0911/164921", "correlationVector":"PHzam4c5WVLzEL3xXC8lbN","action":"Initial GetUpdates", "result":"", "context":Reason: NEWLY_SUPPORTED_DATATYPE. cV=PHzam4c5WVLzEL3xXC8lbN}
{"logTime": "0911/164922", "correlationVector":"PHzam4c5WVLzEL3xXC8lbN.1","action":"SyncServerConnectionManagerRequest", "result":"SYNC_SERVER_OK", "context":{"environment":"Prod_southeastasia_prod-s01-065-apac-southeastasia", "migrationStage":"NotStarted", "server":"akswtt00300000b"}}
{"logTime": "0911/164922", "correlationVector":"PHzam4c5WVLzEL3xXC8lbN.2","action":"ProcessGetUpdates", "result":"Done", "context":{"dataType":"History", "deleted":"0", "process_failed_to_decrypt":"0", "process_pending_decryption":"0", "process_success":"250", "total":"250"}}
{"logTime": "0911/164922", "correlationVector":"PHzam4c5WVLzEL3xXC8lbN.3","action":"GetUpdates Response", "result":"Success", "context":Received 250 update(s). cV=PHzam4c5WVLzEL3xXC8lbN.0;server=akswtt00300000b;cloudType=Consumer;environment=Prod_southeastasia_prod-s01-065-apac-southeastasia;migrationStage=NotStarted Some updates remain.}
{"logTime": "0911/164922", "correlationVector":"psIC1vJHt6wXDhrTjnLQDH","action":"Initial GetUpdates", "result":"", "context":Reason: NEWLY_SUPPORTED_DATATYPE. cV=psIC1vJHt6wXDhrTjnLQDH}
{"logTime": "0911/164923", "correlationVector":"psIC1vJHt6wXDhrTjnLQDH.1","action":"SyncServerConnectionManagerRequest", "result":"SYNC_SERVER_OK", "context":{"environment":"Prod_southeastasia_prod-s01-065-apac-southeastasia", "migrationStage":"NotStarted", "server":"akswtt003000031"}}
{"logTime": "0911/164923", "correlationVector":"psIC1vJHt6wXDhrTjnLQDH.2","action":"ProcessGetUpdates", "result":"Done", "context":{"dataType":"History", "deleted":"0", "process_failed_to_decrypt":"0", "process_pending_decryption":"0", "process_success":"250", "total":"250"}}
{"logTime": "0911/164923", "correlationVector":"psIC1vJHt6wXDhrTjnLQDH.3","action":"GetUpdates Response", "result":"Success", "context":Received 250 update(s). cV=psIC1vJHt6wXDhrTjnLQDH.0;server=akswtt003000031;cloudType=Consumer;environment=Prod_southeastasia_prod-s01-065-apac-southeastasia;migrationStage=NotStarted Some updates remain.}
{"logTime": "0911/164923", "correlationVector":"FKNecqg2XRjrgi2E+v0Heq","action":"Initial GetUpdates", "result":"", "context":Reason: NEWLY_SUPPORTED_DATATYPE. cV=FKNecqg2XRjrgi2E+v0Heq}
{"logTime": "0911/164924", "correlationVector":"FKNecqg2XRjrgi2E+v0Heq.1","action":"SyncServerConnectionManagerRequest", "result":"SYNC_SERVER_OK", "context":{"environment":"Prod_southeastasia_prod-s01-065-apac-southeastasia", "migrationStage":"NotStarted", "server":"akswtt003000033"}}
{"logTime": "0911/164924", "correlationVector":"FKNecqg2XRjrgi2E+v0Heq.2","action":"ProcessGetUpdates", "result":"Done", "context":{"dataType":"History", "deleted":"0", "process_failed_to_decrypt":"0", "process_pending_decryption":"0", "process_success":"250", "total":"250"}}
{"logTime": "0911/164924", "correlationVector":"FKNecqg2XRjrgi2E+v0Heq.3","action":"GetUpdates Response", "result":"Success", "context":Received 250 update(s). cV=FKNecqg2XRjrgi2E+v0Heq.0;server=akswtt003000033;cloudType=Consumer;environment=Prod_southeastasia_prod-s01-065-apac-southeastasia;migrationStage=NotStarted Some updates remain.}
{"logTime": "0911/164924", "correlationVector":"LnsSiioOs0u/y/lJwEziFZ","action":"Initial GetUpdates", "result":"", "context":Reason: NEWLY_SUPPORTED_DATATYPE. cV=LnsSiioOs0u/y/lJwEziFZ}
{"logTime": "0911/164925", "correlationVector":"LnsSiioOs0u/y/lJwEziFZ.1","action":"SyncServerConnectionManagerRequest", "result":"SYNC_SERVER_OK", "context":{"environment":"Prod_southeastasia_prod-s01-065-apac-southeastasia", "migrationStage":"NotStarted", "server":"akswtt003000030"}}
{"logTime": "0911/164925", "correlationVector":"LnsSiioOs0u/y/lJwEziFZ.2","action":"ProcessGetUpdates", "result":"Done", "context":{"dataType":"History", "deleted":"0", "process_failed_to_decrypt":"0", "process_pending_decryption":"0", "process_success":"250", "total":"250"}}
{"logTime": "0911/164925", "correlationVector":"LnsSiioOs0u/y/lJwEziFZ.3","action":"GetUpdates Response", "result":"Success", "context":Received 250 update(s). cV=LnsSiioOs0u/y/lJwEziFZ.0;server=akswtt003000030;cloudType=Consumer;environment=Prod_southeastasia_prod-s01-065-apac-southeastasia;migrationStage=NotStarted Some updates remain.}
{"logTime": "0911/164925", "correlationVector":"jRMM17pFGqZvjI2PgWTNid","action":"Initial GetUpdates", "result":"", "context":Reason: NEWLY_SUPPORTED_DATATYPE. cV=jRMM17pFGqZvjI2PgWTNid}
{"logTime": "0911/164926", "correlationVector":"jRMM17pFGqZvjI2PgWTNid.1","action":"SyncServerConnectionManagerRequest", "result":"SYNC_SERVER_OK", "context":{"environment":"Prod_southeastasia_prod-s01-065-apac-southeastasia", "migrationStage":"NotStarted", "server":"akswtt00300002m"}}
{"logTime": "0911/164926", "correlationVector":"jRMM17pFGqZvjI2PgWTNid.2","action":"ProcessGetUpdates", "result":"Done", "context":{"dataType":"History", "deleted":"0", "process_failed_to_decrypt":"0", "process_pending_decryption":"0", "process_success":"250", "total":"250"}}
{"logTime": "0911/164926", "correlationVector":"jRMM17pFGqZvjI2PgWTNid.3","action":"GetUpdates Response", "result":"Success", "context":Received 250 update(s). cV=jRMM17pFGqZvjI2PgWTNid.0;server=akswtt00300002m;cloudType=Consumer;environment=Prod_southeastasia_prod-s01-065-apac-southeastasia;migrationStage=NotStarted Some updates remain.}
{"logTime": "0911/164926", "correlationVector":"lN24SucSu9556aqRqyuvQI","action":"Initial GetUpdates", "result":"", "context":Reason: NEWLY_SUPPORTED_DATATYPE. cV=lN24SucSu9556aqRqyuvQI}
{"logTime": "0911/164927", "correlationVector":"lN24SucSu9556aqRqyuvQI.1","action":"SyncServerConnectionManagerRequest", "result":"SYNC_SERVER_OK", "context":{"environment":"Prod_southeastasia_prod-s01-065-apac-southeastasia", "migrationStage":"NotStarted", "server":"akswtt00300000h"}}
{"logTime": "0911/164927", "correlationVector":"lN24SucSu9556aqRqyuvQI.2","action":"ProcessGetUpdates", "result":"Done", "context":{"dataType":"History", "deleted":"0", "process_failed_to_decrypt":"0", "process_pending_decryption":"0", "process_success":"250", "total":"250"}}
{"logTime": "0911/164927", "correlationVector":"lN24SucSu9556aqRqyuvQI.3","action":"GetUpdates Response", "result":"Success", "context":Received 250 update(s). cV=lN24SucSu9556aqRqyuvQI.0;server=akswtt00300000h;cloudType=Consumer;environment=Prod_southeastasia_prod-s01-065-apac-southeastasia;migrationStage=NotStarted Some updates remain.}
{"logTime": "0911/164927", "correlationVector":"ZdErCGoD/TvuGyTjU4x8/3","action":"Initial GetUpdates", "result":"", "context":Reason: NEWLY_SUPPORTED_DATATYPE. cV=ZdErCGoD/TvuGyTjU4x8/3}
{"logTime": "0911/164928", "correlationVector":"ZdErCGoD/TvuGyTjU4x8/3.1","action":"SyncServerConnectionManagerRequest", "result":"SYNC_SERVER_OK", "context":{"environment":"Prod_southeastasia_prod-s01-065-apac-southeastasia", "migrationStage":"NotStarted", "server":"akswtt003000037"}}
{"logTime": "0911/164928", "correlationVector":"ZdErCGoD/TvuGyTjU4x8/3.2","action":"ProcessGetUpdates", "result":"Done", "context":{"dataType":"History", "deleted":"0", "process_failed_to_decrypt":"0", "process_pending_decryption":"0", "process_success":"250", "total":"250"}}
{"logTime": "0911/164928", "correlationVector":"ZdErCGoD/TvuGyTjU4x8/3.3","action":"GetUpdates Response", "result":"Success", "context":Received 250 update(s). cV=ZdErCGoD/TvuGyTjU4x8/3.0;server=akswtt003000037;cloudType=Consumer;environment=Prod_southeastasia_prod-s01-065-apac-southeastasia;migrationStage=NotStarted Some updates remain.}
{"logTime": "0911/164928", "correlationVector":"/bStgSOFMHQyWzvJgHVpLj","action":"Initial GetUpdates", "result":"", "context":Reason: NEWLY_SUPPORTED_DATATYPE. cV=/bStgSOFMHQyWzvJgHVpLj}
{"logTime": "0911/164929", "correlationVector":"/bStgSOFMHQyWzvJgHVpLj.1","action":"SyncServerConnectionManagerRequest", "result":"SYNC_SERVER_OK", "context":{"environment":"Prod_southeastasia_prod-s01-065-apac-southeastasia", "migrationStage":"NotStarted", "server":"akswtt00300002w"}}
{"logTime": "0911/164929", "correlationVector":"/bStgSOFMHQyWzvJgHVpLj.2","action":"ProcessGetUpdates", "result":"Done", "context":{"dataType":"History", "deleted":"0", "process_failed_to_decrypt":"0", "process_pending_decryption":"0", "process_success":"250", "total":"250"}}
{"logTime": "0911/164929", "correlationVector":"/bStgSOFMHQyWzvJgHVpLj.3","action":"GetUpdates Response", "result":"Success", "context":Received 250 update(s). cV=/bStgSOFMHQyWzvJgHVpLj.0;server=akswtt00300002w;cloudType=Consumer;environment=Prod_southeastasia_prod-s01-065-apac-southeastasia;migrationStage=NotStarted Some updates remain.}
{"logTime": "0911/164929", "correlationVector":"Bcb3vlRo79bScLR0xx8PcF","action":"Initial GetUpdates", "result":"", "context":Reason: NEWLY_SUPPORTED_DATATYPE. cV=Bcb3vlRo79bScLR0xx8PcF}
{"logTime": "0911/164930", "correlationVector":"Bcb3vlRo79bScLR0xx8PcF.1","action":"SyncServerConnectionManagerRequest", "result":"SYNC_SERVER_OK", "context":{"environment":"Prod_southeastasia_prod-s01-065-apac-southeastasia", "migrationStage":"NotStarted", "server":"akswtt00300000i"}}
{"logTime": "0911/164930", "correlationVector":"Bcb3vlRo79bScLR0xx8PcF.2","action":"ProcessGetUpdates", "result":"Done", "context":{"dataType":"History", "deleted":"0", "process_failed_to_decrypt":"0", "process_pending_decryption":"0", "process_success":"250", "total":"250"}}
{"logTime": "0911/164930", "correlationVector":"Bcb3vlRo79bScLR0xx8PcF.3","action":"GetUpdates Response", "result":"Success", "context":Received 250 update(s). cV=Bcb3vlRo79bScLR0xx8PcF.0;server=akswtt00300000i;cloudType=Consumer;environment=Prod_southeastasia_prod-s01-065-apac-southeastasia;migrationStage=NotStarted Some updates remain.}
{"logTime": "0911/164930", "correlationVector":"gfC7NMEB9PxCxUSSU0EqXT","action":"Initial GetUpdates", "result":"", "context":Reason: NEWLY_SUPPORTED_DATATYPE. cV=gfC7NMEB9PxCxUSSU0EqXT}
{"logTime": "0911/164931", "correlationVector":"gfC7NMEB9PxCxUSSU0EqXT.1","action":"SyncServerConnectionManagerRequest", "result":"SYNC_SERVER_OK", "context":{"environment":"Prod_southeastasia_prod-s01-065-apac-southeastasia", "migrationStage":"NotStarted", "server":"akswtt00300002q"}}
{"logTime": "0911/164931", "correlationVector":"gfC7NMEB9PxCxUSSU0EqXT.2","action":"ProcessGetUpdates", "result":"Done", "context":{"dataType":"History", "deleted":"0", "process_failed_to_decrypt":"0", "process_pending_decryption":"0", "process_success":"250", "total":"250"}}
{"logTime": "0911/164931", "correlationVector":"gfC7NMEB9PxCxUSSU0EqXT.3","action":"GetUpdates Response", "result":"Success", "context":Received 250 update(s). cV=gfC7NMEB9PxCxUSSU0EqXT.0;server=akswtt00300002q;cloudType=Consumer;environment=Prod_southeastasia_prod-s01-065-apac-southeastasia;migrationStage=NotStarted Some updates remain.}
{"logTime": "0911/164931", "correlationVector":"+BiInZsTaMMkAwypfy3bJI","action":"Initial GetUpdates", "result":"", "context":Reason: NEWLY_SUPPORTED_DATATYPE. cV=+BiInZsTaMMkAwypfy3bJI}
{"logTime": "0911/164932", "correlationVector":"+BiInZsTaMMkAwypfy3bJI.1","action":"SyncServerConnectionManagerRequest", "result":"SYNC_SERVER_OK", "context":{"environment":"Prod_southeastasia_prod-s01-065-apac-southeastasia", "migrationStage":"NotStarted", "server":"akswtt003000009"}}
{"logTime": "0911/164932", "correlationVector":"+BiInZsTaMMkAwypfy3bJI.2","action":"ProcessGetUpdates", "result":"Done", "context":{"dataType":"History", "deleted":"0", "process_failed_to_decrypt":"0", "process_pending_decryption":"0", "process_success":"250", "total":"250"}}
{"logTime": "0911/164932", "correlationVector":"+BiInZsTaMMkAwypfy3bJI.3","action":"GetUpdates Response", "result":"Success", "context":Received 250 update(s). cV=+BiInZsTaMMkAwypfy3bJI.0;server=akswtt003000009;cloudType=Consumer;environment=Prod_southeastasia_prod-s01-065-apac-southeastasia;migrationStage=NotStarted Some updates remain.}
{"logTime": "0911/164932", "correlationVector":"6tiluE3YAvxpXoX0YShnqK","action":"Initial GetUpdates", "result":"", "context":Reason: NEWLY_SUPPORTED_DATATYPE. cV=6tiluE3YAvxpXoX0YShnqK}
{"logTime": "0911/164933", "correlationVector":"6tiluE3YAvxpXoX0YShnqK.1","action":"SyncServerConnectionManagerRequest", "result":"SYNC_SERVER_OK", "context":{"environment":"Prod_southeastasia_prod-s01-065-apac-southeastasia", "migrationStage":"NotStarted", "server":"akswtt003000049"}}
{"logTime": "0911/164933", "correlationVector":"6tiluE3YAvxpXoX0YShnqK.2","action":"ProcessGetUpdates", "result":"Done", "context":{"dataType":"History", "deleted":"0", "process_failed_to_decrypt":"0", "process_pending_decryption":"0", "process_success":"250", "total":"250"}}
{"logTime": "0911/164933", "correlationVector":"6tiluE3YAvxpXoX0YShnqK.3","action":"GetUpdates Response", "result":"Success", "context":Received 250 update(s). cV=6tiluE3YAvxpXoX0YShnqK.0;server=akswtt003000049;cloudType=Consumer;environment=Prod_southeastasia_prod-s01-065-apac-southeastasia;migrationStage=NotStarted Some updates remain.}
{"logTime": "0911/164933", "correlationVector":"h+oFT/mYMew+2ol/VNDbUp","action":"Initial GetUpdates", "result":"", "context":Reason: NEWLY_SUPPORTED_DATATYPE. cV=h+oFT/mYMew+2ol/VNDbUp}
{"logTime": "0911/164934", "correlationVector":"h+oFT/mYMew+2ol/VNDbUp.1","action":"SyncServerConnectionManagerRequest", "result":"SYNC_SERVER_OK", "context":{"environment":"Prod_southeastasia_prod-s01-065-apac-southeastasia", "migrationStage":"NotStarted", "server":"akswtt00300001h"}}
{"logTime": "0911/164934", "correlationVector":"h+oFT/mYMew+2ol/VNDbUp.2","action":"ProcessGetUpdates", "result":"Done", "context":{"dataType":"History", "deleted":"0", "process_failed_to_decrypt":"0", "process_pending_decryption":"0", "process_success":"250", "total":"250"}}
{"logTime": "0911/164934", "correlationVector":"h+oFT/mYMew+2ol/VNDbUp.3","action":"GetUpdates Response", "result":"Success", "context":Received 250 update(s). cV=h+oFT/mYMew+2ol/VNDbUp.0;server=akswtt00300001h;cloudType=Consumer;environment=Prod_southeastasia_prod-s01-065-apac-southeastasia;migrationStage=NotStarted Some updates remain.}
{"logTime": "0911/164934", "correlationVector":"hsfIC0/Tr01tFC6pxONm2a","action":"Initial GetUpdates", "result":"", "context":Reason: NEWLY_SUPPORTED_DATATYPE. cV=hsfIC0/Tr01tFC6pxONm2a}
{"logTime": "0911/164935", "correlationVector":"hsfIC0/Tr01tFC6pxONm2a.1","action":"SyncServerConnectionManagerRequest", "result":"SYNC_SERVER_OK", "context":{"environment":"Prod_southeastasia_prod-s01-065-apac-southeastasia", "migrationStage":"NotStarted", "server":"akswtt00300001h"}}
{"logTime": "0911/164935", "correlationVector":"hsfIC0/Tr01tFC6pxONm2a.2","action":"ProcessGetUpdates", "result":"Done", "context":{"dataType":"History", "deleted":"0", "process_failed_to_decrypt":"0", "process_pending_decryption":"0", "process_success":"250", "total":"250"}}
{"logTime": "0911/164935", "correlationVector":"hsfIC0/Tr01tFC6pxONm2a.3","action":"GetUpdates Response", "result":"Success", "context":Received 250 update(s). cV=hsfIC0/Tr01tFC6pxONm2a.0;server=akswtt00300001h;cloudType=Consumer;environment=Prod_southeastasia_prod-s01-065-apac-southeastasia;migrationStage=NotStarted Some updates remain.}
{"logTime": "0911/164935", "correlationVector":"h0/i+EmKeXMNYA/THSY+dk","action":"Initial GetUpdates", "result":"", "context":Reason: NEWLY_SUPPORTED_DATATYPE. cV=h0/i+EmKeXMNYA/THSY+dk}
{"logTime": "0911/164936", "correlationVector":"h0/i+EmKeXMNYA/THSY+dk.1","action":"SyncServerConnectionManagerRequest", "result":"SYNC_SERVER_OK", "context":{"environment":"Prod_southeastasia_prod-s01-065-apac-southeastasia", "migrationStage":"NotStarted", "server":"akswtt00300002l"}}
{"logTime": "0911/164936", "correlationVector":"h0/i+EmKeXMNYA/THSY+dk.2","action":"ProcessGetUpdates", "result":"Done", "context":{"dataType":"History", "deleted":"0", "process_failed_to_decrypt":"0", "process_pending_decryption":"0", "process_success":"250", "total":"250"}}
{"logTime": "0911/164936", "correlationVector":"h0/i+EmKeXMNYA/THSY+dk.3","action":"GetUpdates Response", "result":"Success", "context":Received 250 update(s). cV=h0/i+EmKeXMNYA/THSY+dk.0;server=akswtt00300002l;cloudType=Consumer;environment=Prod_southeastasia_prod-s01-065-apac-southeastasia;migrationStage=NotStarted Some updates remain.}
{"logTime": "0911/164936", "correlationVector":"Bbj8duu66OYM2ze7O6gYkG","action":"Initial GetUpdates", "result":"", "context":Reason: NEWLY_SUPPORTED_DATATYPE. cV=Bbj8duu66OYM2ze7O6gYkG}
{"logTime": "0911/164937", "correlationVector":"Bbj8duu66OYM2ze7O6gYkG.1","action":"SyncServerConnectionManagerRequest", "result":"SYNC_SERVER_OK", "context":{"environment":"Prod_southeastasia_prod-s01-064-apac-southeastasia", "migrationStage":"NotStarted", "server":"akswtt00300003j"}}
{"logTime": "0911/164937", "correlationVector":"Bbj8duu66OYM2ze7O6gYkG.2","action":"ProcessGetUpdates", "result":"Done", "context":{"dataType":"History", "deleted":"0", "process_failed_to_decrypt":"0", "process_pending_decryption":"0", "process_success":"250", "total":"250"}}
{"logTime": "0911/164937", "correlationVector":"Bbj8duu66OYM2ze7O6gYkG.3","action":"GetUpdates Response", "result":"Success", "context":Received 250 update(s). cV=Bbj8duu66OYM2ze7O6gYkG.0;server=akswtt00300003j;cloudType=Consumer;environment=Prod_southeastasia_prod-s01-064-apac-southeastasia;migrationStage=NotStarted Some updates remain.}
{"logTime": "0911/164937", "correlationVector":"9RNCvmrejyZD1H5qUJfTLz","action":"Initial GetUpdates", "result":"", "context":Reason: NEWLY_SUPPORTED_DATATYPE. cV=9RNCvmrejyZD1H5qUJfTLz}
{"logTime": "0911/164938", "correlationVector":"9RNCvmrejyZD1H5qUJfTLz.1","action":"SyncServerConnectionManagerRequest", "result":"SYNC_SERVER_OK", "context":{"environment":"Prod_southeastasia_prod-s01-064-apac-southeastasia", "migrationStage":"NotStarted", "server":"akswtt003000001"}}
{"logTime": "0911/164938", "correlationVector":"9RNCvmrejyZD1H5qUJfTLz.2","action":"ProcessGetUpdates", "result":"Done", "context":{"dataType":"History", "deleted":"0", "process_failed_to_decrypt":"0", "process_pending_decryption":"0", "process_success":"250", "total":"250"}}
{"logTime": "0911/164938", "correlationVector":"9RNCvmrejyZD1H5qUJfTLz.3","action":"GetUpdates Response", "result":"Success", "context":Received 250 update(s). cV=9RNCvmrejyZD1H5qUJfTLz.0;server=akswtt003000001;cloudType=Consumer;environment=Prod_southeastasia_prod-s01-064-apac-southeastasia;migrationStage=NotStarted Some updates remain.}
{"logTime": "0911/164938", "correlationVector":"cgb6TCYdZrM9opLvvscTVC","action":"Initial GetUpdates", "result":"", "context":Reason: NEWLY_SUPPORTED_DATATYPE. cV=cgb6TCYdZrM9opLvvscTVC}
{"logTime": "0911/164939", "correlationVector":"cgb6TCYdZrM9opLvvscTVC.1","action":"SyncServerConnectionManagerRequest", "result":"SYNC_SERVER_OK", "context":{"environment":"Prod_southeastasia_prod-s01-064-apac-southeastasia", "migrationStage":"NotStarted", "server":"akswtt003000004"}}
{"logTime": "0911/164939", "correlationVector":"cgb6TCYdZrM9opLvvscTVC.2","action":"ProcessGetUpdates", "result":"Done", "context":{"dataType":"History", "deleted":"0", "process_failed_to_decrypt":"0", "process_pending_decryption":"0", "process_success":"250", "total":"250"}}
{"logTime": "0911/164939", "correlationVector":"cgb6TCYdZrM9opLvvscTVC.3","action":"GetUpdates Response", "result":"Success", "context":Received 250 update(s). cV=cgb6TCYdZrM9opLvvscTVC.0;server=akswtt003000004;cloudType=Consumer;environment=Prod_southeastasia_prod-s01-064-apac-southeastasia;migrationStage=NotStarted Some updates remain.}
{"logTime": "0911/164939", "correlationVector":"5iXTgDC00vD6WYRmzKpcck","action":"Initial GetUpdates", "result":"", "context":Reason: NEWLY_SUPPORTED_DATATYPE. cV=5iXTgDC00vD6WYRmzKpcck}
{"logTime": "0911/164940", "correlationVector":"5iXTgDC00vD6WYRmzKpcck.1","action":"SyncServerConnectionManagerRequest", "result":"SYNC_SERVER_OK", "context":{"environment":"Prod_southeastasia_prod-s01-064-apac-southeastasia", "migrationStage":"NotStarted", "server":"akswtt00300003k"}}
{"logTime": "0911/164940", "correlationVector":"5iXTgDC00vD6WYRmzKpcck.2","action":"ProcessGetUpdates", "result":"Done", "context":{"dataType":"History", "deleted":"0", "process_failed_to_decrypt":"0", "process_pending_decryption":"0", "process_success":"250", "total":"250"}}
{"logTime": "0911/164940", "correlationVector":"5iXTgDC00vD6WYRmzKpcck.3","action":"GetUpdates Response", "result":"Success", "context":Received 250 update(s). cV=5iXTgDC00vD6WYRmzKpcck.0;server=akswtt00300003k;cloudType=Consumer;environment=Prod_southeastasia_prod-s01-064-apac-southeastasia;migrationStage=NotStarted Some updates remain.}
{"logTime": "0911/164940", "correlationVector":"nVInFXUXll+N0yl/cgj7Ho","action":"Initial GetUpdates", "result":"", "context":Reason: NEWLY_SUPPORTED_DATATYPE. cV=nVInFXUXll+N0yl/cgj7Ho}
{"logTime": "0911/164940", "correlationVector":"nVInFXUXll+N0yl/cgj7Ho.1","action":"SyncServerConnectionManagerRequest", "result":"SYNC_SERVER_OK", "context":{"environment":"Prod_southeastasia_prod-s01-064-apac-southeastasia", "migrationStage":"NotStarted", "server":"akswtt003000005"}}
{"logTime": "0911/164940", "correlationVector":"nVInFXUXll+N0yl/cgj7Ho.2","action":"ProcessGetUpdates", "result":"Done", "context":{"dataType":"History", "deleted":"0", "process_failed_to_decrypt":"0", "process_pending_decryption":"0", "process_success":"250", "total":"250"}}
{"logTime": "0911/164940", "correlationVector":"nVInFXUXll+N0yl/cgj7Ho.3","action":"GetUpdates Response", "result":"Success", "context":Received 250 update(s). cV=nVInFXUXll+N0yl/cgj7Ho.0;server=akswtt003000005;cloudType=Consumer;environment=Prod_southeastasia_prod-s01-064-apac-southeastasia;migrationStage=NotStarted Some updates remain.}
{"logTime": "0911/164940", "correlationVector":"E+8jBY0wZocgdwEsTiDBsG","action":"Initial GetUpdates", "result":"", "context":Reason: NEWLY_SUPPORTED_DATATYPE. cV=E+8jBY0wZocgdwEsTiDBsG}
{"logTime": "0911/164941", "correlationVector":"E+8jBY0wZocgdwEsTiDBsG.1","action":"SyncServerConnectionManagerRequest", "result":"SYNC_SERVER_OK", "context":{"environment":"Prod_southeastasia_prod-s01-064-apac-southeastasia", "migrationStage":"NotStarted", "server":"akswtt00300004o"}}
{"logTime": "0911/164941", "correlationVector":"E+8jBY0wZocgdwEsTiDBsG.2","action":"ProcessGetUpdates", "result":"Done", "context":{"dataType":"History", "deleted":"0", "process_failed_to_decrypt":"0", "process_pending_decryption":"0", "process_success":"250", "total":"250"}}
{"logTime": "0911/164941", "correlationVector":"E+8jBY0wZocgdwEsTiDBsG.3","action":"GetUpdates Response", "result":"Success", "context":Received 250 update(s). cV=E+8jBY0wZocgdwEsTiDBsG.0;server=akswtt00300004o;cloudType=Consumer;environment=Prod_southeastasia_prod-s01-064-apac-southeastasia;migrationStage=NotStarted Some updates remain.}
{"logTime": "0911/164941", "correlationVector":"GlH8HBgAbHKkyttJ0DAqqi","action":"Initial GetUpdates", "result":"", "context":Reason: NEWLY_SUPPORTED_DATATYPE. cV=GlH8HBgAbHKkyttJ0DAqqi}
{"logTime": "0911/164942", "correlationVector":"GlH8HBgAbHKkyttJ0DAqqi.1","action":"SyncServerConnectionManagerRequest", "result":"SYNC_SERVER_OK", "context":{"environment":"Prod_southeastasia_prod-s01-064-apac-southeastasia", "migrationStage":"NotStarted", "server":"akswtt00300002f"}}
{"logTime": "0911/164942", "correlationVector":"GlH8HBgAbHKkyttJ0DAqqi.2","action":"ProcessGetUpdates", "result":"Done", "context":{"dataType":"History", "deleted":"0", "process_failed_to_decrypt":"0", "process_pending_decryption":"0", "process_success":"250", "total":"250"}}
{"logTime": "0911/164942", "correlationVector":"GlH8HBgAbHKkyttJ0DAqqi.3","action":"GetUpdates Response", "result":"Success", "context":Received 250 update(s). cV=GlH8HBgAbHKkyttJ0DAqqi.0;server=akswtt00300002f;cloudType=Consumer;environment=Prod_southeastasia_prod-s01-064-apac-southeastasia;migrationStage=NotStarted Some updates remain.}
{"logTime": "0911/164942", "correlationVector":"ipzegg9JMxv3vaPlr9AyhH","action":"Initial GetUpdates", "result":"", "context":Reason: NEWLY_SUPPORTED_DATATYPE. cV=ipzegg9JMxv3vaPlr9AyhH}
{"logTime": "0911/164943", "correlationVector":"ipzegg9JMxv3vaPlr9AyhH.1","action":"SyncServerConnectionManagerRequest", "result":"SYNC_SERVER_OK", "context":{"environment":"Prod_southeastasia_prod-s01-064-apac-southeastasia", "migrationStage":"NotStarted", "server":"akswtt00300002f"}}
{"logTime": "0911/164943", "correlationVector":"ipzegg9JMxv3vaPlr9AyhH.2","action":"ProcessGetUpdates", "result":"Done", "context":{"dataType":"History", "deleted":"0", "process_failed_to_decrypt":"0", "process_pending_decryption":"0", "process_success":"250", "total":"250"}}
{"logTime": "0911/164943", "correlationVector":"ipzegg9JMxv3vaPlr9AyhH.3","action":"GetUpdates Response", "result":"Success", "context":Received 250 update(s). cV=ipzegg9JMxv3vaPlr9AyhH.0;server=akswtt00300002f;cloudType=Consumer;environment=Prod_southeastasia_prod-s01-064-apac-southeastasia;migrationStage=NotStarted Some updates remain.}
{"logTime": "0911/164943", "correlationVector":"RZDAMo71wPTw33fFiLnu8d","action":"Initial GetUpdates", "result":"", "context":Reason: NEWLY_SUPPORTED_DATATYPE. cV=RZDAMo71wPTw33fFiLnu8d}
{"logTime": "0911/164944", "correlationVector":"RZDAMo71wPTw33fFiLnu8d.1","action":"SyncServerConnectionManagerRequest", "result":"SYNC_SERVER_OK", "context":{"environment":"Prod_southeastasia_prod-s01-064-apac-southeastasia", "migrationStage":"NotStarted", "server":"akswtt00300002d"}}
{"logTime": "0911/164944", "correlationVector":"RZDAMo71wPTw33fFiLnu8d.2","action":"ProcessGetUpdates", "result":"Done", "context":{"dataType":"History", "deleted":"0", "process_failed_to_decrypt":"0", "process_pending_decryption":"0", "process_success":"250", "total":"250"}}
{"logTime": "0911/164944", "correlationVector":"RZDAMo71wPTw33fFiLnu8d.3","action":"GetUpdates Response", "result":"Success", "context":Received 250 update(s). cV=RZDAMo71wPTw33fFiLnu8d.0;server=akswtt00300002d;cloudType=Consumer;environment=Prod_southeastasia_prod-s01-064-apac-southeastasia;migrationStage=NotStarted Some updates remain.}
{"logTime": "0911/164944", "correlationVector":"hYfad8jZOSwPqg8CZ+QKOk","action":"Initial GetUpdates", "result":"", "context":Reason: NEWLY_SUPPORTED_DATATYPE. cV=hYfad8jZOSwPqg8CZ+QKOk}
{"logTime": "0911/164945", "correlationVector":"hYfad8jZOSwPqg8CZ+QKOk.1","action":"SyncServerConnectionManagerRequest", "result":"SYNC_SERVER_OK", "context":{"environment":"Prod_southeastasia_prod-s01-064-apac-southeastasia", "migrationStage":"NotStarted", "server":"akswtt00300003k"}}
{"logTime": "0911/164945", "correlationVector":"hYfad8jZOSwPqg8CZ+QKOk.2","action":"ProcessGetUpdates", "result":"Done", "context":{"dataType":"History", "deleted":"0", "process_failed_to_decrypt":"0", "process_pending_decryption":"0", "process_success":"250", "total":"250"}}
{"logTime": "0911/164945", "correlationVector":"hYfad8jZOSwPqg8CZ+QKOk.3","action":"GetUpdates Response", "result":"Success", "context":Received 250 update(s). cV=hYfad8jZOSwPqg8CZ+QKOk.0;server=akswtt00300003k;cloudType=Consumer;environment=Prod_southeastasia_prod-s01-064-apac-southeastasia;migrationStage=NotStarted Some updates remain.}
{"logTime": "0911/164945", "correlationVector":"N01C1FwA227J0EqeE4Z2rj","action":"Initial GetUpdates", "result":"", "context":Reason: NEWLY_SUPPORTED_DATATYPE. cV=N01C1FwA227J0EqeE4Z2rj}
{"logTime": "0911/164945", "correlationVector":"N01C1FwA227J0EqeE4Z2rj.1","action":"SyncServerConnectionManagerRequest", "result":"SYNC_SERVER_OK", "context":{"environment":"Prod_southeastasia_prod-s01-064-apac-southeastasia", "migrationStage":"NotStarted", "server":"akswtt00300002s"}}
{"logTime": "0911/164945", "correlationVector":"N01C1FwA227J0EqeE4Z2rj.2","action":"ProcessGetUpdates", "result":"Done", "context":{"dataType":"History", "deleted":"0", "process_failed_to_decrypt":"0", "process_pending_decryption":"0", "process_success":"250", "total":"250"}}
{"logTime": "0911/164945", "correlationVector":"N01C1FwA227J0EqeE4Z2rj.3","action":"GetUpdates Response", "result":"Success", "context":Received 250 update(s). cV=N01C1FwA227J0EqeE4Z2rj.0;server=akswtt00300002s;cloudType=Consumer;environment=Prod_southeastasia_prod-s01-064-apac-southeastasia;migrationStage=NotStarted Some updates remain.}
{"logTime": "0911/164945", "correlationVector":"e4H1MgcoRcSOVPd3gPEWVm","action":"Initial GetUpdates", "result":"", "context":Reason: NEWLY_SUPPORTED_DATATYPE. cV=e4H1MgcoRcSOVPd3gPEWVm}
{"logTime": "0911/164947", "correlationVector":"e4H1MgcoRcSOVPd3gPEWVm.1","action":"SyncServerConnectionManagerRequest", "result":"SYNC_SERVER_OK", "context":{"environment":"Prod_southeastasia_prod-s01-064-apac-southeastasia", "migrationStage":"NotStarted", "server":"akswtt00300000v"}}
{"logTime": "0911/164947", "correlationVector":"e4H1MgcoRcSOVPd3gPEWVm.2","action":"ProcessGetUpdates", "result":"Done", "context":{"dataType":"History", "deleted":"0", "process_failed_to_decrypt":"0", "process_pending_decryption":"0", "process_success":"250", "total":"250"}}
{"logTime": "0911/164947", "correlationVector":"e4H1MgcoRcSOVPd3gPEWVm.3","action":"GetUpdates Response", "result":"Success", "context":Received 250 update(s). cV=e4H1MgcoRcSOVPd3gPEWVm.0;server=akswtt00300000v;cloudType=Consumer;environment=Prod_southeastasia_prod-s01-064-apac-southeastasia;migrationStage=NotStarted Some updates remain.}
{"logTime": "0911/164947", "correlationVector":"dLiIwAskyvBsikEl2Rpqt2","action":"Initial GetUpdates", "result":"", "context":Reason: NEWLY_SUPPORTED_DATATYPE. cV=dLiIwAskyvBsikEl2Rpqt2}
{"logTime": "0911/164947", "correlationVector":"dLiIwAskyvBsikEl2Rpqt2.1","action":"SyncServerConnectionManagerRequest", "result":"SYNC_SERVER_OK", "context":{"environment":"Prod_southeastasia_prod-s01-064-apac-southeastasia", "migrationStage":"NotStarted", "server":"akswtt00300000o"}}
{"logTime": "0911/164947", "correlationVector":"dLiIwAskyvBsikEl2Rpqt2.2","action":"ProcessGetUpdates", "result":"Done", "context":{"dataType":"History", "deleted":"0", "process_failed_to_decrypt":"0", "process_pending_decryption":"0", "process_success":"250", "total":"250"}}
{"logTime": "0911/164947", "correlationVector":"dLiIwAskyvBsikEl2Rpqt2.3","action":"GetUpdates Response", "result":"Success", "context":Received 250 update(s). cV=dLiIwAskyvBsikEl2Rpqt2.0;server=akswtt00300000o;cloudType=Consumer;environment=Prod_southeastasia_prod-s01-064-apac-southeastasia;migrationStage=NotStarted Some updates remain.}
{"logTime": "0911/164947", "correlationVector":"T5UKkXm8T4shgL4Cpifa+K","action":"Initial GetUpdates", "result":"", "context":Reason: NEWLY_SUPPORTED_DATATYPE. cV=T5UKkXm8T4shgL4Cpifa+K}
{"logTime": "0911/164948", "correlationVector":"T5UKkXm8T4shgL4Cpifa+K.1","action":"SyncServerConnectionManagerRequest", "result":"SYNC_SERVER_OK", "context":{"environment":"Prod_southeastasia_prod-s01-064-apac-southeastasia", "migrationStage":"NotStarted", "server":"akswtt003000009"}}
{"logTime": "0911/164948", "correlationVector":"T5UKkXm8T4shgL4Cpifa+K.2","action":"ProcessGetUpdates", "result":"Done", "context":{"dataType":"History", "deleted":"0", "process_failed_to_decrypt":"0", "process_pending_decryption":"0", "process_success":"250", "total":"250"}}
{"logTime": "0911/164948", "correlationVector":"T5UKkXm8T4shgL4Cpifa+K.3","action":"GetUpdates Response", "result":"Success", "context":Received 250 update(s). cV=T5UKkXm8T4shgL4Cpifa+K.0;server=akswtt003000009;cloudType=Consumer;environment=Prod_southeastasia_prod-s01-064-apac-southeastasia;migrationStage=NotStarted Some updates remain.}
{"logTime": "0911/164948", "correlationVector":"xTrWmmmcbuDMUmhlEiUd8S","action":"Initial GetUpdates", "result":"", "context":Reason: NEWLY_SUPPORTED_DATATYPE. cV=xTrWmmmcbuDMUmhlEiUd8S}
{"logTime": "0911/164949", "correlationVector":"xTrWmmmcbuDMUmhlEiUd8S.1","action":"SyncServerConnectionManagerRequest", "result":"SYNC_SERVER_OK", "context":{"environment":"Prod_southeastasia_prod-s01-064-apac-southeastasia", "migrationStage":"NotStarted", "server":"akswtt00300000r"}}
{"logTime": "0911/164949", "correlationVector":"xTrWmmmcbuDMUmhlEiUd8S.2","action":"ProcessGetUpdates", "result":"Done", "context":{"dataType":"History", "deleted":"0", "process_failed_to_decrypt":"0", "process_pending_decryption":"0", "process_success":"250", "total":"250"}}
{"logTime": "0911/164949", "correlationVector":"xTrWmmmcbuDMUmhlEiUd8S.3","action":"GetUpdates Response", "result":"Success", "context":Received 250 update(s). cV=xTrWmmmcbuDMUmhlEiUd8S.0;server=akswtt00300000r;cloudType=Consumer;environment=Prod_southeastasia_prod-s01-064-apac-southeastasia;migrationStage=NotStarted Some updates remain.}
{"logTime": "0911/164949", "correlationVector":"JnWNfUfkzMHyvFWQCP9Ezg","action":"Initial GetUpdates", "result":"", "context":Reason: NEWLY_SUPPORTED_DATATYPE. cV=JnWNfUfkzMHyvFWQCP9Ezg}
{"logTime": "0911/164951", "correlationVector":"JnWNfUfkzMHyvFWQCP9Ezg.1","action":"SyncServerConnectionManagerRequest", "result":"SYNC_SERVER_OK", "context":{"environment":"Prod_southeastasia_prod-s01-064-apac-southeastasia", "migrationStage":"NotStarted", "server":"akswtt00300002v"}}
{"logTime": "0911/164951", "correlationVector":"JnWNfUfkzMHyvFWQCP9Ezg.2","action":"ProcessGetUpdates", "result":"Done", "context":{"dataType":"History", "deleted":"0", "process_failed_to_decrypt":"0", "process_pending_decryption":"0", "process_success":"250", "total":"250"}}
{"logTime": "0911/164951", "correlationVector":"JnWNfUfkzMHyvFWQCP9Ezg.3","action":"GetUpdates Response", "result":"Success", "context":Received 250 update(s). cV=JnWNfUfkzMHyvFWQCP9Ezg.0;server=akswtt00300002v;cloudType=Consumer;environment=Prod_southeastasia_prod-s01-064-apac-southeastasia;migrationStage=NotStarted Some updates remain.}
{"logTime": "0911/164951", "correlationVector":"1UQr6eZrdVktNBWus/Vl0N","action":"Initial GetUpdates", "result":"", "context":Reason: NEWLY_SUPPORTED_DATATYPE. cV=1UQr6eZrdVktNBWus/Vl0N}
{"logTime": "0911/164951", "correlationVector":"1UQr6eZrdVktNBWus/Vl0N.1","action":"SyncServerConnectionManagerRequest", "result":"SYNC_SERVER_OK", "context":{"environment":"Prod_southeastasia_prod-s01-064-apac-southeastasia", "migrationStage":"NotStarted", "server":"akswtt00300003k"}}
{"logTime": "0911/164951", "correlationVector":"1UQr6eZrdVktNBWus/Vl0N.2","action":"ProcessGetUpdates", "result":"Done", "context":{"dataType":"History", "deleted":"0", "process_failed_to_decrypt":"0", "process_pending_decryption":"0", "process_success":"250", "total":"250"}}
{"logTime": "0911/164951", "correlationVector":"1UQr6eZrdVktNBWus/Vl0N.3","action":"GetUpdates Response", "result":"Success", "context":Received 250 update(s). cV=1UQr6eZrdVktNBWus/Vl0N.0;server=akswtt00300003k;cloudType=Consumer;environment=Prod_southeastasia_prod-s01-064-apac-southeastasia;migrationStage=NotStarted Some updates remain.}
{"logTime": "0911/164951", "correlationVector":"p/SmJa9sWp5ZhLqQMbEk07","action":"Initial GetUpdates", "result":"", "context":Reason: NEWLY_SUPPORTED_DATATYPE. cV=p/SmJa9sWp5ZhLqQMbEk07}
{"logTime": "0911/164952", "correlationVector":"p/SmJa9sWp5ZhLqQMbEk07.1","action":"SyncServerConnectionManagerRequest", "result":"SYNC_SERVER_OK", "context":{"environment":"Prod_southeastasia_prod-s01-064-apac-southeastasia", "migrationStage":"NotStarted", "server":"akswtt003000001"}}
{"logTime": "0911/164952", "correlationVector":"p/SmJa9sWp5ZhLqQMbEk07.2","action":"ProcessGetUpdates", "result":"Done", "context":{"dataType":"History", "deleted":"0", "process_failed_to_decrypt":"0", "process_pending_decryption":"0", "process_success":"250", "total":"250"}}
{"logTime": "0911/164952", "correlationVector":"p/SmJa9sWp5ZhLqQMbEk07.3","action":"GetUpdates Response", "result":"Success", "context":Received 250 update(s). cV=p/SmJa9sWp5ZhLqQMbEk07.0;server=akswtt003000001;cloudType=Consumer;environment=Prod_southeastasia_prod-s01-064-apac-southeastasia;migrationStage=NotStarted Some updates remain.}
{"logTime": "0911/164952", "correlationVector":"C0OZIK+mjc0Ef4I7nsOYny","action":"Initial GetUpdates", "result":"", "context":Reason: NEWLY_SUPPORTED_DATATYPE. cV=C0OZIK+mjc0Ef4I7nsOYny}
{"logTime": "0911/164953", "correlationVector":"C0OZIK+mjc0Ef4I7nsOYny.1","action":"SyncServerConnectionManagerRequest", "result":"SYNC_SERVER_OK", "context":{"environment":"Prod_southeastasia_prod-s01-064-apac-southeastasia", "migrationStage":"NotStarted", "server":"akswtt003000001"}}
{"logTime": "0911/164953", "correlationVector":"C0OZIK+mjc0Ef4I7nsOYny.2","action":"ProcessGetUpdates", "result":"Done", "context":{"dataType":"History", "deleted":"0", "process_failed_to_decrypt":"0", "process_pending_decryption":"0", "process_success":"250", "total":"250"}}
{"logTime": "0911/164953", "correlationVector":"C0OZIK+mjc0Ef4I7nsOYny.3","action":"GetUpdates Response", "result":"Success", "context":Received 250 update(s). cV=C0OZIK+mjc0Ef4I7nsOYny.0;server=akswtt003000001;cloudType=Consumer;environment=Prod_southeastasia_prod-s01-064-apac-southeastasia;migrationStage=NotStarted Some updates remain.}
{"logTime": "0911/164953", "correlationVector":"SDxB2ThGESQ/5MR3EA6uoT","action":"Initial GetUpdates", "result":"", "context":Reason: NEWLY_SUPPORTED_DATATYPE. cV=SDxB2ThGESQ/5MR3EA6uoT}
{"logTime": "0911/164954", "correlationVector":"SDxB2ThGESQ/5MR3EA6uoT.1","action":"SyncServerConnectionManagerRequest", "result":"SYNC_SERVER_OK", "context":{"environment":"Prod_southeastasia_prod-s01-064-apac-southeastasia", "migrationStage":"NotStarted", "server":"akswtt00300004o"}}
{"logTime": "0911/164954", "correlationVector":"SDxB2ThGESQ/5MR3EA6uoT.2","action":"ProcessGetUpdates", "result":"Done", "context":{"dataType":"History", "deleted":"0", "process_failed_to_decrypt":"0", "process_pending_decryption":"0", "process_success":"250", "total":"250"}}
{"logTime": "0911/164954", "correlationVector":"SDxB2ThGESQ/5MR3EA6uoT.3","action":"GetUpdates Response", "result":"Success", "context":Received 250 update(s). cV=SDxB2ThGESQ/5MR3EA6uoT.0;server=akswtt00300004o;cloudType=Consumer;environment=Prod_southeastasia_prod-s01-064-apac-southeastasia;migrationStage=NotStarted Some updates remain.}
{"logTime": "0911/164954", "correlationVector":"jGo3DGGpQaVoRwiQ7gSNFa","action":"Initial GetUpdates", "result":"", "context":Reason: NEWLY_SUPPORTED_DATATYPE. cV=jGo3DGGpQaVoRwiQ7gSNFa}
{"logTime": "0911/164954", "correlationVector":"jGo3DGGpQaVoRwiQ7gSNFa.1","action":"SyncServerConnectionManagerRequest", "result":"SYNC_SERVER_OK", "context":{"environment":"Prod_southeastasia_prod-s01-064-apac-southeastasia", "migrationStage":"NotStarted", "server":"akswtt00300000l"}}
{"logTime": "0911/164954", "correlationVector":"jGo3DGGpQaVoRwiQ7gSNFa.2","action":"ProcessGetUpdates", "result":"Done", "context":{"dataType":"History", "deleted":"0", "process_failed_to_decrypt":"0", "process_pending_decryption":"0", "process_success":"250", "total":"250"}}
{"logTime": "0911/164954", "correlationVector":"jGo3DGGpQaVoRwiQ7gSNFa.3","action":"GetUpdates Response", "result":"Success", "context":Received 250 update(s). cV=jGo3DGGpQaVoRwiQ7gSNFa.0;server=akswtt00300000l;cloudType=Consumer;environment=Prod_southeastasia_prod-s01-064-apac-southeastasia;migrationStage=NotStarted Some updates remain.}
{"logTime": "0911/164954", "correlationVector":"IlErSZImy1L1V7ihRHbM5X","action":"Initial GetUpdates", "result":"", "context":Reason: NEWLY_SUPPORTED_DATATYPE. cV=IlErSZImy1L1V7ihRHbM5X}
{"logTime": "0911/164955", "correlationVector":"IlErSZImy1L1V7ihRHbM5X.1","action":"SyncServerConnectionManagerRequest", "result":"SYNC_SERVER_OK", "context":{"environment":"Prod_southeastasia_prod-s01-064-apac-southeastasia", "migrationStage":"NotStarted", "server":"akswtt00300000l"}}
{"logTime": "0911/164955", "correlationVector":"IlErSZImy1L1V7ihRHbM5X.2","action":"ProcessGetUpdates", "result":"Done", "context":{"dataType":"History", "deleted":"0", "process_failed_to_decrypt":"0", "process_pending_decryption":"0", "process_success":"250", "total":"250"}}
{"logTime": "0911/164955", "correlationVector":"IlErSZImy1L1V7ihRHbM5X.3","action":"GetUpdates Response", "result":"Success", "context":Received 250 update(s). cV=IlErSZImy1L1V7ihRHbM5X.0;server=akswtt00300000l;cloudType=Consumer;environment=Prod_southeastasia_prod-s01-064-apac-southeastasia;migrationStage=NotStarted Some updates remain.}
{"logTime": "0911/164955", "correlationVector":"DFbij6LrZCAiWKb8sAzSGF","action":"Initial GetUpdates", "result":"", "context":Reason: NEWLY_SUPPORTED_DATATYPE. cV=DFbij6LrZCAiWKb8sAzSGF}
{"logTime": "0911/164956", "correlationVector":"DFbij6LrZCAiWKb8sAzSGF.1","action":"SyncServerConnectionManagerRequest", "result":"SYNC_SERVER_OK", "context":{"environment":"Prod_southeastasia_prod-s01-064-apac-southeastasia", "migrationStage":"NotStarted", "server":"akswtt003000005"}}
{"logTime": "0911/164956", "correlationVector":"DFbij6LrZCAiWKb8sAzSGF.2","action":"ProcessGetUpdates", "result":"Done", "context":{"dataType":"History", "deleted":"0", "process_failed_to_decrypt":"0", "process_pending_decryption":"0", "process_success":"250", "total":"250"}}
{"logTime": "0911/164956", "correlationVector":"DFbij6LrZCAiWKb8sAzSGF.3","action":"GetUpdates Response", "result":"Success", "context":Received 250 update(s). cV=DFbij6LrZCAiWKb8sAzSGF.0;server=akswtt003000005;cloudType=Consumer;environment=Prod_southeastasia_prod-s01-064-apac-southeastasia;migrationStage=NotStarted Some updates remain.}
{"logTime": "0911/164956", "correlationVector":"1QRE0oX0BgCuwW13fszZuA","action":"Initial GetUpdates", "result":"", "context":Reason: NEWLY_SUPPORTED_DATATYPE. cV=1QRE0oX0BgCuwW13fszZuA}
{"logTime": "0911/164957", "correlationVector":"1QRE0oX0BgCuwW13fszZuA.1","action":"SyncServerConnectionManagerRequest", "result":"SYNC_SERVER_OK", "context":{"environment":"Prod_southeastasia_prod-s01-064-apac-southeastasia", "migrationStage":"NotStarted", "server":"akswtt003000033"}}
{"logTime": "0911/164957", "correlationVector":"1QRE0oX0BgCuwW13fszZuA.2","action":"ProcessGetUpdates", "result":"Done", "context":{"dataType":"History", "deleted":"0", "process_failed_to_decrypt":"0", "process_pending_decryption":"0", "process_success":"250", "total":"250"}}
{"logTime": "0911/164957", "correlationVector":"1QRE0oX0BgCuwW13fszZuA.3","action":"GetUpdates Response", "result":"Success", "context":Received 250 update(s). cV=1QRE0oX0BgCuwW13fszZuA.0;server=akswtt003000033;cloudType=Consumer;environment=Prod_southeastasia_prod-s01-064-apac-southeastasia;migrationStage=NotStarted Some updates remain.}
{"logTime": "0911/164957", "correlationVector":"JJde20FjXzLfWtkmG9vS5n","action":"Initial GetUpdates", "result":"", "context":Reason: NEWLY_SUPPORTED_DATATYPE. cV=JJde20FjXzLfWtkmG9vS5n}
{"logTime": "0911/164957", "correlationVector":"JJde20FjXzLfWtkmG9vS5n.1","action":"SyncServerConnectionManagerRequest", "result":"SYNC_SERVER_OK", "context":{"environment":"Prod_southeastasia_prod-s01-064-apac-southeastasia", "migrationStage":"NotStarted", "server":"akswtt00300000l"}}
{"logTime": "0911/164957", "correlationVector":"JJde20FjXzLfWtkmG9vS5n.2","action":"ProcessGetUpdates", "result":"Done", "context":{"dataType":"History", "deleted":"0", "process_failed_to_decrypt":"0", "process_pending_decryption":"0", "process_success":"250", "total":"250"}}
{"logTime": "0911/164957", "correlationVector":"JJde20FjXzLfWtkmG9vS5n.3","action":"GetUpdates Response", "result":"Success", "context":Received 250 update(s). cV=JJde20FjXzLfWtkmG9vS5n.0;server=akswtt00300000l;cloudType=Consumer;environment=Prod_southeastasia_prod-s01-064-apac-southeastasia;migrationStage=NotStarted Some updates remain.}
{"logTime": "0911/164957", "correlationVector":"n8OIc6ptjU4L+HBQoqUxRE","action":"Initial GetUpdates", "result":"", "context":Reason: NEWLY_SUPPORTED_DATATYPE. cV=n8OIc6ptjU4L+HBQoqUxRE}
{"logTime": "0911/164958", "correlationVector":"n8OIc6ptjU4L+HBQoqUxRE.1","action":"SyncServerConnectionManagerRequest", "result":"SYNC_SERVER_OK", "context":{"environment":"Prod_southeastasia_prod-s01-064-apac-southeastasia", "migrationStage":"NotStarted", "server":"akswtt00300000l"}}
{"logTime": "0911/164958", "correlationVector":"n8OIc6ptjU4L+HBQoqUxRE.2","action":"ProcessGetUpdates", "result":"Done", "context":{"dataType":"History", "deleted":"0", "process_failed_to_decrypt":"0", "process_pending_decryption":"0", "process_success":"250", "total":"250"}}
{"logTime": "0911/164958", "correlationVector":"n8OIc6ptjU4L+HBQoqUxRE.3","action":"GetUpdates Response", "result":"Success", "context":Received 250 update(s). cV=n8OIc6ptjU4L+HBQoqUxRE.0;server=akswtt00300000l;cloudType=Consumer;environment=Prod_southeastasia_prod-s01-064-apac-southeastasia;migrationStage=NotStarted Some updates remain.}
{"logTime": "0911/164958", "correlationVector":"0i1kEpf87jHU6bSOqlx3GS","action":"Initial GetUpdates", "result":"", "context":Reason: NEWLY_SUPPORTED_DATATYPE. cV=0i1kEpf87jHU6bSOqlx3GS}
{"logTime": "0911/164959", "correlationVector":"0i1kEpf87jHU6bSOqlx3GS.1","action":"SyncServerConnectionManagerRequest", "result":"SYNC_SERVER_OK", "context":{"environment":"Prod_southeastasia_prod-s01-064-apac-southeastasia", "migrationStage":"NotStarted", "server":"akswtt003000004"}}
{"logTime": "0911/164959", "correlationVector":"0i1kEpf87jHU6bSOqlx3GS.2","action":"ProcessGetUpdates", "result":"Done", "context":{"dataType":"History", "deleted":"0", "process_failed_to_decrypt":"0", "process_pending_decryption":"0", "process_success":"250", "total":"250"}}
{"logTime": "0911/164959", "correlationVector":"0i1kEpf87jHU6bSOqlx3GS.3","action":"GetUpdates Response", "result":"Success", "context":Received 250 update(s). cV=0i1kEpf87jHU6bSOqlx3GS.0;server=akswtt003000004;cloudType=Consumer;environment=Prod_southeastasia_prod-s01-064-apac-southeastasia;migrationStage=NotStarted Some updates remain.}
{"logTime": "0911/164959", "correlationVector":"ZS/bak+9Y5gvYpoTixBLN7","action":"Initial GetUpdates", "result":"", "context":Reason: NEWLY_SUPPORTED_DATATYPE. cV=ZS/bak+9Y5gvYpoTixBLN7}
{"logTime": "0911/165000", "correlationVector":"ZS/bak+9Y5gvYpoTixBLN7.1","action":"SyncServerConnectionManagerRequest", "result":"SYNC_SERVER_OK", "context":{"environment":"Prod_southeastasia_prod-s01-064-apac-southeastasia", "migrationStage":"NotStarted", "server":"akswtt00300003y"}}
{"logTime": "0911/165000", "correlationVector":"ZS/bak+9Y5gvYpoTixBLN7.2","action":"ProcessGetUpdates", "result":"Done", "context":{"dataType":"History", "deleted":"0", "process_failed_to_decrypt":"0", "process_pending_decryption":"0", "process_success":"250", "total":"250"}}
{"logTime": "0911/165000", "correlationVector":"ZS/bak+9Y5gvYpoTixBLN7.3","action":"GetUpdates Response", "result":"Success", "context":Received 250 update(s). cV=ZS/bak+9Y5gvYpoTixBLN7.0;server=akswtt00300003y;cloudType=Consumer;environment=Prod_southeastasia_prod-s01-064-apac-southeastasia;migrationStage=NotStarted Some updates remain.}
{"logTime": "0911/165000", "correlationVector":"UlgFUrnyt11YGe+Dewhgkf","action":"Initial GetUpdates", "result":"", "context":Reason: NEWLY_SUPPORTED_DATATYPE. cV=UlgFUrnyt11YGe+Dewhgkf}
{"logTime": "0911/165001", "correlationVector":"UlgFUrnyt11YGe+Dewhgkf.1","action":"SyncServerConnectionManagerRequest", "result":"SYNC_SERVER_OK", "context":{"environment":"Prod_southeastasia_prod-s01-064-apac-southeastasia", "migrationStage":"NotStarted", "server":"akswtt00300003y"}}
{"logTime": "0911/165001", "correlationVector":"UlgFUrnyt11YGe+Dewhgkf.2","action":"ProcessGetUpdates", "result":"Done", "context":{"dataType":"History", "deleted":"0", "process_failed_to_decrypt":"0", "process_pending_decryption":"0", "process_success":"250", "total":"250"}}
{"logTime": "0911/165001", "correlationVector":"UlgFUrnyt11YGe+Dewhgkf.3","action":"GetUpdates Response", "result":"Success", "context":Received 250 update(s). cV=UlgFUrnyt11YGe+Dewhgkf.0;server=akswtt00300003y;cloudType=Consumer;environment=Prod_southeastasia_prod-s01-064-apac-southeastasia;migrationStage=NotStarted Some updates remain.}
{"logTime": "0911/165001", "correlationVector":"FrIsPJgYPlG8Tvp4+GY1i4","action":"Initial GetUpdates", "result":"", "context":Reason: NEWLY_SUPPORTED_DATATYPE. cV=FrIsPJgYPlG8Tvp4+GY1i4}
{"logTime": "0911/165002", "correlationVector":"FrIsPJgYPlG8Tvp4+GY1i4.1","action":"SyncServerConnectionManagerRequest", "result":"SYNC_SERVER_OK", "context":{"environment":"Prod_southeastasia_prod-s01-064-apac-southeastasia", "migrationStage":"NotStarted", "server":"akswtt00300003y"}}
{"logTime": "0911/165002", "correlationVector":"FrIsPJgYPlG8Tvp4+GY1i4.2","action":"ProcessGetUpdates", "result":"Done", "context":{"dataType":"History", "deleted":"0", "process_failed_to_decrypt":"0", "process_pending_decryption":"0", "process_success":"250", "total":"250"}}
{"logTime": "0911/165002", "correlationVector":"FrIsPJgYPlG8Tvp4+GY1i4.3","action":"GetUpdates Response", "result":"Success", "context":Received 250 update(s). cV=FrIsPJgYPlG8Tvp4+GY1i4.0;server=akswtt00300003y;cloudType=Consumer;environment=Prod_southeastasia_prod-s01-064-apac-southeastasia;migrationStage=NotStarted Some updates remain.}
{"logTime": "0911/165002", "correlationVector":"0V/Y29fgUiqW+fgO6efWR3","action":"Initial GetUpdates", "result":"", "context":Reason: NEWLY_SUPPORTED_DATATYPE. cV=0V/Y29fgUiqW+fgO6efWR3}
{"logTime": "0911/165003", "correlationVector":"0V/Y29fgUiqW+fgO6efWR3.1","action":"SyncServerConnectionManagerRequest", "result":"SYNC_SERVER_OK", "context":{"environment":"Prod_southeastasia_prod-s01-064-apac-southeastasia", "migrationStage":"NotStarted", "server":"akswtt003000003"}}
{"logTime": "0911/165003", "correlationVector":"0V/Y29fgUiqW+fgO6efWR3.2","action":"ProcessGetUpdates", "result":"Done", "context":{"dataType":"History", "deleted":"0", "process_failed_to_decrypt":"0", "process_pending_decryption":"0", "process_success":"250", "total":"250"}}
{"logTime": "0911/165003", "correlationVector":"0V/Y29fgUiqW+fgO6efWR3.3","action":"GetUpdates Response", "result":"Success", "context":Received 250 update(s). cV=0V/Y29fgUiqW+fgO6efWR3.0;server=akswtt003000003;cloudType=Consumer;environment=Prod_southeastasia_prod-s01-064-apac-southeastasia;migrationStage=NotStarted Some updates remain.}
{"logTime": "0911/165003", "correlationVector":"kalRo84+jA/lYpEZTPZCOJ","action":"Initial GetUpdates", "result":"", "context":Reason: NEWLY_SUPPORTED_DATATYPE. cV=kalRo84+jA/lYpEZTPZCOJ}
{"logTime": "0911/165003", "correlationVector":"kalRo84+jA/lYpEZTPZCOJ.1","action":"SyncServerConnectionManagerRequest", "result":"SYNC_SERVER_OK", "context":{"environment":"Prod_southeastasia_prod-s01-064-apac-southeastasia", "migrationStage":"NotStarted", "server":"akswtt003000000"}}
{"logTime": "0911/165003", "correlationVector":"kalRo84+jA/lYpEZTPZCOJ.2","action":"ProcessGetUpdates", "result":"Done", "context":{"dataType":"History", "deleted":"0", "process_failed_to_decrypt":"0", "process_pending_decryption":"0", "process_success":"250", "total":"250"}}
{"logTime": "0911/165003", "correlationVector":"kalRo84+jA/lYpEZTPZCOJ.3","action":"GetUpdates Response", "result":"Success", "context":Received 250 update(s). cV=kalRo84+jA/lYpEZTPZCOJ.0;server=akswtt003000000;cloudType=Consumer;environment=Prod_southeastasia_prod-s01-064-apac-southeastasia;migrationStage=NotStarted Some updates remain.}
{"logTime": "0911/165003", "correlationVector":"2MM1G51DxwNOM16bt8/+yJ","action":"Initial GetUpdates", "result":"", "context":Reason: NEWLY_SUPPORTED_DATATYPE. cV=2MM1G51DxwNOM16bt8/+yJ}
{"logTime": "0911/165005", "correlationVector":"2MM1G51DxwNOM16bt8/+yJ.1","action":"SyncServerConnectionManagerRequest", "result":"SYNC_SERVER_OK", "context":{"environment":"Prod_southeastasia_prod-s01-064-apac-southeastasia", "migrationStage":"NotStarted", "server":"akswtt00300002l"}}
{"logTime": "0911/165005", "correlationVector":"2MM1G51DxwNOM16bt8/+yJ.2","action":"ProcessGetUpdates", "result":"Done", "context":{"dataType":"History", "deleted":"0", "process_failed_to_decrypt":"0", "process_pending_decryption":"0", "process_success":"250", "total":"250"}}
{"logTime": "0911/165005", "correlationVector":"2MM1G51DxwNOM16bt8/+yJ.3","action":"GetUpdates Response", "result":"Success", "context":Received 250 update(s). cV=2MM1G51DxwNOM16bt8/+yJ.0;server=akswtt00300002l;cloudType=Consumer;environment=Prod_southeastasia_prod-s01-064-apac-southeastasia;migrationStage=NotStarted Some updates remain.}
{"logTime": "0911/165005", "correlationVector":"9cIqatTqm5ySge+BmXfRrd","action":"Initial GetUpdates", "result":"", "context":Reason: NEWLY_SUPPORTED_DATATYPE. cV=9cIqatTqm5ySge+BmXfRrd}
{"logTime": "0911/165006", "correlationVector":"9cIqatTqm5ySge+BmXfRrd.1","action":"SyncServerConnectionManagerRequest", "result":"SYNC_SERVER_OK", "context":{"environment":"Prod_southeastasia_prod-s01-064-apac-southeastasia", "migrationStage":"NotStarted", "server":"akswtt00300004o"}}
{"logTime": "0911/165006", "correlationVector":"9cIqatTqm5ySge+BmXfRrd.2","action":"ProcessGetUpdates", "result":"Done", "context":{"dataType":"History", "deleted":"0", "process_failed_to_decrypt":"0", "process_pending_decryption":"0", "process_success":"250", "total":"250"}}
{"logTime": "0911/165006", "correlationVector":"9cIqatTqm5ySge+BmXfRrd.3","action":"GetUpdates Response", "result":"Success", "context":Received 250 update(s). cV=9cIqatTqm5ySge+BmXfRrd.0;server=akswtt00300004o;cloudType=Consumer;environment=Prod_southeastasia_prod-s01-064-apac-southeastasia;migrationStage=NotStarted Some updates remain.}
{"logTime": "0911/165006", "correlationVector":"hVociyVnhKTJwu00aWBm7F","action":"Initial GetUpdates", "result":"", "context":Reason: NEWLY_SUPPORTED_DATATYPE. cV=hVociyVnhKTJwu00aWBm7F}
{"logTime": "0911/165006", "correlationVector":"hVociyVnhKTJwu00aWBm7F.1","action":"SyncServerConnectionManagerRequest", "result":"SYNC_SERVER_OK", "context":{"environment":"Prod_southeastasia_prod-s01-064-apac-southeastasia", "migrationStage":"NotStarted", "server":"akswtt00300003k"}}
{"logTime": "0911/165006", "correlationVector":"hVociyVnhKTJwu00aWBm7F.2","action":"ProcessGetUpdates", "result":"Done", "context":{"dataType":"History", "deleted":"0", "process_failed_to_decrypt":"0", "process_pending_decryption":"0", "process_success":"250", "total":"250"}}
{"logTime": "0911/165006", "correlationVector":"hVociyVnhKTJwu00aWBm7F.3","action":"GetUpdates Response", "result":"Success", "context":Received 250 update(s). cV=hVociyVnhKTJwu00aWBm7F.0;server=akswtt00300003k;cloudType=Consumer;environment=Prod_southeastasia_prod-s01-064-apac-southeastasia;migrationStage=NotStarted Some updates remain.}
{"logTime": "0911/165006", "correlationVector":"2AHjMwU4XLXxacc1HWF/1Y","action":"Initial GetUpdates", "result":"", "context":Reason: NEWLY_SUPPORTED_DATATYPE. cV=2AHjMwU4XLXxacc1HWF/1Y}
{"logTime": "0911/165007", "correlationVector":"2AHjMwU4XLXxacc1HWF/1Y.1","action":"SyncServerConnectionManagerRequest", "result":"SYNC_SERVER_OK", "context":{"environment":"Prod_southeastasia_prod-s01-065-apac-southeastasia", "migrationStage":"NotStarted", "server":"akswtt003000033"}}
{"logTime": "0911/165007", "correlationVector":"2AHjMwU4XLXxacc1HWF/1Y.2","action":"ProcessGetUpdates", "result":"Done", "context":{"dataType":"History", "deleted":"0", "process_failed_to_decrypt":"0", "process_pending_decryption":"0", "process_success":"250", "total":"250"}}
{"logTime": "0911/165007", "correlationVector":"2AHjMwU4XLXxacc1HWF/1Y.3","action":"GetUpdates Response", "result":"Success", "context":Received 250 update(s). cV=2AHjMwU4XLXxacc1HWF/1Y.0;server=akswtt003000033;cloudType=Consumer;environment=Prod_southeastasia_prod-s01-065-apac-southeastasia;migrationStage=NotStarted Some updates remain.}
{"logTime": "0911/165007", "correlationVector":"KM+2K74fRxCqEiR//1ZWmU","action":"Initial GetUpdates", "result":"", "context":Reason: NEWLY_SUPPORTED_DATATYPE. cV=KM+2K74fRxCqEiR//1ZWmU}
{"logTime": "0911/165008", "correlationVector":"KM+2K74fRxCqEiR//1ZWmU.1","action":"SyncServerConnectionManagerRequest", "result":"SYNC_SERVER_OK", "context":{"environment":"Prod_southeastasia_prod-s01-065-apac-southeastasia", "migrationStage":"NotStarted", "server":"akswtt00300000b"}}
{"logTime": "0911/165008", "correlationVector":"KM+2K74fRxCqEiR//1ZWmU.2","action":"ProcessGetUpdates", "result":"Done", "context":{"dataType":"History", "deleted":"0", "process_failed_to_decrypt":"0", "process_pending_decryption":"0", "process_success":"250", "total":"250"}}
{"logTime": "0911/165008", "correlationVector":"KM+2K74fRxCqEiR//1ZWmU.3","action":"GetUpdates Response", "result":"Success", "context":Received 250 update(s). cV=KM+2K74fRxCqEiR//1ZWmU.0;server=akswtt00300000b;cloudType=Consumer;environment=Prod_southeastasia_prod-s01-065-apac-southeastasia;migrationStage=NotStarted Some updates remain.}
{"logTime": "0911/165008", "correlationVector":"vG5J5+YMO25LNEf/hQ3Jbb","action":"Initial GetUpdates", "result":"", "context":Reason: NEWLY_SUPPORTED_DATATYPE. cV=vG5J5+YMO25LNEf/hQ3Jbb}
{"logTime": "0911/165009", "correlationVector":"vG5J5+YMO25LNEf/hQ3Jbb.1","action":"SyncServerConnectionManagerRequest", "result":"SYNC_SERVER_OK", "context":{"environment":"Prod_southeastasia_prod-s01-065-apac-southeastasia", "migrationStage":"NotStarted", "server":"akswtt00300004k"}}
{"logTime": "0911/165009", "correlationVector":"vG5J5+YMO25LNEf/hQ3Jbb.2","action":"ProcessGetUpdates", "result":"Done", "context":{"dataType":"History", "deleted":"0", "process_failed_to_decrypt":"0", "process_pending_decryption":"0", "process_success":"250", "total":"250"}}
{"logTime": "0911/165009", "correlationVector":"vG5J5+YMO25LNEf/hQ3Jbb.3","action":"GetUpdates Response", "result":"Success", "context":Received 250 update(s). cV=vG5J5+YMO25LNEf/hQ3Jbb.0;server=akswtt00300004k;cloudType=Consumer;environment=Prod_southeastasia_prod-s01-065-apac-southeastasia;migrationStage=NotStarted Some updates remain.}
{"logTime": "0911/165009", "correlationVector":"vLU2/bnD2QUokQNJ2NQ9hw","action":"Initial GetUpdates", "result":"", "context":Reason: NEWLY_SUPPORTED_DATATYPE. cV=vLU2/bnD2QUokQNJ2NQ9hw}
{"logTime": "0911/165010", "correlationVector":"vLU2/bnD2QUokQNJ2NQ9hw.1","action":"SyncServerConnectionManagerRequest", "result":"SYNC_SERVER_OK", "context":{"environment":"Prod_southeastasia_prod-s01-065-apac-southeastasia", "migrationStage":"NotStarted", "server":"akswtt00300004j"}}
{"logTime": "0911/165010", "correlationVector":"vLU2/bnD2QUokQNJ2NQ9hw.2","action":"ProcessGetUpdates", "result":"Done", "context":{"dataType":"History", "deleted":"0", "process_failed_to_decrypt":"0", "process_pending_decryption":"0", "process_success":"250", "total":"250"}}
{"logTime": "0911/165010", "correlationVector":"vLU2/bnD2QUokQNJ2NQ9hw.3","action":"GetUpdates Response", "result":"Success", "context":Received 250 update(s). cV=vLU2/bnD2QUokQNJ2NQ9hw.0;server=akswtt00300004j;cloudType=Consumer;environment=Prod_southeastasia_prod-s01-065-apac-southeastasia;migrationStage=NotStarted Some updates remain.}
{"logTime": "0911/165010", "correlationVector":"jCkaWye6qWPQ5XkPzJv0S1","action":"Initial GetUpdates", "result":"", "context":Reason: NEWLY_SUPPORTED_DATATYPE. cV=jCkaWye6qWPQ5XkPzJv0S1}
{"logTime": "0911/165011", "correlationVector":"jCkaWye6qWPQ5XkPzJv0S1.1","action":"SyncServerConnectionManagerRequest", "result":"SYNC_SERVER_OK", "context":{"environment":"Prod_southeastasia_prod-s01-065-apac-southeastasia", "migrationStage":"NotStarted", "server":"akswtt00300002p"}}
{"logTime": "0911/165011", "correlationVector":"jCkaWye6qWPQ5XkPzJv0S1.2","action":"ProcessGetUpdates", "result":"Done", "context":{"dataType":"History", "deleted":"0", "process_failed_to_decrypt":"0", "process_pending_decryption":"0", "process_success":"250", "total":"250"}}
{"logTime": "0911/165011", "correlationVector":"jCkaWye6qWPQ5XkPzJv0S1.3","action":"GetUpdates Response", "result":"Success", "context":Received 250 update(s). cV=jCkaWye6qWPQ5XkPzJv0S1.0;server=akswtt00300002p;cloudType=Consumer;environment=Prod_southeastasia_prod-s01-065-apac-southeastasia;migrationStage=NotStarted Some updates remain.}
{"logTime": "0911/165011", "correlationVector":"7I5TRztBdRjgeoxP/JcqPF","action":"Initial GetUpdates", "result":"", "context":Reason: NEWLY_SUPPORTED_DATATYPE. cV=7I5TRztBdRjgeoxP/JcqPF}
{"logTime": "0911/165012", "correlationVector":"7I5TRztBdRjgeoxP/JcqPF.1","action":"SyncServerConnectionManagerRequest", "result":"SYNC_SERVER_OK", "context":{"environment":"Prod_southeastasia_prod-s01-065-apac-southeastasia", "migrationStage":"NotStarted", "server":"akswtt003000023"}}
{"logTime": "0911/165012", "correlationVector":"7I5TRztBdRjgeoxP/JcqPF.2","action":"ProcessGetUpdates", "result":"Done", "context":{"dataType":"History", "deleted":"0", "process_failed_to_decrypt":"0", "process_pending_decryption":"0", "process_success":"250", "total":"250"}}
{"logTime": "0911/165012", "correlationVector":"7I5TRztBdRjgeoxP/JcqPF.3","action":"GetUpdates Response", "result":"Success", "context":Received 250 update(s). cV=7I5TRztBdRjgeoxP/JcqPF.0;server=akswtt003000023;cloudType=Consumer;environment=Prod_southeastasia_prod-s01-065-apac-southeastasia;migrationStage=NotStarted Some updates remain.}
{"logTime": "0911/165012", "correlationVector":"sgKHUzWUL/fIgwORZa4jE1","action":"Initial GetUpdates", "result":"", "context":Reason: NEWLY_SUPPORTED_DATATYPE. cV=sgKHUzWUL/fIgwORZa4jE1}
{"logTime": "0911/165013", "correlationVector":"sgKHUzWUL/fIgwORZa4jE1.1","action":"SyncServerConnectionManagerRequest", "result":"SYNC_SERVER_OK", "context":{"environment":"Prod_southeastasia_prod-s01-065-apac-southeastasia", "migrationStage":"NotStarted", "server":"akswtt00300004j"}}
{"logTime": "0911/165013", "correlationVector":"sgKHUzWUL/fIgwORZa4jE1.2","action":"ProcessGetUpdates", "result":"Done", "context":{"dataType":"History", "deleted":"0", "process_failed_to_decrypt":"0", "process_pending_decryption":"0", "process_success":"250", "total":"250"}}
{"logTime": "0911/165013", "correlationVector":"sgKHUzWUL/fIgwORZa4jE1.3","action":"GetUpdates Response", "result":"Success", "context":Received 250 update(s). cV=sgKHUzWUL/fIgwORZa4jE1.0;server=akswtt00300004j;cloudType=Consumer;environment=Prod_southeastasia_prod-s01-065-apac-southeastasia;migrationStage=NotStarted Some updates remain.}
{"logTime": "0911/165013", "correlationVector":"PlTrAE/A1zqYlFjpSqI4Py","action":"Initial GetUpdates", "result":"", "context":Reason: NEWLY_SUPPORTED_DATATYPE. cV=PlTrAE/A1zqYlFjpSqI4Py}
{"logTime": "0911/165014", "correlationVector":"PlTrAE/A1zqYlFjpSqI4Py.1","action":"SyncServerConnectionManagerRequest", "result":"SYNC_SERVER_OK", "context":{"environment":"Prod_southeastasia_prod-s01-065-apac-southeastasia", "migrationStage":"NotStarted", "server":"akswtt00300002w"}}
{"logTime": "0911/165014", "correlationVector":"PlTrAE/A1zqYlFjpSqI4Py.2","action":"ProcessGetUpdates", "result":"Done", "context":{"dataType":"History", "deleted":"0", "process_failed_to_decrypt":"0", "process_pending_decryption":"0", "process_success":"250", "total":"250"}}
{"logTime": "0911/165014", "correlationVector":"PlTrAE/A1zqYlFjpSqI4Py.3","action":"GetUpdates Response", "result":"Success", "context":Received 250 update(s). cV=PlTrAE/A1zqYlFjpSqI4Py.0;server=akswtt00300002w;cloudType=Consumer;environment=Prod_southeastasia_prod-s01-065-apac-southeastasia;migrationStage=NotStarted Some updates remain.}
{"logTime": "0911/165014", "correlationVector":"37Wb7IkrhvbJUhcgPL7QP6","action":"Initial GetUpdates", "result":"", "context":Reason: NEWLY_SUPPORTED_DATATYPE. cV=37Wb7IkrhvbJUhcgPL7QP6}
{"logTime": "0911/165016", "correlationVector":"37Wb7IkrhvbJUhcgPL7QP6.1","action":"SyncServerConnectionManagerRequest", "result":"SYNC_SERVER_OK", "context":{"environment":"Prod_southeastasia_prod-s01-065-apac-southeastasia", "migrationStage":"NotStarted", "server":"akswtt00300002w"}}
{"logTime": "0911/165016", "correlationVector":"37Wb7IkrhvbJUhcgPL7QP6.2","action":"ProcessGetUpdates", "result":"Done", "context":{"dataType":"History", "deleted":"0", "process_failed_to_decrypt":"0", "process_pending_decryption":"0", "process_success":"250", "total":"250"}}
{"logTime": "0911/165016", "correlationVector":"37Wb7IkrhvbJUhcgPL7QP6.3","action":"GetUpdates Response", "result":"Success", "context":Received 250 update(s). cV=37Wb7IkrhvbJUhcgPL7QP6.0;server=akswtt00300002w;cloudType=Consumer;environment=Prod_southeastasia_prod-s01-065-apac-southeastasia;migrationStage=NotStarted Some updates remain.}
{"logTime": "0911/165016", "correlationVector":"GBFZfJ4XvKcxW8wnMHqCom","action":"Initial GetUpdates", "result":"", "context":Reason: NEWLY_SUPPORTED_DATATYPE. cV=GBFZfJ4XvKcxW8wnMHqCom}
{"logTime": "0911/165016", "correlationVector":"GBFZfJ4XvKcxW8wnMHqCom.1","action":"SyncServerConnectionManagerRequest", "result":"SYNC_SERVER_OK", "context":{"environment":"Prod_southeastasia_prod-s01-065-apac-southeastasia", "migrationStage":"NotStarted", "server":"akswtt00300000k"}}
{"logTime": "0911/165016", "correlationVector":"GBFZfJ4XvKcxW8wnMHqCom.2","action":"ProcessGetUpdates", "result":"Done", "context":{"dataType":"History", "deleted":"0", "process_failed_to_decrypt":"0", "process_pending_decryption":"0", "process_success":"250", "total":"250"}}
{"logTime": "0911/165016", "correlationVector":"GBFZfJ4XvKcxW8wnMHqCom.3","action":"GetUpdates Response", "result":"Success", "context":Received 250 update(s). cV=GBFZfJ4XvKcxW8wnMHqCom.0;server=akswtt00300000k;cloudType=Consumer;environment=Prod_southeastasia_prod-s01-065-apac-southeastasia;migrationStage=NotStarted Some updates remain.}
{"logTime": "0911/165016", "correlationVector":"09Cm80VZg2ZZ7QiuoydwhQ","action":"Initial GetUpdates", "result":"", "context":Reason: NEWLY_SUPPORTED_DATATYPE. cV=09Cm80VZg2ZZ7QiuoydwhQ}
{"logTime": "0911/165017", "correlationVector":"09Cm80VZg2ZZ7QiuoydwhQ.1","action":"SyncServerConnectionManagerRequest", "result":"SYNC_SERVER_OK", "context":{"environment":"Prod_southeastasia_prod-s01-065-apac-southeastasia", "migrationStage":"NotStarted", "server":"akswtt00300004j"}}
{"logTime": "0911/165017", "correlationVector":"09Cm80VZg2ZZ7QiuoydwhQ.2","action":"ProcessGetUpdates", "result":"Done", "context":{"dataType":"History", "deleted":"0", "process_failed_to_decrypt":"0", "process_pending_decryption":"0", "process_success":"250", "total":"250"}}
{"logTime": "0911/165017", "correlationVector":"09Cm80VZg2ZZ7QiuoydwhQ.3","action":"GetUpdates Response", "result":"Success", "context":Received 250 update(s). cV=09Cm80VZg2ZZ7QiuoydwhQ.0;server=akswtt00300004j;cloudType=Consumer;environment=Prod_southeastasia_prod-s01-065-apac-southeastasia;migrationStage=NotStarted Some updates remain.}
{"logTime": "0911/165017", "correlationVector":"qw8+r0510ZWzXIzruLMWcA","action":"Initial GetUpdates", "result":"", "context":Reason: NEWLY_SUPPORTED_DATATYPE. cV=qw8+r0510ZWzXIzruLMWcA}
{"logTime": "0911/165018", "correlationVector":"qw8+r0510ZWzXIzruLMWcA.1","action":"SyncServerConnectionManagerRequest", "result":"SYNC_SERVER_OK", "context":{"environment":"Prod_southeastasia_prod-s01-065-apac-southeastasia", "migrationStage":"NotStarted", "server":"akswtt003000009"}}
{"logTime": "0911/165018", "correlationVector":"qw8+r0510ZWzXIzruLMWcA.2","action":"ProcessGetUpdates", "result":"Done", "context":{"dataType":"History", "deleted":"0", "process_failed_to_decrypt":"0", "process_pending_decryption":"0", "process_success":"250", "total":"250"}}
{"logTime": "0911/165018", "correlationVector":"qw8+r0510ZWzXIzruLMWcA.3","action":"GetUpdates Response", "result":"Success", "context":Received 250 update(s). cV=qw8+r0510ZWzXIzruLMWcA.0;server=akswtt003000009;cloudType=Consumer;environment=Prod_southeastasia_prod-s01-065-apac-southeastasia;migrationStage=NotStarted Some updates remain.}
{"logTime": "0911/165018", "correlationVector":"2j2u8t4p6mRiDpabzZPele","action":"Initial GetUpdates", "result":"", "context":Reason: NEWLY_SUPPORTED_DATATYPE. cV=2j2u8t4p6mRiDpabzZPele}
{"logTime": "0911/165020", "correlationVector":"2j2u8t4p6mRiDpabzZPele.1","action":"SyncServerConnectionManagerRequest", "result":"SYNC_SERVER_OK", "context":{"environment":"Prod_southeastasia_prod-s01-065-apac-southeastasia", "migrationStage":"NotStarted", "server":"akswtt003000008"}}
{"logTime": "0911/165020", "correlationVector":"2j2u8t4p6mRiDpabzZPele.2","action":"ProcessGetUpdates", "result":"Done", "context":{"dataType":"History", "deleted":"0", "process_failed_to_decrypt":"0", "process_pending_decryption":"0", "process_success":"250", "total":"250"}}
{"logTime": "0911/165020", "correlationVector":"2j2u8t4p6mRiDpabzZPele.3","action":"GetUpdates Response", "result":"Success", "context":Received 250 update(s). cV=2j2u8t4p6mRiDpabzZPele.0;server=akswtt003000008;cloudType=Consumer;environment=Prod_southeastasia_prod-s01-065-apac-southeastasia;migrationStage=NotStarted Some updates remain.}
{"logTime": "0911/165020", "correlationVector":"ex5s8BJq5+83fRfS3qrdt9","action":"Initial GetUpdates", "result":"", "context":Reason: NEWLY_SUPPORTED_DATATYPE. cV=ex5s8BJq5+83fRfS3qrdt9}
{"logTime": "0911/165021", "correlationVector":"ex5s8BJq5+83fRfS3qrdt9.1","action":"SyncServerConnectionManagerRequest", "result":"SYNC_SERVER_OK", "context":{"environment":"Prod_southeastasia_prod-s01-065-apac-southeastasia", "migrationStage":"NotStarted", "server":"akswtt003000039"}}
{"logTime": "0911/165021", "correlationVector":"ex5s8BJq5+83fRfS3qrdt9.2","action":"ProcessGetUpdates", "result":"Done", "context":{"dataType":"History", "deleted":"0", "process_failed_to_decrypt":"0", "process_pending_decryption":"0", "process_success":"250", "total":"250"}}
{"logTime": "0911/165021", "correlationVector":"ex5s8BJq5+83fRfS3qrdt9.3","action":"GetUpdates Response", "result":"Success", "context":Received 250 update(s). cV=ex5s8BJq5+83fRfS3qrdt9.0;server=akswtt003000039;cloudType=Consumer;environment=Prod_southeastasia_prod-s01-065-apac-southeastasia;migrationStage=NotStarted Some updates remain.}
{"logTime": "0911/165021", "correlationVector":"F73/ib0EbvfzeZhjON+YKr","action":"Initial GetUpdates", "result":"", "context":Reason: NEWLY_SUPPORTED_DATATYPE. cV=F73/ib0EbvfzeZhjON+YKr}
{"logTime": "0911/165022", "correlationVector":"F73/ib0EbvfzeZhjON+YKr.1","action":"SyncServerConnectionManagerRequest", "result":"SYNC_SERVER_OK", "context":{"environment":"Prod_southeastasia_prod-s01-065-apac-southeastasia", "migrationStage":"NotStarted", "server":"akswtt00300002j"}}
{"logTime": "0911/165022", "correlationVector":"F73/ib0EbvfzeZhjON+YKr.2","action":"ProcessGetUpdates", "result":"Done", "context":{"dataType":"History", "deleted":"0", "process_failed_to_decrypt":"0", "process_pending_decryption":"0", "process_success":"250", "total":"250"}}
{"logTime": "0911/165022", "correlationVector":"F73/ib0EbvfzeZhjON+YKr.3","action":"GetUpdates Response", "result":"Success", "context":Received 250 update(s). cV=F73/ib0EbvfzeZhjON+YKr.0;server=akswtt00300002j;cloudType=Consumer;environment=Prod_southeastasia_prod-s01-065-apac-southeastasia;migrationStage=NotStarted Some updates remain.}
{"logTime": "0911/165022", "correlationVector":"W1qcUw4AOTrW+A/PvEqBwd","action":"Initial GetUpdates", "result":"", "context":Reason: NEWLY_SUPPORTED_DATATYPE. cV=W1qcUw4AOTrW+A/PvEqBwd}
{"logTime": "0911/165023", "correlationVector":"W1qcUw4AOTrW+A/PvEqBwd.1","action":"SyncServerConnectionManagerRequest", "result":"SYNC_SERVER_OK", "context":{"environment":"Prod_southeastasia_prod-s01-065-apac-southeastasia", "migrationStage":"NotStarted", "server":"akswtt003000049"}}
{"logTime": "0911/165023", "correlationVector":"W1qcUw4AOTrW+A/PvEqBwd.2","action":"ProcessGetUpdates", "result":"Done", "context":{"dataType":"History", "deleted":"0", "process_failed_to_decrypt":"0", "process_pending_decryption":"0", "process_success":"250", "total":"250"}}
{"logTime": "0911/165023", "correlationVector":"W1qcUw4AOTrW+A/PvEqBwd.3","action":"GetUpdates Response", "result":"Success", "context":Received 250 update(s). cV=W1qcUw4AOTrW+A/PvEqBwd.0;server=akswtt003000049;cloudType=Consumer;environment=Prod_southeastasia_prod-s01-065-apac-southeastasia;migrationStage=NotStarted Some updates remain.}
{"logTime": "0911/165023", "correlationVector":"/YF0JJLTU1BFC8yqwxysWr","action":"Initial GetUpdates", "result":"", "context":Reason: NEWLY_SUPPORTED_DATATYPE. cV=/YF0JJLTU1BFC8yqwxysWr}
{"logTime": "0911/165024", "correlationVector":"/YF0JJLTU1BFC8yqwxysWr.1","action":"SyncServerConnectionManagerRequest", "result":"SYNC_SERVER_OK", "context":{"environment":"Prod_southeastasia_prod-s01-065-apac-southeastasia", "migrationStage":"NotStarted", "server":"akswtt00300003t"}}
{"logTime": "0911/165024", "correlationVector":"/YF0JJLTU1BFC8yqwxysWr.2","action":"ProcessGetUpdates", "result":"Done", "context":{"dataType":"History", "deleted":"0", "process_failed_to_decrypt":"0", "process_pending_decryption":"0", "process_success":"250", "total":"250"}}
{"logTime": "0911/165024", "correlationVector":"/YF0JJLTU1BFC8yqwxysWr.3","action":"GetUpdates Response", "result":"Success", "context":Received 250 update(s). cV=/YF0JJLTU1BFC8yqwxysWr.0;server=akswtt00300003t;cloudType=Consumer;environment=Prod_southeastasia_prod-s01-065-apac-southeastasia;migrationStage=NotStarted Some updates remain.}
{"logTime": "0911/165024", "correlationVector":"JSHnehMn4WZZtFneOUZ8tO","action":"Initial GetUpdates", "result":"", "context":Reason: NEWLY_SUPPORTED_DATATYPE. cV=JSHnehMn4WZZtFneOUZ8tO}
{"logTime": "0911/165025", "correlationVector":"JSHnehMn4WZZtFneOUZ8tO.1","action":"SyncServerConnectionManagerRequest", "result":"SYNC_SERVER_OK", "context":{"environment":"Prod_southeastasia_prod-s01-065-apac-southeastasia", "migrationStage":"NotStarted", "server":"akswtt00300002q"}}
{"logTime": "0911/165025", "correlationVector":"JSHnehMn4WZZtFneOUZ8tO.2","action":"ProcessGetUpdates", "result":"Done", "context":{"dataType":"History", "deleted":"0", "process_failed_to_decrypt":"0", "process_pending_decryption":"0", "process_success":"250", "total":"250"}}
{"logTime": "0911/165025", "correlationVector":"JSHnehMn4WZZtFneOUZ8tO.3","action":"GetUpdates Response", "result":"Success", "context":Received 250 update(s). cV=JSHnehMn4WZZtFneOUZ8tO.0;server=akswtt00300002q;cloudType=Consumer;environment=Prod_southeastasia_prod-s01-065-apac-southeastasia;migrationStage=NotStarted Some updates remain.}
{"logTime": "0911/165025", "correlationVector":"UYJTfrFr9AwGtqcVaPfzlZ","action":"Initial GetUpdates", "result":"", "context":Reason: NEWLY_SUPPORTED_DATATYPE. cV=UYJTfrFr9AwGtqcVaPfzlZ}
{"logTime": "0911/165027", "correlationVector":"UYJTfrFr9AwGtqcVaPfzlZ.1","action":"SyncServerConnectionManagerRequest", "result":"SYNC_SERVER_OK", "context":{"environment":"Prod_southeastasia_prod-s01-065-apac-southeastasia", "migrationStage":"NotStarted", "server":"akswtt003000008"}}
{"logTime": "0911/165027", "correlationVector":"UYJTfrFr9AwGtqcVaPfzlZ.2","action":"ProcessGetUpdates", "result":"Done", "context":{"dataType":"History", "deleted":"0", "process_failed_to_decrypt":"0", "process_pending_decryption":"0", "process_success":"250", "total":"250"}}
{"logTime": "0911/165027", "correlationVector":"UYJTfrFr9AwGtqcVaPfzlZ.3","action":"GetUpdates Response", "result":"Success", "context":Received 250 update(s). cV=UYJTfrFr9AwGtqcVaPfzlZ.0;server=akswtt003000008;cloudType=Consumer;environment=Prod_southeastasia_prod-s01-065-apac-southeastasia;migrationStage=NotStarted Some updates remain.}
{"logTime": "0911/165027", "correlationVector":"VJLJjNqqqawo4r/+c2IYLs","action":"Initial GetUpdates", "result":"", "context":Reason: NEWLY_SUPPORTED_DATATYPE. cV=VJLJjNqqqawo4r/+c2IYLs}
{"logTime": "0911/165028", "correlationVector":"VJLJjNqqqawo4r/+c2IYLs.1","action":"SyncServerConnectionManagerRequest", "result":"SYNC_SERVER_OK", "context":{"environment":"Prod_southeastasia_prod-s01-065-apac-southeastasia", "migrationStage":"NotStarted", "server":"akswtt003000049"}}
{"logTime": "0911/165028", "correlationVector":"VJLJjNqqqawo4r/+c2IYLs.2","action":"ProcessGetUpdates", "result":"Done", "context":{"dataType":"History", "deleted":"0", "process_failed_to_decrypt":"0", "process_pending_decryption":"0", "process_success":"250", "total":"250"}}
{"logTime": "0911/165028", "correlationVector":"VJLJjNqqqawo4r/+c2IYLs.3","action":"GetUpdates Response", "result":"Success", "context":Received 250 update(s). cV=VJLJjNqqqawo4r/+c2IYLs.0;server=akswtt003000049;cloudType=Consumer;environment=Prod_southeastasia_prod-s01-065-apac-southeastasia;migrationStage=NotStarted Some updates remain.}
{"logTime": "0911/165028", "correlationVector":"W2cNohWMv3Ct+6Ytbb4s8A","action":"Initial GetUpdates", "result":"", "context":Reason: NEWLY_SUPPORTED_DATATYPE. cV=W2cNohWMv3Ct+6Ytbb4s8A}
{"logTime": "0911/165029", "correlationVector":"W2cNohWMv3Ct+6Ytbb4s8A.1","action":"SyncServerConnectionManagerRequest", "result":"SYNC_SERVER_OK", "context":{"environment":"Prod_southeastasia_prod-s01-065-apac-southeastasia", "migrationStage":"NotStarted", "server":"akswtt003000008"}}
{"logTime": "0911/165029", "correlationVector":"W2cNohWMv3Ct+6Ytbb4s8A.2","action":"ProcessGetUpdates", "result":"Done", "context":{"dataType":"History", "deleted":"0", "process_failed_to_decrypt":"0", "process_pending_decryption":"0", "process_success":"250", "total":"250"}}
{"logTime": "0911/165029", "correlationVector":"W2cNohWMv3Ct+6Ytbb4s8A.3","action":"GetUpdates Response", "result":"Success", "context":Received 250 update(s). cV=W2cNohWMv3Ct+6Ytbb4s8A.0;server=akswtt003000008;cloudType=Consumer;environment=Prod_southeastasia_prod-s01-065-apac-southeastasia;migrationStage=NotStarted Some updates remain.}
{"logTime": "0911/165029", "correlationVector":"brA+6/jYr8DSfPYa3JAs4I","action":"Initial GetUpdates", "result":"", "context":Reason: NEWLY_SUPPORTED_DATATYPE. cV=brA+6/jYr8DSfPYa3JAs4I}
{"logTime": "0911/165030", "correlationVector":"brA+6/jYr8DSfPYa3JAs4I.1","action":"SyncServerConnectionManagerRequest", "result":"SYNC_SERVER_OK", "context":{"environment":"Prod_southeastasia_prod-s01-065-apac-southeastasia", "migrationStage":"NotStarted", "server":"akswtt00300000k"}}
{"logTime": "0911/165030", "correlationVector":"brA+6/jYr8DSfPYa3JAs4I.2","action":"ProcessGetUpdates", "result":"Done", "context":{"dataType":"History", "deleted":"0", "process_failed_to_decrypt":"0", "process_pending_decryption":"0", "process_success":"250", "total":"250"}}
{"logTime": "0911/165030", "correlationVector":"brA+6/jYr8DSfPYa3JAs4I.3","action":"GetUpdates Response", "result":"Success", "context":Received 250 update(s). cV=brA+6/jYr8DSfPYa3JAs4I.0;server=akswtt00300000k;cloudType=Consumer;environment=Prod_southeastasia_prod-s01-065-apac-southeastasia;migrationStage=NotStarted Some updates remain.}
{"logTime": "0911/165030", "correlationVector":"Gej9flEcr9lhdYMcSGmorQ","action":"Initial GetUpdates", "result":"", "context":Reason: NEWLY_SUPPORTED_DATATYPE. cV=Gej9flEcr9lhdYMcSGmorQ}
{"logTime": "0911/165031", "correlationVector":"Gej9flEcr9lhdYMcSGmorQ.1","action":"SyncServerConnectionManagerRequest", "result":"SYNC_SERVER_OK", "context":{"environment":"Prod_southeastasia_prod-s01-065-apac-southeastasia", "migrationStage":"NotStarted", "server":"akswtt00300002q"}}
{"logTime": "0911/165031", "correlationVector":"Gej9flEcr9lhdYMcSGmorQ.2","action":"ProcessGetUpdates", "result":"Done", "context":{"dataType":"History", "deleted":"0", "process_failed_to_decrypt":"0", "process_pending_decryption":"0", "process_success":"250", "total":"250"}}
{"logTime": "0911/165031", "correlationVector":"Gej9flEcr9lhdYMcSGmorQ.3","action":"GetUpdates Response", "result":"Success", "context":Received 250 update(s). cV=Gej9flEcr9lhdYMcSGmorQ.0;server=akswtt00300002q;cloudType=Consumer;environment=Prod_southeastasia_prod-s01-065-apac-southeastasia;migrationStage=NotStarted Some updates remain.}
{"logTime": "0911/165031", "correlationVector":"i2E8tUYztQHoorZeTtB6nM","action":"Initial GetUpdates", "result":"", "context":Reason: NEWLY_SUPPORTED_DATATYPE. cV=i2E8tUYztQHoorZeTtB6nM}
{"logTime": "0911/165032", "correlationVector":"i2E8tUYztQHoorZeTtB6nM.1","action":"SyncServerConnectionManagerRequest", "result":"SYNC_SERVER_OK", "context":{"environment":"Prod_southeastasia_prod-s01-065-apac-southeastasia", "migrationStage":"NotStarted", "server":"akswtt00300004k"}}
{"logTime": "0911/165032", "correlationVector":"i2E8tUYztQHoorZeTtB6nM.2","action":"ProcessGetUpdates", "result":"Done", "context":{"dataType":"History", "deleted":"0", "process_failed_to_decrypt":"0", "process_pending_decryption":"0", "process_success":"250", "total":"250"}}
{"logTime": "0911/165032", "correlationVector":"i2E8tUYztQHoorZeTtB6nM.3","action":"GetUpdates Response", "result":"Success", "context":Received 250 update(s). cV=i2E8tUYztQHoorZeTtB6nM.0;server=akswtt00300004k;cloudType=Consumer;environment=Prod_southeastasia_prod-s01-065-apac-southeastasia;migrationStage=NotStarted Some updates remain.}
{"logTime": "0911/165032", "correlationVector":"EdTm+yuf5CvGOttvOB2lnt","action":"Initial GetUpdates", "result":"", "context":Reason: NEWLY_SUPPORTED_DATATYPE. cV=EdTm+yuf5CvGOttvOB2lnt}
{"logTime": "0911/165033", "correlationVector":"EdTm+yuf5CvGOttvOB2lnt.1","action":"SyncServerConnectionManagerRequest", "result":"SYNC_SERVER_OK", "context":{"environment":"Prod_southeastasia_prod-s01-065-apac-southeastasia", "migrationStage":"NotStarted", "server":"akswtt003000009"}}
{"logTime": "0911/165033", "correlationVector":"EdTm+yuf5CvGOttvOB2lnt.2","action":"ProcessGetUpdates", "result":"Done", "context":{"dataType":"History", "deleted":"0", "process_failed_to_decrypt":"0", "process_pending_decryption":"0", "process_success":"250", "total":"250"}}
{"logTime": "0911/165033", "correlationVector":"EdTm+yuf5CvGOttvOB2lnt.3","action":"GetUpdates Response", "result":"Success", "context":Received 250 update(s). cV=EdTm+yuf5CvGOttvOB2lnt.0;server=akswtt003000009;cloudType=Consumer;environment=Prod_southeastasia_prod-s01-065-apac-southeastasia;migrationStage=NotStarted Some updates remain.}
{"logTime": "0911/165033", "correlationVector":"HLHlMF4SBtbKy56YLFQbZD","action":"Initial GetUpdates", "result":"", "context":Reason: NEWLY_SUPPORTED_DATATYPE. cV=HLHlMF4SBtbKy56YLFQbZD}
{"logTime": "0911/165034", "correlationVector":"HLHlMF4SBtbKy56YLFQbZD.1","action":"SyncServerConnectionManagerRequest", "result":"SYNC_SERVER_OK", "context":{"environment":"Prod_southeastasia_prod-s01-065-apac-southeastasia", "migrationStage":"NotStarted", "server":"akswtt00300001i"}}
{"logTime": "0911/165034", "correlationVector":"HLHlMF4SBtbKy56YLFQbZD.2","action":"ProcessGetUpdates", "result":"Done", "context":{"dataType":"History", "deleted":"0", "process_failed_to_decrypt":"0", "process_pending_decryption":"0", "process_success":"250", "total":"250"}}
{"logTime": "0911/165034", "correlationVector":"HLHlMF4SBtbKy56YLFQbZD.3","action":"GetUpdates Response", "result":"Success", "context":Received 250 update(s). cV=HLHlMF4SBtbKy56YLFQbZD.0;server=akswtt00300001i;cloudType=Consumer;environment=Prod_southeastasia_prod-s01-065-apac-southeastasia;migrationStage=NotStarted Some updates remain.}
{"logTime": "0911/165034", "correlationVector":"c18Jq/Uh82KNkjvTxYYAjt","action":"Initial GetUpdates", "result":"", "context":Reason: NEWLY_SUPPORTED_DATATYPE. cV=c18Jq/Uh82KNkjvTxYYAjt}
{"logTime": "0911/165035", "correlationVector":"c18Jq/Uh82KNkjvTxYYAjt.1","action":"SyncServerConnectionManagerRequest", "result":"SYNC_SERVER_OK", "context":{"environment":"Prod_southeastasia_prod-s01-065-apac-southeastasia", "migrationStage":"NotStarted", "server":"akswtt00300000h"}}
{"logTime": "0911/165035", "correlationVector":"c18Jq/Uh82KNkjvTxYYAjt.2","action":"ProcessGetUpdates", "result":"Done", "context":{"dataType":"History", "deleted":"0", "process_failed_to_decrypt":"0", "process_pending_decryption":"0", "process_success":"250", "total":"250"}}
{"logTime": "0911/165035", "correlationVector":"c18Jq/Uh82KNkjvTxYYAjt.3","action":"GetUpdates Response", "result":"Success", "context":Received 250 update(s). cV=c18Jq/Uh82KNkjvTxYYAjt.0;server=akswtt00300000h;cloudType=Consumer;environment=Prod_southeastasia_prod-s01-065-apac-southeastasia;migrationStage=NotStarted Some updates remain.}
{"logTime": "0911/165035", "correlationVector":"FfP+nIsG+N3rSlKWZOH5kl","action":"Initial GetUpdates", "result":"", "context":Reason: NEWLY_SUPPORTED_DATATYPE. cV=FfP+nIsG+N3rSlKWZOH5kl}
{"logTime": "0911/165036", "correlationVector":"FfP+nIsG+N3rSlKWZOH5kl.1","action":"SyncServerConnectionManagerRequest", "result":"SYNC_SERVER_OK", "context":{"environment":"Prod_southeastasia_prod-s01-065-apac-southeastasia", "migrationStage":"NotStarted", "server":"akswtt003000008"}}
{"logTime": "0911/165036", "correlationVector":"FfP+nIsG+N3rSlKWZOH5kl.2","action":"ProcessGetUpdates", "result":"Done", "context":{"dataType":"History", "deleted":"0", "process_failed_to_decrypt":"0", "process_pending_decryption":"0", "process_success":"250", "total":"250"}}
{"logTime": "0911/165036", "correlationVector":"FfP+nIsG+N3rSlKWZOH5kl.3","action":"GetUpdates Response", "result":"Success", "context":Received 250 update(s). cV=FfP+nIsG+N3rSlKWZOH5kl.0;server=akswtt003000008;cloudType=Consumer;environment=Prod_southeastasia_prod-s01-065-apac-southeastasia;migrationStage=NotStarted Some updates remain.}
{"logTime": "0911/165036", "correlationVector":"CoSx3OCGfLHg5VFoDFjoZH","action":"Initial GetUpdates", "result":"", "context":Reason: NEWLY_SUPPORTED_DATATYPE. cV=CoSx3OCGfLHg5VFoDFjoZH}
{"logTime": "0911/165036", "correlationVector":"CoSx3OCGfLHg5VFoDFjoZH.1","action":"SyncServerConnectionManagerRequest", "result":"SYNC_SERVER_OK", "context":{"environment":"Prod_southeastasia_prod-s01-065-apac-southeastasia", "migrationStage":"NotStarted", "server":"akswtt00300002u"}}
{"logTime": "0911/165036", "correlationVector":"CoSx3OCGfLHg5VFoDFjoZH.2","action":"ProcessGetUpdates", "result":"Done", "context":{"dataType":"History", "deleted":"0", "process_failed_to_decrypt":"0", "process_pending_decryption":"0", "process_success":"184", "total":"184"}}
{"logTime": "0911/165036", "correlationVector":"CoSx3OCGfLHg5VFoDFjoZH.3","action":"GetUpdates Response", "result":"Success", "context":Received 184 update(s). cV=CoSx3OCGfLHg5VFoDFjoZH.0;server=akswtt00300002u;cloudType=Consumer;environment=Prod_southeastasia_prod-s01-065-apac-southeastasia;migrationStage=NotStarted}
{"logTime": "0911/165037", "correlationVector":"N85F34faMltgD3K+wdXXyB","action":"Normal GetUpdate request", "result":"", "context":cV=N85F34faMltgD3K+wdXXyB
Nudged types: Passwords, Sessions, Device Info, User Consents
Refresh requested types: Bookmarks, Preferences, Passwords, Autofill Profiles, Autofill, Extensions, Sessions, Extension settings, History Delete Directives, Device Info, User Consents, Send Tab To Self, Web Apps, History, Saved Tab Group, WebAuthn Credentials, Edge Hub App Usage, Edge Workspace, Encryption Keys}
{"logTime": "0911/165037", "correlationVector":"N85F34faMltgD3K+wdXXyB.1","action":"SyncServerConnectionManagerRequest", "result":"SYNC_SERVER_OK", "context":{"environment":"Prod_southeastasia_prod-s01-065-apac-southeastasia", "migrationStage":"NotStarted", "server":"akswtt003000031"}}
{"logTime": "0911/165037", "correlationVector":"N85F34faMltgD3K+wdXXyB.2","action":"ProcessGetUpdates", "result":"Done", "context":{"dataType":"Passwords", "deleted":"0", "process_failed_to_decrypt":"0", "process_pending_decryption":"0", "process_success":"115", "total":"115"}}
{"logTime": "0911/165037", "correlationVector":"N85F34faMltgD3K+wdXXyB.3","action":"ProcessGetUpdates", "result":"Done", "context":{"dataType":"Device Info", "deleted":"0", "process_failed_to_decrypt":"0", "process_pending_decryption":"0", "process_success":"1", "total":"1"}}
{"logTime": "0911/165037", "correlationVector":"N85F34faMltgD3K+wdXXyB.4","action":"GetUpdates Response", "result":"Success", "context":Received 116 update(s). cV=N85F34faMltgD3K+wdXXyB.0;server=akswtt003000031;cloudType=Consumer;environment=Prod_southeastasia_prod-s01-065-apac-southeastasia;migrationStage=NotStarted}
{"logTime": "0911/165037", "correlationVector":"mzAZCAxBq3wLao7mle5Fol","action":"Commit Request", "result":"", "context":Item count: 40
Contributing types: Passwords}
{"logTime": "0911/165042", "correlationVector":"mzAZCAxBq3wLao7mle5Fol.1","action":"SyncServerConnectionManagerRequest", "result":"SYNC_SERVER_OK", "context":{"environment":"Prod_southeastasia_prod-s01-065-apac-southeastasia", "migrationStage":"NotStarted", "server":"akswtt003000000"}}
{"logTime": "0911/165042", "correlationVector":"mzAZCAxBq3wLao7mle5Fol.2","action":"Commit Response", "result":"Success", "context":Result: Success. cV=mzAZCAxBq3wLao7mle5Fol.0;server=akswtt003000000;cloudType=Consumer;environment=Prod_southeastasia_prod-s01-065-apac-southeastasia;migrationStage=NotStarted}
{"logTime": "0911/165042", "correlationVector":"SdnJl3A0GYLAiS6s6bGtmo","action":"Commit Request", "result":"", "context":Item count: 40
Contributing types: Passwords}
{"logTime": "0911/165046", "correlationVector":"SdnJl3A0GYLAiS6s6bGtmo.1","action":"SyncServerConnectionManagerRequest", "result":"SYNC_SERVER_OK", "context":{"environment":"Prod_southeastasia_prod-s01-065-apac-southeastasia", "migrationStage":"NotStarted", "server":"akswtt003000030"}}
{"logTime": "0911/165046", "correlationVector":"SdnJl3A0GYLAiS6s6bGtmo.2","action":"Commit Response", "result":"Success", "context":Result: Success. cV=SdnJl3A0GYLAiS6s6bGtmo.0;server=akswtt003000030;cloudType=Consumer;environment=Prod_southeastasia_prod-s01-065-apac-southeastasia;migrationStage=NotStarted}
{"logTime": "0911/165046", "correlationVector":"blaOaUhBk/+FMeJtDD4ya3","action":"Commit Request", "result":"", "context":Item count: 23
Contributing types: Passwords, Sessions, Device Info, User Consents}
{"logTime": "0911/165050", "correlationVector":"blaOaUhBk/+FMeJtDD4ya3.1","action":"SyncServerConnectionManagerRequest", "result":"SYNC_SERVER_OK", "context":{"environment":"Prod_southeastasia_prod-s01-065-apac-southeastasia", "migrationStage":"NotStarted", "server":"akswtt00300002j"}}
{"logTime": "0911/165050", "correlationVector":"blaOaUhBk/+FMeJtDD4ya3.2","action":"Commit Response", "result":"Success", "context":Result: Success. cV=blaOaUhBk/+FMeJtDD4ya3.0;server=akswtt00300002j;cloudType=Consumer;environment=Prod_southeastasia_prod-s01-065-apac-southeastasia;migrationStage=NotStarted}
