2026-09-11 16:48:38.652: [INFO] CurrentProfilePath: D:\work\wechatgame\.browser-profile-voice\Default
2026-09-11 16:48:38.652: [INFO] Profiles total count: 1
2026-09-11 16:48:38.652: [INFO] Profile: name=用户配置 1 path=D:\work\wechatgame\.browser-profile-voice\Default lastActive=null
2026-09-11 16:48:38.652: [INFO] LastUsedProfileDir: D:\work\wechatgame\.browser-profile-voice\Default
2026-09-11 16:48:38.652: [INFO] VisibilityChanged: 0
2026-09-11 16:48:38.677: [INFO] RecordSyncInitDuration has_sync_been_enabled: 0 state: 0
2026-09-11 16:48:38.678: [INFO] RecordSyncInitDuration has_sync_been_enabled: 0 state: 0
2026-09-11 16:48:38.679: [INFO] RecordSyncInitDuration has_sync_been_enabled: 0 state: 0
2026-09-11 16:48:38.680: [INFO] RecordSyncInitDuration has_sync_been_enabled: 0 state: 0
2026-09-11 16:48:38.681: [INFO] RecordSyncInitDuration has_sync_been_enabled: 0 state: 0
2026-09-11 16:48:38.682: [INFO] RecordSyncInitDuration has_sync_been_enabled: 0 state: 0
2026-09-11 16:48:38.683: [INFO] RecordSyncInitDuration has_sync_been_enabled: 0 state: 0
2026-09-11 16:48:38.684: [INFO] RecordSyncInitDuration has_sync_been_enabled: 0 state: 0
2026-09-11 16:48:38.684: [INFO] RecordSyncInitDuration has_sync_been_enabled: 0 state: 0
2026-09-11 16:48:38.685: [INFO] RecordSyncInitDuration has_sync_been_enabled: 0 state: 0
2026-09-11 16:48:38.698: [INFO] OnDoneLoading sync enabled: 0
2026-09-11 16:48:38.698: [INFO] BookmarkModelLoaded, ids_reassigned: 0
2026-09-11 16:48:38.698: [INFO] BookmarksLoadDropped droppedNodes=0
2026-09-11 16:48:38.698: [INFO] BookmarksSnapshot Startup total=0 bar=0 other=0 mobile=0 showBar=0 showBarNTP=1
2026-09-11 16:48:38.764: [INFO] RecordSyncInitDuration has_sync_been_enabled: 0 state: 0
2026-09-11 16:48:40.708: [INFO] RecordSyncInitDuration has_sync_been_enabled: 0 state: 0
2026-09-11 16:48:40.711: [INFO] RecordSyncInitDuration has_sync_been_enabled: 0 state: 3
2026-09-11 16:48:40.713: [INFO] Primary account changed.
2026-09-11 16:48:40.713: [INFO] OnPrimaryAccountChanged PrimaryAccountChangeEvent::Type::kSet
2026-09-11 16:48:40.719: [INFO] RecordSyncInitDuration has_sync_been_enabled: 0 state: 3
2026-09-11 16:48:40.732: [INFO] RecordSyncInitDuration has_sync_been_enabled: 0 state: 3
2026-09-11 16:49:06.918: [INFO] BookmarkNodeAdded, ABU: 0
2026-09-11 16:49:06.920: [INFO] BookmarkNodeAdded, ABU: 0
2026-09-11 16:49:06.920: [INFO] BookmarkNodeAdded, ABU: 0
2026-09-11 16:49:06.920: [INFO] BookmarkNodeAdded, ABU: 0
2026-09-11 16:49:06.921: [INFO] BookmarkNodeAdded, ABU: 0
2026-09-11 16:49:06.921: [INFO] BookmarkNodeAdded, ABU: 0
2026-09-11 16:49:06.921: [INFO] BookmarkNodeAdded, ABU: 0
2026-09-11 16:49:06.922: [INFO] BookmarkNodeAdded, ABU: 0
2026-09-11 16:49:06.922: [INFO] BookmarkNodeAdded, ABU: 0
2026-09-11 16:49:06.922: [INFO] BookmarkNodeAdded, ABU: 0
2026-09-11 16:49:06.922: [INFO] BookmarkNodeAdded, ABU: 0
2026-09-11 16:49:06.923: [INFO] BookmarkNodeAdded, ABU: 0
2026-09-11 16:49:06.923: [INFO] BookmarkNodeAdded, ABU: 0
2026-09-11 16:49:06.923: [INFO] BookmarkNodeAdded, ABU: 0
2026-09-11 16:49:06.923: [INFO] BookmarkNodeAdded, ABU: 0
2026-09-11 16:49:06.923: [INFO] BookmarkNodeAdded, ABU: 0
2026-09-11 16:49:06.923: [INFO] BookmarkNodeAdded, ABU: 0
2026-09-11 16:49:06.924: [INFO] BookmarkNodeAdded, ABU: 0
2026-09-11 16:49:06.924: [INFO] BookmarkNodeAdded, ABU: 0
2026-09-11 16:49:06.924: [INFO] BookmarkNodeAdded, ABU: 0
2026-09-11 16:49:06.924: [INFO] BookmarkNodeAdded, ABU: 0
2026-09-11 16:49:06.925: [INFO] BookmarkNodeAdded, ABU: 0
2026-09-11 16:49:06.925: [INFO] BookmarkNodeAdded, ABU: 0
2026-09-11 16:49:06.925: [INFO] BookmarkNodeAdded, ABU: 0
2026-09-11 16:49:06.926: [INFO] BookmarkNodeAdded, ABU: 0
2026-09-11 16:49:06.926: [INFO] BookmarkNodeAdded, ABU: 0
2026-09-11 16:49:06.926: [INFO] BookmarkNodeAdded, ABU: 0
2026-09-11 16:49:06.927: [INFO] BookmarkNodeAdded, ABU: 0
2026-09-11 16:49:06.927: [INFO] BookmarkNodeAdded, ABU: 0
2026-09-11 16:49:06.927: [INFO] BookmarkNodeAdded, ABU: 0
2026-09-11 16:49:06.928: [INFO] BookmarkNodeAdded, ABU: 0
2026-09-11 16:49:06.928: [INFO] BookmarkNodeAdded, ABU: 0
2026-09-11 16:49:06.928: [INFO] BookmarkNodeAdded, ABU: 0
2026-09-11 16:49:06.929: [INFO] BookmarkNodeAdded, ABU: 0
2026-09-11 16:49:06.929: [INFO] BookmarkNodeAdded, ABU: 0
2026-09-11 16:49:06.929: [INFO] BookmarkNodeAdded, ABU: 0
2026-09-11 16:49:06.930: [INFO] BookmarkNodeAdded, ABU: 0
2026-09-11 16:49:06.930: [INFO] BookmarkNodeAdded, ABU: 0
2026-09-11 16:49:06.930: [INFO] BookmarkNodeAdded, ABU: 0
2026-09-11 16:49:06.931: [INFO] BookmarkNodeAdded, ABU: 0
2026-09-11 16:49:06.931: [INFO] BookmarkNodeAdded, ABU: 0
2026-09-11 16:49:06.932: [INFO] BookmarkNodeAdded, ABU: 0
2026-09-11 16:49:06.932: [INFO] BookmarkNodeAdded, ABU: 0
2026-09-11 16:49:06.932: [INFO] BookmarkNodeAdded, ABU: 0
2026-09-11 16:49:06.933: [INFO] BookmarkNodeAdded, ABU: 0
2026-09-11 16:49:06.933: [INFO] BookmarkNodeAdded, ABU: 0
2026-09-11 16:49:06.934: [INFO] BookmarkNodeAdded, ABU: 0
2026-09-11 16:49:06.934: [INFO] BookmarkNodeAdded, ABU: 0
2026-09-11 16:49:06.934: [INFO] BookmarkNodeAdded, ABU: 0
2026-09-11 16:49:06.935: [INFO] BookmarkNodeAdded, ABU: 0
2026-09-11 16:49:06.935: [INFO] BookmarkNodeAdded, ABU: 0
2026-09-11 16:49:06.936: [INFO] BookmarkNodeAdded, ABU: 0
2026-09-11 16:49:06.936: [INFO] BookmarkNodeAdded, ABU: 0
2026-09-11 16:49:06.936: [INFO] BookmarkNodeAdded, ABU: 0
2026-09-11 16:49:06.936: [INFO] BookmarkNodeAdded, ABU: 0
2026-09-11 16:49:06.937: [INFO] BookmarkNodeAdded, ABU: 0
2026-09-11 16:49:06.937: [INFO] BookmarkNodeAdded, ABU: 0
2026-09-11 16:49:06.937: [INFO] BookmarkNodeAdded, ABU: 0
2026-09-11 16:49:06.937: [INFO] BookmarkNodeAdded, ABU: 0
2026-09-11 16:49:06.938: [INFO] BookmarkNodeAdded, ABU: 0
2026-09-11 16:49:06.938: [INFO] BookmarkNodeAdded, ABU: 0
2026-09-11 16:49:06.938: [INFO] BookmarkNodeAdded, ABU: 0
2026-09-11 16:49:06.938: [INFO] BookmarkNodeAdded, ABU: 0
2026-09-11 16:49:06.939: [INFO] BookmarkNodeAdded, ABU: 0
2026-09-11 16:49:06.939: [INFO] BookmarkNodeAdded, ABU: 0
2026-09-11 16:49:06.939: [INFO] BookmarkNodeAdded, ABU: 0
2026-09-11 16:49:06.939: [INFO] BookmarkNodeAdded, ABU: 0
2026-09-11 16:49:06.940: [INFO] BookmarkNodeAdded, ABU: 0
2026-09-11 16:49:06.940: [INFO] BookmarkNodeAdded, ABU: 0
2026-09-11 16:49:06.940: [INFO] BookmarkNodeAdded, ABU: 0
2026-09-11 16:49:06.940: [INFO] BookmarkNodeAdded, ABU: 0
2026-09-11 16:49:06.941: [INFO] BookmarkNodeAdded, ABU: 0
2026-09-11 16:49:06.941: [INFO] BookmarkNodeAdded, ABU: 0
2026-09-11 16:49:06.941: [INFO] BookmarkNodeAdded, ABU: 0
2026-09-11 16:49:06.942: [INFO] BookmarkNodeAdded, ABU: 0
2026-09-11 16:49:06.942: [INFO] BookmarkNodeAdded, ABU: 0
2026-09-11 16:49:06.942: [INFO] BookmarkNodeAdded, ABU: 0
2026-09-11 16:49:06.942: [INFO] BookmarkNodeAdded, ABU: 0
2026-09-11 16:49:06.943: [INFO] BookmarkNodeAdded, ABU: 0
2026-09-11 16:49:06.943: [INFO] BookmarkNodeAdded, ABU: 0
2026-09-11 16:49:06.943: [INFO] BookmarkNodeAdded, ABU: 0
2026-09-11 16:49:06.944: [INFO] BookmarkNodeAdded, ABU: 0
2026-09-11 16:49:06.944: [INFO] BookmarkNodeAdded, ABU: 0
2026-09-11 16:49:06.944: [INFO] BookmarkNodeAdded, ABU: 0
2026-09-11 16:49:06.945: [INFO] BookmarkNodeAdded, ABU: 0
2026-09-11 16:49:06.945: [INFO] BookmarkNodeAdded, ABU: 0
2026-09-11 16:49:06.945: [INFO] BookmarkNodeAdded, ABU: 0
2026-09-11 16:49:06.945: [INFO] BookmarkNodeAdded, ABU: 0
2026-09-11 16:49:06.946: [INFO] BookmarkNodeAdded, ABU: 0
2026-09-11 16:49:06.946: [INFO] BookmarkNodeAdded, ABU: 0
2026-09-11 16:49:06.946: [INFO] BookmarkNodeAdded, ABU: 0
2026-09-11 16:49:06.946: [INFO] BookmarkNodeAdded, ABU: 0
2026-09-11 16:49:06.946: [INFO] BookmarkNodeAdded, ABU: 0
2026-09-11 16:49:06.947: [INFO] BookmarkNodeAdded, ABU: 0
2026-09-11 16:49:06.947: [INFO] BookmarkNodeAdded, ABU: 0
2026-09-11 16:49:06.947: [INFO] BookmarkNodeAdded, ABU: 0
2026-09-11 16:49:06.947: [INFO] BookmarkNodeAdded, ABU: 0
2026-09-11 16:49:06.948: [INFO] BookmarkNodeAdded, ABU: 0
2026-09-11 16:49:06.948: [INFO] BookmarkNodeAdded, ABU: 0
2026-09-11 16:49:06.948: [INFO] BookmarkNodeAdded, ABU: 0
2026-09-11 16:49:06.949: [INFO] BookmarkNodeAdded, ABU: 0
2026-09-11 16:49:06.949: [INFO] BookmarkNodeAdded, ABU: 0
2026-09-11 16:49:06.950: [INFO] BookmarkNodeAdded, ABU: 0
2026-09-11 16:49:06.950: [INFO] BookmarkNodeAdded, ABU: 0
2026-09-11 16:49:06.950: [INFO] BookmarkNodeAdded, ABU: 0
2026-09-11 16:49:06.950: [INFO] BookmarkNodeAdded, ABU: 0
2026-09-11 16:49:06.951: [INFO] BookmarkNodeAdded, ABU: 0
2026-09-11 16:49:06.951: [INFO] BookmarkNodeAdded, ABU: 0
2026-09-11 16:49:06.951: [INFO] BookmarkNodeAdded, ABU: 0
2026-09-11 16:49:06.951: [INFO] BookmarkNodeAdded, ABU: 0
2026-09-11 16:49:06.952: [INFO] BookmarkNodeAdded, ABU: 0
2026-09-11 16:49:06.952: [INFO] BookmarkNodeAdded, ABU: 0
2026-09-11 16:49:06.952: [INFO] BookmarkNodeAdded, ABU: 0
2026-09-11 16:49:06.952: [INFO] BookmarkNodeAdded, ABU: 0
2026-09-11 16:49:06.953: [INFO] BookmarkNodeAdded, ABU: 0
2026-09-11 16:49:06.953: [INFO] BookmarkNodeAdded, ABU: 0
2026-09-11 16:49:06.953: [INFO] BookmarkNodeAdded, ABU: 0
2026-09-11 16:49:06.953: [INFO] BookmarkNodeAdded, ABU: 0
2026-09-11 16:49:06.954: [INFO] BookmarkNodeAdded, ABU: 0
2026-09-11 16:49:06.954: [INFO] BookmarkNodeAdded, ABU: 0
2026-09-11 16:49:06.954: [INFO] BookmarkNodeAdded, ABU: 0
2026-09-11 16:49:06.955: [INFO] BookmarkNodeAdded, ABU: 0
2026-09-11 16:49:06.955: [INFO] BookmarkNodeAdded, ABU: 0
2026-09-11 16:49:06.955: [INFO] BookmarkNodeAdded, ABU: 0
2026-09-11 16:49:06.955: [INFO] BookmarkNodeAdded, ABU: 0
2026-09-11 16:49:06.956: [INFO] BookmarkNodeAdded, ABU: 0
2026-09-11 16:49:06.956: [INFO] BookmarkNodeAdded, ABU: 0
2026-09-11 16:49:06.957: [INFO] BookmarkNodeAdded, ABU: 0
2026-09-11 16:49:06.957: [INFO] BookmarkNodeAdded, ABU: 0
2026-09-11 16:49:06.957: [INFO] BookmarkNodeAdded, ABU: 0
2026-09-11 16:49:06.957: [INFO] BookmarkNodeAdded, ABU: 0
2026-09-11 16:49:06.958: [INFO] BookmarkNodeAdded, ABU: 0
2026-09-11 16:49:06.958: [INFO] BookmarkNodeAdded, ABU: 0
2026-09-11 16:49:06.958: [INFO] BookmarkNodeAdded, ABU: 0
2026-09-11 16:49:06.958: [INFO] BookmarkNodeAdded, ABU: 0
2026-09-11 16:49:06.959: [INFO] BookmarkNodeAdded, ABU: 0
2026-09-11 16:49:06.959: [INFO] BookmarkNodeAdded, ABU: 0
2026-09-11 16:49:06.959: [INFO] BookmarkNodeAdded, ABU: 0
2026-09-11 16:49:06.959: [INFO] BookmarkNodeAdded, ABU: 0
2026-09-11 16:49:06.960: [INFO] BookmarkNodeAdded, ABU: 0
2026-09-11 16:49:06.960: [INFO] BookmarkNodeAdded, ABU: 0
2026-09-11 16:49:06.960: [INFO] BookmarkNodeAdded, ABU: 0
2026-09-11 16:49:06.960: [INFO] BookmarkNodeAdded, ABU: 0
2026-09-11 16:49:06.961: [INFO] BookmarkNodeAdded, ABU: 0
2026-09-11 16:49:06.962: [INFO] BookmarkNodeAdded, ABU: 0
2026-09-11 16:49:06.962: [INFO] BookmarkNodeAdded, ABU: 0
2026-09-11 16:49:06.962: [INFO] BookmarkNodeAdded, ABU: 0
2026-09-11 16:49:06.963: [INFO] BookmarkNodeAdded, ABU: 0
2026-09-11 16:49:06.963: [INFO] BookmarkNodeAdded, ABU: 0
2026-09-11 16:49:06.964: [INFO] BookmarkNodeAdded, ABU: 0
2026-09-11 16:49:06.964: [INFO] BookmarkNodeAdded, ABU: 0
2026-09-11 16:49:06.964: [INFO] BookmarkNodeAdded, ABU: 0
2026-09-11 16:49:06.965: [INFO] BookmarkNodeAdded, ABU: 0
2026-09-11 16:49:06.965: [INFO] BookmarkNodeAdded, ABU: 0
2026-09-11 16:49:06.965: [INFO] BookmarkNodeAdded, ABU: 0
2026-09-11 16:49:06.966: [INFO] BookmarkNodeAdded, ABU: 0
2026-09-11 16:49:06.966: [INFO] BookmarkNodeAdded, ABU: 0
2026-09-11 16:49:06.966: [INFO] BookmarkNodeAdded, ABU: 0
2026-09-11 16:49:06.967: [INFO] BookmarkNodeAdded, ABU: 0
2026-09-11 16:49:06.967: [INFO] BookmarkNodeAdded, ABU: 0
2026-09-11 16:49:06.968: [INFO] BookmarkNodeAdded, ABU: 0
2026-09-11 16:49:06.968: [INFO] BookmarkNodeAdded, ABU: 0
2026-09-11 16:49:06.968: [INFO] BookmarkNodeAdded, ABU: 0
2026-09-11 16:49:06.969: [INFO] BookmarkNodeAdded, ABU: 0
2026-09-11 16:49:06.969: [INFO] BookmarkNodeAdded, ABU: 0
2026-09-11 16:49:06.969: [INFO] BookmarkNodeAdded, ABU: 0
2026-09-11 16:49:06.970: [INFO] BookmarkNodeAdded, ABU: 0
2026-09-11 16:49:06.970: [INFO] BookmarkNodeAdded, ABU: 0
2026-09-11 16:49:06.970: [INFO] BookmarkNodeAdded, ABU: 0
2026-09-11 16:49:06.971: [INFO] BookmarkNodeAdded, ABU: 0
2026-09-11 16:49:06.971: [INFO] BookmarkNodeAdded, ABU: 0
2026-09-11 16:49:06.971: [INFO] BookmarkNodeAdded, ABU: 0
2026-09-11 16:49:06.972: [INFO] BookmarkNodeAdded, ABU: 0
2026-09-11 16:49:06.972: [INFO] BookmarkNodeAdded, ABU: 0
2026-09-11 16:49:06.972: [INFO] BookmarkNodeAdded, ABU: 0
2026-09-11 16:49:06.972: [INFO] BookmarkNodeAdded, ABU: 0
2026-09-11 16:49:06.973: [INFO] BookmarkNodeAdded, ABU: 0
2026-09-11 16:49:06.973: [INFO] BookmarkNodeAdded, ABU: 0
2026-09-11 16:49:06.974: [INFO] BookmarkNodeAdded, ABU: 0
2026-09-11 16:49:06.974: [INFO] BookmarkNodeAdded, ABU: 0
2026-09-11 16:49:06.974: [INFO] BookmarkNodeAdded, ABU: 0
2026-09-11 16:49:06.975: [INFO] BookmarkNodeAdded, ABU: 0
2026-09-11 16:49:06.975: [INFO] BookmarkNodeAdded, ABU: 0
2026-09-11 16:49:06.975: [INFO] BookmarkNodeAdded, ABU: 0
2026-09-11 16:49:06.976: [INFO] BookmarkNodeAdded, ABU: 0
2026-09-11 16:49:06.976: [INFO] BookmarkNodeAdded, ABU: 0
2026-09-11 16:49:06.976: [INFO] BookmarkNodeAdded, ABU: 0
2026-09-11 16:49:06.976: [INFO] BookmarkNodeAdded, ABU: 0
2026-09-11 16:49:06.977: [INFO] BookmarkNodeAdded, ABU: 0
2026-09-11 16:49:06.977: [INFO] BookmarkNodeAdded, ABU: 0
2026-09-11 16:49:06.977: [INFO] BookmarkNodeAdded, ABU: 0
2026-09-11 16:49:06.978: [INFO] BookmarkNodeAdded, ABU: 0
2026-09-11 16:49:06.978: [INFO] BookmarkNodeAdded, ABU: 0
2026-09-11 16:49:06.978: [INFO] BookmarkNodeAdded, ABU: 0
2026-09-11 16:49:06.978: [INFO] BookmarkNodeAdded, ABU: 0
2026-09-11 16:49:06.979: [INFO] BookmarkNodeAdded, ABU: 0
2026-09-11 16:49:06.979: [INFO] BookmarkNodeAdded, ABU: 0
2026-09-11 16:49:06.980: [INFO] BookmarkNodeAdded, ABU: 0
2026-09-11 16:49:06.980: [INFO] BookmarkNodeAdded, ABU: 0
2026-09-11 16:49:06.981: [INFO] BookmarkNodeAdded, ABU: 0
2026-09-11 16:49:06.981: [INFO] BookmarkNodeAdded, ABU: 0
2026-09-11 16:49:06.981: [INFO] BookmarkNodeAdded, ABU: 0
2026-09-11 16:49:06.981: [INFO] BookmarkNodeAdded, ABU: 0
2026-09-11 16:49:06.982: [INFO] BookmarkNodeAdded, ABU: 0
2026-09-11 16:49:06.982: [INFO] BookmarkNodeAdded, ABU: 0
2026-09-11 16:49:06.982: [INFO] BookmarkNodeAdded, ABU: 0
2026-09-11 16:49:06.983: [INFO] BookmarkNodeAdded, ABU: 0
2026-09-11 16:49:06.983: [INFO] BookmarkNodeAdded, ABU: 0
2026-09-11 16:49:06.983: [INFO] BookmarkNodeAdded, ABU: 0
2026-09-11 16:49:06.984: [INFO] BookmarkNodeAdded, ABU: 0
2026-09-11 16:49:06.984: [INFO] BookmarkNodeAdded, ABU: 0
2026-09-11 16:49:06.984: [INFO] BookmarkNodeAdded, ABU: 0
2026-09-11 16:49:06.984: [INFO] BookmarkNodeAdded, ABU: 0
2026-09-11 16:49:06.985: [INFO] BookmarkNodeAdded, ABU: 0
2026-09-11 16:49:07.005: [INFO] BookmarkBarPrefChanged showBar=0 showBarNTP=1
2026-09-11 16:50:36.984: [INFO] Sync initialization duration: 116127ms
